2026-04-28 10:20:29.064  1038-1139  InputManager-JNI        system_server                        D  !@interceptKeyBeforeQueueing(0), action=1, interactive=true
2026-04-28 10:20:29.064  1038-1139  WindowManager           system_server                        D  interceptKeyTq interceptKeyResult=1
2026-04-28 10:20:29.064  1038-1139  InputManager-JNI        system_server                        D  !@handleInterceptActions(0), action=1, wmActions=0
2026-04-28 10:20:29.065  1038-3302  InputDispatcher         system_server                        D  Inject motion (19965/2000): action=0x0, time=342876905000000, f=0x0, d=0 dsdx=1.000000 dtdx=0.000000
2026-04-28 10:20:29.066  3127-3127  N0                      com.sec.android.sdhms                I  limitGPUFreq:: freq = -1
2026-04-28 10:20:29.066   686-719   HYPER-HAL               ven...amsung.hardware.hyper-service  I  [RequestManager.cpp]releaseLocked(): Released ID : 4903150
2026-04-28 10:20:29.067  1038-1187  InputDispatcher         system_server                        I  Delivering touch to (1447): action: 0x4, f=0x0, d=0, '2a3306a', t=1 
2026-04-28 10:20:29.067  1038-1187  InputDispatcher         system_server                        I  Delivering touch to (20483): action: 0x0, f=0x0, d=0, '1271229', t=1 
2026-04-28 10:20:29.069  3127-3127  N0                      com.sec.android.sdhms                I  limitCPUFreq:: freq = -1
2026-04-28 10:20:29.069 20483-20483 View                    com.citymapper.app.release           I  setRequestedFrameRate frameRate=-4.0, this=android.webkit.WebView{43affb9 VFEDHVC.. ........ 0,0-1080,2185 #7f0b0b04 app:id/web_view}, caller=WV.zf.p:1 WV.zg.h:117 WV.zg.onDraw:7 com.android.webview.chromium.WebViewChromium.onDraw:19 android.webkit.WebView.onDraw:2959 
2026-04-28 10:20:29.071   686-719   HYPER-HAL               ven...amsung.hardware.hyper-service  I  [RequestManager.cpp]releaseLocked(): Released ID : 4896887
2026-04-28 10:20:29.072  1038-1060  GestureDetector         system_server                        I  obtain mCurrentDownEvent. id: -650381900 caller: com.android.server.wm.SystemGesturesPointerEventListener.onPointerEvent:17 com.android.server.wm.PointerEventDispatcher.onInputEvent:51 android.view.InputEventReceiver.dispatchInputEvent:385 
2026-04-28 10:20:29.072 20483-20483 VRI[Single...y]@3ee197f com.citymapper.app.release           I  ViewPostIme pointer 0
2026-04-28 10:20:29.072  1038-1060  GestureDetector         system_server                        I  obtain mCurrentDownEvent. id: -650381900 caller: com.android.server.wm.SystemPerformancePointerEventListener.onPointerEvent:13 com.android.server.wm.PointerEventDispatcher.onInputEvent:51 android.view.InputEventReceiver.dispatchInputEvent:385 
2026-04-28 10:20:29.073  1038-1060  GestureDetector         system_server                        I  obtain mCurrentMotionEventRaw. action: 2 id: -751222679
2026-04-28 10:20:29.074  1038-1060  GestureDetector         system_server                        I  obtain mCurrentMotionEventRaw. action: 2 id: -751222679
2026-04-28 10:20:29.075  3127-3127  SemDvfsHyPerManager     com.sec.android.sdhms                I  acquire hyper - GovernorExynos850_CstateLevel/3127@20, type = -999
2026-04-28 10:20:29.076   686-719   HYPER-HAL               ven...amsung.hardware.hyper-service  I  [RequestManager.cpp]acquire(): Acquired ID : 4953398  [3127 / 20]    HINT :      list : [LPMDisableLevel / 1] [TIMEOUT / 700] 
2026-04-28 10:20:29.081   697-20036 ExynosVideoEncoder      sam...hardware.media.c2@1.2-service  D  [Encoder_DynamicFrameRate] old ts : 342876917459, cur ts : 342876901315, old fps : 62, cur fps : 57
2026-04-28 10:20:29.085 20483-20483 View                    com.citymapper.app.release           I  setRequestedFrameRate frameRate=-4.0, this=android.webkit.WebView{43affb9 VFEDHVC.. ........ 0,0-1080,2185 #7f0b0b04 app:id/web_view}, caller=WV.zf.p:1 WV.zg.h:117 WV.zg.onDraw:7 com.android.webview.chromium.WebViewChromium.onDraw:19 android.webkit.WebView.onDraw:2959 
2026-04-28 10:20:29.091   697-20036 ExynosVideoEncoder      sam...hardware.media.c2@1.2-service  D  [Encoder_DynamicFrameRate] old ts : 342876933971, cur ts : 342876917459, old fps : 61, cur fps : 62
2026-04-28 10:20:29.102 20483-20483 View                    com.citymapper.app.release           I  setRequestedFrameRate frameRate=-4.0, this=android.webkit.WebView{43affb9 VFEDHVC.. ........ 0,0-1080,2185 #7f0b0b04 app:id/web_view}, caller=WV.zf.p:1 WV.zg.h:117 WV.zg.onDraw:7 com.android.webview.chromium.WebViewChromium.onDraw:19 android.webkit.WebView.onDraw:2959 
2026-04-28 10:20:29.107   697-20036 ExynosVideoEncoder      sam...hardware.media.c2@1.2-service  D  [Encoder_DynamicFrameRate] old ts : 342876950035, cur ts : 342876933971, old fps : 62, cur fps : 61
2026-04-28 10:20:29.118 20483-20483 View                    com.citymapper.app.release           I  setRequestedFrameRate frameRate=-4.0, this=android.webkit.WebView{43affb9 VFEDHVC.. ........ 0,0-1080,2185 #7f0b0b04 app:id/web_view}, caller=WV.zf.p:1 WV.zg.h:117 WV.zg.onDraw:7 com.android.webview.chromium.WebViewChromium.onDraw:19 android.webkit.WebView.onDraw:2959 
2026-04-28 10:20:29.123   697-20036 ExynosVideoEncoder      sam...hardware.media.c2@1.2-service  D  [Encoder_DynamicFrameRate] old ts : 342876966965, cur ts : 342876950035, old fps : 59, cur fps : 62
2026-04-28 10:20:29.137 20483-20483 View                    com.citymapper.app.release           I  setRequestedFrameRate frameRate=-4.0, this=android.webkit.WebView{43affb9 VFEDHVC.. ........ 0,0-1080,2185 #7f0b0b04 app:id/web_view}, caller=WV.zf.p:1 WV.zg.h:117 WV.zg.onDraw:7 com.android.webview.chromium.WebViewChromium.onDraw:19 android.webkit.WebView.onDraw:2959 
2026-04-28 10:20:29.140   697-20036 ExynosVideoEncoder      sam...hardware.media.c2@1.2-service  D  [Encoder_DynamicFrameRate] old ts : 342876983744, cur ts : 342876966965, old fps : 60, cur fps : 59
2026-04-28 10:20:29.152 20483-20483 View                    com.citymapper.app.release           I  setRequestedFrameRate frameRate=-4.0, this=android.webkit.WebView{43affb9 VFEDHVC.. ........ 0,0-1080,2185 #7f0b0b04 app:id/web_view}, caller=WV.zf.p:1 WV.zg.h:117 WV.zg.onDraw:7 com.android.webview.chromium.WebViewChromium.onDraw:19 android.webkit.WebView.onDraw:2959 
2026-04-28 10:20:29.158   697-20036 ExynosVideoEncoder      sam...hardware.media.c2@1.2-service  D  [Encoder_DynamicFrameRate] old ts : 342877001347, cur ts : 342876983744, old fps : 57, cur fps : 60
2026-04-28 10:20:29.163  3127-3127  SemDvfsHyPerManager     com.sec.android.sdhms                I  acquire hyper - GovernorExynos850_CstateLevel/3127@20, type = -999
2026-04-28 10:20:29.163   686-719   HYPER-HAL               ven...amsung.hardware.hyper-service  I  [RequestManager.cpp]acquire(): Acquired ID : 4953398  [3127 / 20]    HINT :      list : [LPMDisableLevel / 1] [TIMEOUT / 700] 
2026-04-28 10:20:29.169 20483-20483 View                    com.citymapper.app.release           I  setRequestedFrameRate frameRate=-4.0, this=android.webkit.WebView{43affb9 VFEDHVC.. ........ 0,0-1080,2185 #7f0b0b04 app:id/web_view}, caller=WV.zf.p:1 WV.zg.h:117 WV.zg.onDraw:7 com.android.webview.chromium.WebViewChromium.onDraw:19 android.webkit.WebView.onDraw:2959 
2026-04-28 10:20:29.174   697-20036 ExynosVideoEncoder      sam...hardware.media.c2@1.2-service  D  [Encoder_DynamicFrameRate] old ts : 342877017375, cur ts : 342877001347, old fps : 62, cur fps : 57
2026-04-28 10:20:29.185 20483-20483 View                    com.citymapper.app.release           I  setRequestedFrameRate frameRate=-4.0, this=android.webkit.WebView{43affb9 VFEDHVC.. ........ 0,0-1080,2185 #7f0b0b04 app:id/web_view}, caller=WV.zf.p:1 WV.zg.h:117 WV.zg.onDraw:7 com.android.webview.chromium.WebViewChromium.onDraw:19 android.webkit.WebView.onDraw:2959 
2026-04-28 10:20:29.190   697-20036 ExynosVideoEncoder      sam...hardware.media.c2@1.2-service  D  [Encoder_DynamicFrameRate] old ts : 342877033644, cur ts : 342877017375, old fps : 61, cur fps : 62
2026-04-28 10:20:29.202 20483-20483 View                    com.citymapper.app.release           I  setRequestedFrameRate frameRate=-4.0, this=android.webkit.WebView{43affb9 VFEDHVC.. ........ 0,0-1080,2185 #7f0b0b04 app:id/web_view}, caller=WV.zf.p:1 WV.zg.h:117 WV.zg.onDraw:7 com.android.webview.chromium.WebViewChromium.onDraw:19 android.webkit.WebView.onDraw:2959 
2026-04-28 10:20:29.208   697-20036 ExynosVideoEncoder      sam...hardware.media.c2@1.2-service  D  [Encoder_DynamicFrameRate] old ts : 342877051166, cur ts : 342877033644, old fps : 57, cur fps : 61
2026-04-28 10:20:29.214  1038-3302  InputDispatcher         system_server                        D  Inject motion (19965/2000): action=0x1, time=342877060000000, f=0x0, d=0 dsdx=1.000000 dtdx=0.000000
2026-04-28 10:20:29.214  1038-1187  InputDispatcher         system_server                        I  Delivering touch to (20483): action: 0x1, f=0x0, d=0, '1271229', t=1 
2026-04-28 10:20:29.216 20483-20483 VRI[Single...y]@3ee197f com.citymapper.app.release           I  ViewPostIme pointer 1
2026-04-28 10:20:29.216 19965-20013 BufferPoolAccessor2.0   app_process                          D  bufferpool2 0xb400006f01891c28 : 4(15360 size) total buffers - 4(15360 size) used buffers - 0/5 (recycle/alloc) - 4/51621 (fetch/transfer)
2026-04-28 10:20:29.217  1038-1038  SemDvfsHyPerManager     system_server                        I  acquire hyper - SMOOTH_SCROLL/1038@20, type = -999
2026-04-28 10:20:29.218  1038-1038  SemDvfsHyPerManager     system_server                        I  acquire hyper - GESTURE_DETECTED/1038@21, type = -999
2026-04-28 10:20:29.218  1038-1038  SemDvfsHyPerManager     system_server                        I  acquire hyper - GESTURE_DETECTED/1038@21, type = -999
2026-04-28 10:20:29.218   686-719   HYPER-HAL               ven...amsung.hardware.hyper-service  I  [RequestManager.cpp]acquire(): Acquired ID : 560231  [1038 / 20]    HINT : SMOOTH_SCROLL    list : 
2026-04-28 10:20:29.220   686-719   HYPER-HAL               ven...amsung.hardware.hyper-service  I  [RequestManager.cpp]releaseLocked(): Released ID : 560231
2026-04-28 10:20:29.220   686-719   HYPER-HAL               ven...amsung.hardware.hyper-service  I  [RequestManager.cpp]acquire(): Acquired ID : 561291  [1038 / 21]    HINT : GESTURE_DETECTED    list : [TIMEOUT / 1758] 
2026-04-28 10:20:29.221   686-719   HYPER-HAL               ven...amsung.hardware.hyper-service  I  [RequestManager.cpp]acquire(): Acquired ID : 561291  [1038 / 21]    HINT : GESTURE_DETECTED    list : [TIMEOUT / 1758] 
2026-04-28 10:20:29.225   805-8244  CameraService           cameraserver                         I  onUidStateChanged: uid=10268, procState is changed. (6 -> 10)
2026-04-28 10:20:29.225 20483-20483 View                    com.citymapper.app.release           I  setRequestedFrameRate frameRate=-4.0, this=android.webkit.WebView{43affb9 VFEDHVC.. ........ 0,0-1080,2185 #7f0b0b04 app:id/web_view}, caller=WV.zf.p:1 WV.zg.h:117 WV.zg.onDraw:7 com.android.webview.chromium.WebViewChromium.onDraw:19 android.webkit.WebView.onDraw:2959 
2026-04-28 10:20:29.227   697-20036 ExynosVideoEncoder      sam...hardware.media.c2@1.2-service  D  [Encoder_DynamicFrameRate] old ts : 342877067079, cur ts : 342877051166, old fps : 63, cur fps : 57
2026-04-28 10:20:29.231  1038-2070  InputDispatcher         system_server                        D  Inject motion (19965/2000): action=0x9, time=342877077000000, f=0x0, d=0 dsdx=1.000000 dtdx=0.000000
2026-04-28 10:20:29.232  1038-1187  InputDispatcher         system_server                        I  Delivering touch to (20483): action: 0x9, f=0x0, d=0, '1271229', t=1 
2026-04-28 10:20:29.233   723-22266 APM_AudioPolicyManager  audioserver                          V  setAppState(portId:6547, state:2)
2026-04-28 10:20:29.234  1038-1187  PowerManagerService     system_server                        D  [api] userActivityFromNative : other, HOVER displayId=0 eventTime=342877077
2026-04-28 10:20:29.234   805-945   CameraService           cameraserver                         I  onUidStateChanged: uid=10268, procState is changed. (10 -> 6)
2026-04-28 10:20:29.235   723-22266 APM_AudioPolicyManager  audioserver                          V  setAppState(portId:6547, state:2)
2026-04-28 10:20:29.235   723-22266 APM_AudioPolicyManager  audioserver                          V  setAppState(portId:6547, state:2)
2026-04-28 10:20:29.236   723-22266 APM_AudioPolicyManager  audioserver                          V  setAppState(portId:6547, state:2)
2026-04-28 10:20:29.239  1038-1187  InputDispatcher         system_server                        I  Canceling stream: last source was TOUCHSCREEN | STYLUS and new event is MotionEvent
2026-04-28 10:20:29.239  1038-1187  InputDispatcher         system_server                        I  Canceling pointers for device -1 in [Gesture Monitor] secinputdev (server) with event MotionEvent
2026-04-28 10:20:29.239  1038-1187  InputDispatcher         system_server                        I  Canceling stream: last source was TOUCHSCREEN | STYLUS and new event is MotionEvent
2026-04-28 10:20:29.239  1038-1187  InputDispatcher         system_server                        I  Canceling pointers for device -1 in [Gesture Monitor] PalmMotion (server) with event MotionEvent
2026-04-28 10:20:29.240  1038-1187  InputDispatcher         system_server                        I  Canceling stream: last source was TOUCHSCREEN | STYLUS and new event is MotionEvent
2026-04-28 10:20:29.240  1038-1187  InputDispatcher         system_server                        I  Canceling pointers for device -1 in 1271229 com.citymapper.app.release/com.citymapper.app.SingleFragmentActivity (server) with event MotionEvent
2026-04-28 10:20:29.240  1038-1187  InputDispatcher         system_server                        I  Delivering touch to (20483): action: 0xa, f=0x0, d=0, '1271229', t=1 
2026-04-28 10:20:29.240  1038-1187  InputDispatcher         system_server                        I  Delivering touch to (20483): action: 0x9, f=0x0, d=0, '1271229', t=1 
2026-04-28 10:20:29.240  1038-1187  InputDispatcher         system_server                        I  Canceling stream: last source was TOUCHSCREEN | STYLUS and new event is MotionEvent
2026-04-28 10:20:29.240  1038-1187  InputDispatcher         system_server                        I  Canceling pointers for device -1 in PointerEventDispatcher0 (server) with event MotionEvent
2026-04-28 10:20:29.240 20483-20483 View                    com.citymapper.app.release           I  setRequestedFrameRate frameRate=-4.0, this=android.webkit.WebView{43affb9 VFEDHVC.. ........ 0,0-1080,2185 #7f0b0b04 app:id/web_view}, caller=WV.zf.p:1 WV.zg.h:117 WV.zg.onDraw:7 com.android.webview.chromium.WebViewChromium.onDraw:19 android.webkit.WebView.onDraw:2959 
2026-04-28 10:20:29.241   697-20036 ExynosVideoEncoder      sam...hardware.media.c2@1.2-service  D  [Encoder_DynamicFrameRate] old ts : 342877084595, cur ts : 342877067079, old fps : 57, cur fps : 63
2026-04-28 10:20:29.245  1038-1187  InputDispatcher         system_server                        I  Delivering touch to (20483): action: 0x9, f=0x0, d=0, '1271229', t=1 
2026-04-28 10:20:29.251 20483-20483 VRI[Single...y]@3ee197f com.citymapper.app.release           I  updatePointerIcon : PointerIcon{type=NOT_SPECIFIED, hotspotX=0.0, hotspotY=0.0}
2026-04-28 10:20:29.252  1038-1139  PointerChoreographer    system_server                        W  Invalid device id -1. Cannot set pointer icon.
2026-04-28 10:20:29.255 20483-20483 VRI[Single...y]@3ee197f com.citymapper.app.release           I  updatePointerIcon : PointerIcon{type=ARROW, hotspotX=0.0, hotspotY=0.0}
2026-04-28 10:20:29.256  1038-3293  PointerChoreographer    system_server                        W  Invalid device id -1. Cannot set pointer icon.
2026-04-28 10:20:29.258 20483-20483 VRI[Single...y]@3ee197f com.citymapper.app.release           I  updatePointerIcon : PointerIcon{type=ARROW, hotspotX=0.0, hotspotY=0.0}
2026-04-28 10:20:29.258  1038-3293  PointerChoreographer    system_server                        W  Invalid device id -1. Cannot set pointer icon.
2026-04-28 10:20:29.262 20483-20483 View                    com.citymapper.app.release           I  setRequestedFrameRate frameRate=-4.0, this=android.webkit.WebView{43affb9 VFEDHVC.. ........ 0,0-1080,2185 #7f0b0b04 app:id/web_view}, caller=WV.zf.p:1 WV.zg.h:117 WV.zg.onDraw:7 com.android.webview.chromium.WebViewChromium.onDraw:19 android.webkit.WebView.onDraw:2959 
2026-04-28 10:20:29.271 20483-20483 View                    com.citymapper.app.release           I  setRequestedFrameRate frameRate=-4.0, this=android.webkit.WebView{43affb9 VFEDHVC.. ........ 0,0-1080,2185 #7f0b0b04 app:id/web_view}, caller=WV.zf.p:1 WV.zg.h:117 WV.zg.onDraw:7 com.android.webview.chromium.WebViewChromium.onDraw:19 android.webkit.WebView.onDraw:2959 
2026-04-28 10:20:29.274   697-20036 ExynosVideoEncoder      sam...hardware.media.c2@1.2-service  D  [Encoder_DynamicFrameRate] old ts : 342877116745, cur ts : 342877084595, old fps : 31, cur fps : 57
2026-04-28 10:20:29.286 20483-20483 VRI[Single...y]@3ee197f com.citymapper.app.release           I  updatePointerIcon : PointerIcon{type=TEXT, hotspotX=0.0, hotspotY=0.0}
2026-04-28 10:20:29.287  1038-3531  PointerChoreographer    system_server                        W  Invalid device id -1. Cannot set pointer icon.
2026-04-28 10:20:29.291 20483-20483 View                    com.citymapper.app.release           I  setRequestedFrameRate frameRate=-4.0, this=android.webkit.WebView{43affb9 VFEDHVC.. ........ 0,0-1080,2185 #7f0b0b04 app:id/web_view}, caller=WV.zf.p:1 WV.zg.h:117 WV.zg.onDraw:7 com.android.webview.chromium.WebViewChromium.onDraw:19 android.webkit.WebView.onDraw:2959 
2026-04-28 10:20:29.291   697-20036 ExynosVideoEncoder      sam...hardware.media.c2@1.2-service  D  [Encoder_DynamicFrameRate] old ts : 342877134176, cur ts : 342877116745, old fps : 57, cur fps : 31
2026-04-28 10:20:29.300 16675-16841 msys                    com.instagram.android                E  E[N mns:DGWClient]_OnDiskCacheGetData(1091)=>Start post callback cache refresh DNS resolution
2026-04-28 10:20:29.301  3127-3264  N0                      com.sec.android.sdhms                I  limitGPUFreq:: freq = 865000
2026-04-28 10:20:29.306  3127-3264  SemDvfsHyPerManager     com.sec.android.sdhms                I  acquire hyper - SIOP_GPU_FREQ_MAX/3127@4, type = 536875010
2026-04-28 10:20:29.306  3127-3264  N0                      com.sec.android.sdhms                I  limitCPUFreq:: freq = 1846000
2026-04-28 10:20:29.306  3127-3264  SemDvfsHyPerManager     com.sec.android.sdhms                I  acquire hyper - SIOP_ARM_MAX/3127@2, type = 301993986
2026-04-28 10:20:29.307   686-719   HYPER-HAL               ven...amsung.hardware.hyper-service  I  [RequestManager.cpp]acquire(): Acquired ID : 4903150  [3127 / 4]    HINT :      list : [GPUMaxFreq / 865000] 
2026-04-28 10:20:29.307  1038-1386  NetdEventL...nerService system_server                        D  DNS Requested by 524, 10288(com.instagram.android), 4(FAIL), isBlocked=true, 0ms
2026-04-28 10:20:29.307   686-719   HYPER-HAL               ven...amsung.hardware.hyper-service  I  [RequestManager.cpp]acquire(): Acquired ID : 4896887  [3127 / 2]    HINT :      list : [CPUMaxFreq / 1846000] 
2026-04-28 10:20:29.309   697-20036 ExynosVideoEncoder      sam...hardware.media.c2@1.2-service  D  [Encoder_DynamicFrameRate] old ts : 342877151196, cur ts : 342877134176, old fps : 59, cur fps : 57
2026-04-28 10:20:29.309 20483-20483 View                    com.citymapper.app.release           I  setRequestedFrameRate frameRate=-4.0, this=android.webkit.WebView{43affb9 VFEDHVC.. ........ 0,0-1080,2185 #7f0b0b04 app:id/web_view}, caller=WV.zf.p:1 WV.zg.h:117 WV.zg.onDraw:7 com.android.webview.chromium.WebViewChromium.onDraw:19 android.webkit.WebView.onDraw:2959 
2026-04-28 10:20:29.310 16675-16841 msys                    com.instagram.android                E  E[N mns:DGWClient]_LogError(280)=>Failed to resolve using system DNS resolver, getaddrinfo(): No address associated with hostname
2026-04-28 10:20:29.322 20483-20483 View                    com.citymapper.app.release           I  setRequestedFrameRate frameRate=-4.0, this=android.webkit.WebView{43affb9 VFEDHVC.. ........ 0,0-1080,2185 #7f0b0b04 app:id/web_view}, caller=WV.zf.p:1 WV.zg.h:117 WV.zg.onDraw:7 com.android.webview.chromium.WebViewChromium.onDraw:19 android.webkit.WebView.onDraw:2959 
2026-04-28 10:20:29.323   697-20036 ExynosVideoEncoder      sam...hardware.media.c2@1.2-service  D  [Encoder_DynamicFrameRate] old ts : 342877166565, cur ts : 342877151196, old fps : 65, cur fps : 59
2026-04-28 10:20:29.336 20483-20483 View                    com.citymapper.app.release           I  setRequestedFrameRate frameRate=-4.0, this=android.webkit.WebView{43affb9 VFEDHVC.. ........ 0,0-1080,2185 #7f0b0b04 app:id/web_view}, caller=WV.zf.p:1 WV.zg.h:117 WV.zg.onDraw:7 com.android.webview.chromium.WebViewChromium.onDraw:19 android.webkit.WebView.onDraw:2959 
2026-04-28 10:20:29.341   697-20036 ExynosVideoEncoder      sam...hardware.media.c2@1.2-service  D  [Encoder_DynamicFrameRate] old ts : 342877185171, cur ts : 342877166565, old fps : 54, cur fps : 65
2026-04-28 10:20:29.353 20483-20483 View                    com.citymapper.app.release           I  setRequestedFrameRate frameRate=-4.0, this=android.webkit.WebView{43affb9 VFEDHVC.. ........ 0,0-1080,2185 #7f0b0b04 app:id/web_view}, caller=WV.zf.p:1 WV.zg.h:117 WV.zg.onDraw:7 com.android.webview.chromium.WebViewChromium.onDraw:19 android.webkit.WebView.onDraw:2959 
2026-04-28 10:20:29.357   697-20036 ExynosVideoEncoder      sam...hardware.media.c2@1.2-service  D  [Encoder_DynamicFrameRate] old ts : 342877200357, cur ts : 342877185171, old fps : 66, cur fps : 54
2026-04-28 10:20:29.364 20483-20483 VRI[Single...y]@3ee197f com.citymapper.app.release           I  updatePointerIcon : PointerIcon{type=ARROW, hotspotX=0.0, hotspotY=0.0}
2026-04-28 10:20:29.365  1038-3531  PointerChoreographer    system_server                        W  Invalid device id -1. Cannot set pointer icon.
2026-04-28 10:20:29.370 20483-20483 View                    com.citymapper.app.release           I  setRequestedFrameRate frameRate=-4.0, this=android.webkit.WebView{43affb9 VFEDHVC.. ........ 0,0-1080,2185 #7f0b0b04 app:id/web_view}, caller=WV.zf.p:1 WV.zg.h:117 WV.zg.onDraw:7 com.android.webview.chromium.WebViewChromium.onDraw:19 android.webkit.WebView.onDraw:2959 
2026-04-28 10:20:29.375   697-20036 ExynosVideoEncoder      sam...hardware.media.c2@1.2-service  D  [Encoder_DynamicFrameRate] old ts : 342877217914, cur ts : 342877200357, old fps : 57, cur fps : 66
2026-04-28 10:20:29.386 20483-20483 View                    com.citymapper.app.release           I  setRequestedFrameRate frameRate=-4.0, this=android.webkit.WebView{43affb9 VFEDHVC.. ........ 0,0-1080,2185 #7f0b0b04 app:id/web_view}, caller=WV.zf.p:1 WV.zg.h:117 WV.zg.onDraw:7 com.android.webview.chromium.WebViewChromium.onDraw:19 android.webkit.WebView.onDraw:2959 
2026-04-28 10:20:29.390   862-947   bauth_FPBAuthService    ven...iometrics.fingerprint-service  I  pcf : 0x1012, 0 ,2 ,0 ,0 ,0 ,2, 8.0.0.3
2026-04-28 10:20:29.390   862-947   bauth_FPBAuthService    ven...iometrics.fingerprint-service  I  thread id : 2, preenroll_flag : 0, nd cnt : 1, cso : 0, et : 0
2026-04-28 10:20:29.390   862-947   bauth_FPBAuthService    ven...iometrics.fingerprint-service  I  FPBAuthService::timerHandler complete
2026-04-28 10:20:29.390   697-20036 ExynosVideoEncoder      sam...hardware.media.c2@1.2-service  D  [Encoder_DynamicFrameRate] old ts : 342877233887, cur ts : 342877217914, old fps : 63, cur fps : 57
2026-04-28 10:20:29.397 20483-20483 VRI[Single...y]@3ee197f com.citymapper.app.release           I  updatePointerIcon : PointerIcon{type=TEXT, hotspotX=0.0, hotspotY=0.0}
2026-04-28 10:20:29.398  1038-3531  PointerChoreographer    system_server                        W  Invalid device id -1. Cannot set pointer icon.
2026-04-28 10:20:29.404 20483-20483 View                    com.citymapper.app.release           I  setRequestedFrameRate frameRate=-4.0, this=android.webkit.WebView{43affb9 VFEDHVC.. ........ 0,0-1080,2185 #7f0b0b04 app:id/web_view}, caller=WV.zf.p:1 WV.zg.h:117 WV.zg.onDraw:7 com.android.webview.chromium.WebViewChromium.onDraw:19 android.webkit.WebView.onDraw:2959 
2026-04-28 10:20:29.407   697-20036 ExynosVideoEncoder      sam...hardware.media.c2@1.2-service  D  [Encoder_DynamicFrameRate] old ts : 342877250755, cur ts : 342877233887, old fps : 59, cur fps : 63
2026-04-28 10:20:29.421 20483-20483 View                    com.citymapper.app.release           I  setRequestedFrameRate frameRate=-4.0, this=android.webkit.WebView{43affb9 VFEDHVC.. ........ 0,0-1080,2185 #7f0b0b04 app:id/web_view}, caller=WV.zf.p:1 WV.zg.h:117 WV.zg.onDraw:7 com.android.webview.chromium.WebViewChromium.onDraw:19 android.webkit.WebView.onDraw:2959 
2026-04-28 10:20:29.425   697-20036 ExynosVideoEncoder      sam...hardware.media.c2@1.2-service  D  [Encoder_DynamicFrameRate] old ts : 342877268364, cur ts : 342877250755, old fps : 57, cur fps : 59
2026-04-28 10:20:29.432 20483-20483 VRI[Single...y]@3ee197f com.citymapper.app.release           I  updatePointerIcon : PointerIcon{type=ARROW, hotspotX=0.0, hotspotY=0.0}
2026-04-28 10:20:29.432  1038-3531  PointerChoreographer    system_server                        W  Invalid device id -1. Cannot set pointer icon.
2026-04-28 10:20:29.438 20483-20483 View                    com.citymapper.app.release           I  setRequestedFrameRate frameRate=-4.0, this=android.webkit.WebView{43affb9 VFEDHVC.. ........ 0,0-1080,2185 #7f0b0b04 app:id/web_view}, caller=WV.zf.p:1 WV.zg.h:117 WV.zg.onDraw:7 com.android.webview.chromium.WebViewChromium.onDraw:19 android.webkit.WebView.onDraw:2959 
2026-04-28 10:20:29.441   697-20036 ExynosVideoEncoder      sam...hardware.media.c2@1.2-service  D  [Encoder_DynamicFrameRate] old ts : 342877284144, cur ts : 342877268364, old fps : 63, cur fps : 57
2026-04-28 10:20:29.450 20483-20483 View                    com.citymapper.app.release           I  setRequestedFrameRate frameRate=-4.0, this=android.webkit.WebView{43affb9 VFEDHVC.. ........ 0,0-1080,2185 #7f0b0b04 app:id/web_view}, caller=WV.zf.p:1 WV.zg.h:117 WV.zg.onDraw:7 com.android.webview.chromium.WebViewChromium.onDraw:19 android.webkit.WebView.onDraw:2959 
2026-04-28 10:20:29.458   697-20036 ExynosVideoEncoder      sam...hardware.media.c2@1.2-service  D  [Encoder_DynamicFrameRate] old ts : 342877300918, cur ts : 342877284144, old fps : 60, cur fps : 63
2026-04-28 10:20:29.471 20483-20483 View                    com.citymapper.app.release           I  setRequestedFrameRate frameRate=-4.0, this=android.webkit.WebView{43affb9 VFEDHVC.. ........ 0,0-1080,2185 #7f0b0b04 app:id/web_view}, caller=WV.zf.p:1 WV.zg.h:117 WV.zg.onDraw:7 com.android.webview.chromium.WebViewChromium.onDraw:19 android.webkit.WebView.onDraw:2959 
2026-04-28 10:20:29.481 20483-20483 VRI[Single...y]@3ee197f com.citymapper.app.release           I  updatePointerIcon : PointerIcon{type=TEXT, hotspotX=0.0, hotspotY=0.0}
2026-04-28 10:20:29.482  1038-3309  PointerChoreographer    system_server                        W  Invalid device id -1. Cannot set pointer icon.
2026-04-28 10:20:29.486 20483-20483 View                    com.citymapper.app.release           I  setRequestedFrameRate frameRate=-4.0, this=android.webkit.WebView{43affb9 VFEDHVC.. ........ 0,0-1080,2185 #7f0b0b04 app:id/web_view}, caller=WV.zf.p:1 WV.zg.h:117 WV.zg.onDraw:7 com.android.webview.chromium.WebViewChromium.onDraw:19 android.webkit.WebView.onDraw:2959 
2026-04-28 10:20:29.490   697-20036 ExynosVideoEncoder      sam...hardware.media.c2@1.2-service  D  [Encoder_DynamicFrameRate] old ts : 342877334064, cur ts : 342877317695, old fps : 61, cur fps : 60
2026-04-28 10:20:29.497 20483-20483 VRI[Single...y]@3ee197f com.citymapper.app.release           I  updatePointerIcon : PointerIcon{type=ARROW, hotspotX=0.0, hotspotY=0.0}
2026-04-28 10:20:29.498  1038-3309  PointerChoreographer    system_server                        W  Invalid device id -1. Cannot set pointer icon.
2026-04-28 10:20:29.501 20483-20483 View                    com.citymapper.app.release           I  setRequestedFrameRate frameRate=-4.0, this=android.webkit.WebView{43affb9 VFEDHVC.. ........ 0,0-1080,2185 #7f0b0b04 app:id/web_view}, caller=WV.zf.p:1 WV.zg.h:117 WV.zg.onDraw:7 com.android.webview.chromium.WebViewChromium.onDraw:19 android.webkit.WebView.onDraw:2959 
2026-04-28 10:20:29.507   697-20036 ExynosVideoEncoder      sam...hardware.media.c2@1.2-service  D  [Encoder_DynamicFrameRate] old ts : 342877351000, cur ts : 342877334064, old fps : 59, cur fps : 61
2026-04-28 10:20:29.518 20483-20483 View                    com.citymapper.app.release           I  setRequestedFrameRate frameRate=-4.0, this=android.webkit.WebView{43affb9 VFEDHVC.. ........ 0,0-1080,2185 #7f0b0b04 app:id/web_view}, caller=WV.zf.p:1 WV.zg.h:117 WV.zg.onDraw:7 com.android.webview.chromium.WebViewChromium.onDraw:19 android.webkit.WebView.onDraw:2959 
2026-04-28 10:20:29.524   697-20036 ExynosVideoEncoder      sam...hardware.media.c2@1.2-service  D  [Encoder_DynamicFrameRate] old ts : 342877368176, cur ts : 342877351000, old fps : 58, cur fps : 59
2026-04-28 10:20:29.541   697-20036 ExynosVideoEncoder      sam...hardware.media.c2@1.2-service  D  [Encoder_DynamicFrameRate] old ts : 342877384632, cur ts : 342877368176, old fps : 61, cur fps : 58
2026-04-28 10:20:29.549  1038-3531  InputDispatcher         system_server                        D  Inject motion (19965/2000): action=0xa, time=342877396000000, f=0x0, d=0 dsdx=1.000000 dtdx=0.000000
2026-04-28 10:20:29.550  1038-3531  InputDispatcher         system_server                        D  Inject key (19965/2000): action=0, f=0x0, d=-1, time=342877397000000
2026-04-28 10:20:29.550  1038-1187  InputDispatcher         system_server                        I  Canceling stream: last source was MOUSE and new event is MotionEvent
2026-04-28 10:20:29.551  1038-1187  InputDispatcher         system_server                        I  Canceling pointers for device -1 in [Gesture Monitor] secinputdev (server) with event MotionEvent
2026-04-28 10:20:29.551  1038-1187  InputDispatcher         system_server                        W  channel [Gesture Monitor] secinputdev (server)~ dropping inconsistent event: DispatchEntry{resolvedFlags=0, targetFlags=0x0, transform=transform (ROT_0) (IDENTITY)
                                                                                                    } original: MotionEvent
2026-04-28 10:20:29.551  1038-1187  InputDispatcher         system_server                        I  Canceling stream: last source was MOUSE and new event is MotionEvent
2026-04-28 10:20:29.551  1038-1187  InputDispatcher         system_server                        I  Canceling pointers for device -1 in [Gesture Monitor] PalmMotion (server) with event MotionEvent
2026-04-28 10:20:29.551  1038-1187  InputDispatcher         system_server                        W  channel [Gesture Monitor] PalmMotion (server)~ dropping inconsistent event: DispatchEntry{resolvedFlags=0, targetFlags=0x0, transform=transform (ROT_0) (IDENTITY)
                                                                                                    } original: MotionEvent
2026-04-28 10:20:29.551  1038-1187  InputDispatcher         system_server                        I  Canceling stream: last source was MOUSE and new event is MotionEvent
2026-04-28 10:20:29.551  1038-1187  InputDispatcher         system_server                        I  Canceling pointers for device -1 in 1271229 com.citymapper.app.release/com.citymapper.app.SingleFragmentActivity (server) with event MotionEvent
2026-04-28 10:20:29.551  1038-1187  InputDispatcher         system_server                        W  channel 1271229 com.citymapper.app.release/com.citymapper.app.SingleFragmentActivity (server)~ dropping inconsistent event: DispatchEntry{resolvedFlags=0, targetFlags=0x0, transform=transform (ROT_0) (IDENTITY)
                                                                                                    } original: MotionEvent
2026-04-28 10:20:29.552  1038-1187  InputDispatcher         system_server                        I  Delivering touch to (20483): action: 0xa, f=0x0, d=0, '1271229', t=1 
2026-04-28 10:20:29.552  1038-1187  InputDispatcher         system_server                        I  Canceling stream: last source was MOUSE and new event is MotionEvent
2026-04-28 10:20:29.553  1038-1187  InputDispatcher         system_server                        I  Canceling pointers for device -1 in PointerEventDispatcher0 (server) with event MotionEvent
2026-04-28 10:20:29.553  1038-1187  InputDispatcher         system_server                        W  channel PointerEventDispatcher0 (server)~ dropping inconsistent event: DispatchEntry{resolvedFlags=0, targetFlags=0x0, transform=transform (ROT_0) (IDENTITY)
                                                                                                    } original: MotionEvent
2026-04-28 10:20:29.553  1038-3531  InputManager-JNI        system_server                        D  !@interceptKeyBeforeQueueing(0), action=0, interactive=true
2026-04-28 10:20:29.554  1038-3531  SingleKeyGesture        system_server                        D  interceptKeyDown, info : KeyCode=KEYCODE_UNKNOWN, size=0
2026-04-28 10:20:29.554  1038-3531  WindowManager           system_server                        D  interceptKeyTq interceptKeyResult=1
2026-04-28 10:20:29.554  1038-3531  WindowWakeUpPolicy      system_server                        D  HINT_DEVICE_WAKEUP acquire()
2026-04-28 10:20:29.554  1038-3531  SemDvfsHyPerManager     system_server                        I  acquire hyper - DEVICE_WAKEUP/1038@27, type = -999
2026-04-28 10:20:29.555   686-719   HYPER-HAL               ven...amsung.hardware.hyper-service  I  [RequestManager.cpp]acquire(): Acquired ID : 567672  [1038 / 27]    HINT : DEVICE_WAKEUP    list : 
2026-04-28 10:20:29.555  1038-3531  PowerManagerService     system_server                        D  [api] wakeUp (uid: 1000 pid: 1038) eventTime = 342877397
2026-04-28 10:20:29.555  1038-3531  InputManager-JNI        system_server                        D  !@handleInterceptActions(0), action=0, wmActions=0
2026-04-28 10:20:29.556  1038-3309  InputDispatcher         system_server                        D  Inject key (19965/2000): action=1, f=0x0, d=-1, time=342877397000000
2026-04-28 10:20:29.556  1038-3309  InputManager-JNI        system_server                        D  !@interceptKeyBeforeQueueing(0), action=1, interactive=true
2026-04-28 10:20:29.556  1038-3309  WindowManager           system_server                        D  interceptKeyTq interceptKeyResult=1
2026-04-28 10:20:29.557  1038-3309  InputManager-JNI        system_server                        D  !@handleInterceptActions(0), action=1, wmActions=0
2026-04-28 10:20:29.557  3127-3127  N0                      com.sec.android.sdhms                I  limitGPUFreq:: freq = -1
2026-04-28 10:20:29.558  3127-3127  N0                      com.sec.android.sdhms                I  limitCPUFreq:: freq = -1
2026-04-28 10:20:29.558  1038-3309  InputDispatcher         system_server                        D  Inject motion (19965/2000): action=0x0, time=342877397000000, f=0x0, d=0 dsdx=1.000000 dtdx=0.000000
2026-04-28 10:20:29.558   686-719   HYPER-HAL               ven...amsung.hardware.hyper-service  I  [RequestManager.cpp]releaseLocked(): Released ID : 4903150
2026-04-28 10:20:29.558   697-20036 ExynosVideoEncoder      sam...hardware.media.c2@1.2-service  D  [Encoder_DynamicFrameRate] old ts : 342877401716, cur ts : 342877384632, old fps : 59, cur fps : 61
2026-04-28 10:20:29.559  1038-1187  InputDispatcher         system_server                        I  Delivering touch to (1447): action: 0x4, f=0x0, d=0, '2a3306a', t=1 
2026-04-28 10:20:29.559  1038-1187  InputDispatcher         system_server                        I  Delivering touch to (20483): action: 0x0, f=0x0, d=0, '1271229', t=1 
2026-04-28 10:20:29.559 20483-20483 VRI[Single...y]@3ee197f com.citymapper.app.release           I  ViewPostIme pointer 0
2026-04-28 10:20:29.560   686-719   HYPER-HAL               ven...amsung.hardware.hyper-service  I  [RequestManager.cpp]releaseLocked(): Released ID : 4896887
2026-04-28 10:20:29.561  1038-1060  GestureDetector         system_server                        I  obtain mCurrentDownEvent. id: -313577528 caller: com.android.server.wm.SystemGesturesPointerEventListener.onPointerEvent:17 com.android.server.wm.PointerEventDispatcher.onInputEvent:51 android.view.InputEventReceiver.dispatchInputEvent:385 
2026-04-28 10:20:29.561  1038-1060  GestureDetector         system_server                        I  obtain mCurrentDownEvent. id: -313577528 caller: com.android.server.wm.SystemPerformancePointerEventListener.onPointerEvent:13 com.android.server.wm.PointerEventDispatcher.onInputEvent:51 android.view.InputEventReceiver.dispatchInputEvent:385 
2026-04-28 10:20:29.564  3127-3127  SemDvfsHyPerManager     com.sec.android.sdhms                I  acquire hyper - GovernorExynos850_CstateLevel/3127@20, type = -999
2026-04-28 10:20:29.564   686-719   HYPER-HAL               ven...amsung.hardware.hyper-service  I  [RequestManager.cpp]acquire(): Acquired ID : 4953398  [3127 / 20]    HINT :      list : [LPMDisableLevel / 1] [TIMEOUT / 700] 
2026-04-28 10:20:29.569  1038-1060  GestureDetector         system_server                        I  obtain mCurrentMotionEventRaw. action: 2 id: -69528599
2026-04-28 10:20:29.569  1038-1060  GestureDetector         system_server                        I  obtain mCurrentMotionEventRaw. action: 2 id: -69528599
2026-04-28 10:20:29.574   697-20036 ExynosVideoEncoder      sam...hardware.media.c2@1.2-service  D  [Encoder_DynamicFrameRate] old ts : 342877417266, cur ts : 342877401716, old fps : 64, cur fps : 59
2026-04-28 10:20:29.603 20483-20483 View                    com.citymapper.app.release           I  setRequestedFrameRate frameRate=-4.0, this=android.webkit.WebView{43affb9 VFEDHVC.. ........ 0,0-1080,2185 #7f0b0b04 app:id/web_view}, caller=WV.zf.p:1 WV.zg.h:117 WV.zg.onDraw:7 com.android.webview.chromium.WebViewChromium.onDraw:19 android.webkit.WebView.onDraw:2959 
2026-04-28 10:20:29.620 20483-20483 View                    com.citymapper.app.release           I  setRequestedFrameRate frameRate=-4.0, this=android.webkit.WebView{43affb9 VFEDHVC.. ........ 0,0-1080,2185 #7f0b0b04 app:id/web_view}, caller=WV.zf.p:1 WV.zg.h:117 WV.zg.onDraw:7 com.android.webview.chromium.WebViewChromium.onDraw:19 android.webkit.WebView.onDraw:2959 
2026-04-28 10:20:29.625   697-20036 ExynosVideoEncoder      sam...hardware.media.c2@1.2-service  D  [Encoder_DynamicFrameRate] old ts : 342877467110, cur ts : 342877417266, old fps : 20, cur fps : 64
2026-04-28 10:20:29.636 20483-20483 View                    com.citymapper.app.release           I  setRequestedFrameRate frameRate=-4.0, this=android.webkit.WebView{43affb9 VFEDHVC.. ........ 0,0-1080,2185 #7f0b0b04 app:id/web_view}, caller=WV.zf.p:1 WV.zg.h:117 WV.zg.onDraw:7 com.android.webview.chromium.WebViewChromium.onDraw:19 android.webkit.WebView.onDraw:2959 
2026-04-28 10:20:29.643   697-20036 ExynosVideoEncoder      sam...hardware.media.c2@1.2-service  D  [Encoder_DynamicFrameRate] old ts : 342877484201, cur ts : 342877467110, old fps : 59, cur fps : 20
2026-04-28 10:20:29.643   852-20021 BufferPoolAccessor2.0   media.swcodec                        D  bufferpool2 0xb400007a2f413c28 : 3(4500 size) total buffers - 1(1500 size) used buffers - 25849/25852 (recycle/alloc) - 4/13786 (fetch/transfer)
2026-04-28 10:20:29.654 20483-20483 View                    com.citymapper.app.release           I  setRequestedFrameRate frameRate=-4.0, this=android.webkit.WebView{43affb9 VFEDHVC.. ........ 0,0-1080,2185 #7f0b0b04 app:id/web_view}, caller=WV.zf.p:1 WV.zg.h:117 WV.zg.onDraw:7 com.android.webview.chromium.WebViewChromium.onDraw:19 android.webkit.WebView.onDraw:2959 
2026-04-28 10:20:29.663   697-20036 ExynosVideoEncoder      sam...hardware.media.c2@1.2-service  D  [Encoder_DynamicFrameRate] old ts : 342877501418, cur ts : 342877484201, old fps : 58, cur fps : 59
2026-04-28 10:20:29.665  3127-3127  SemDvfsHyPerManager     com.sec.android.sdhms                I  acquire hyper - GovernorExynos850_CstateLevel/3127@20, type = -999
2026-04-28 10:20:29.665   686-719   HYPER-HAL               ven...amsung.hardware.hyper-service  I  [RequestManager.cpp]acquire(): Acquired ID : 4953398  [3127 / 20]    HINT :      list : [LPMDisableLevel / 1] [TIMEOUT / 700] 
2026-04-28 10:20:29.668 20483-20483 View                    com.citymapper.app.release           I  setRequestedFrameRate frameRate=-4.0, this=android.webkit.WebView{43affb9 VFEDHVC.. ........ 0,0-1080,2185 #7f0b0b04 app:id/web_view}, caller=WV.zf.p:1 WV.zg.h:117 WV.zg.onDraw:7 com.android.webview.chromium.WebViewChromium.onDraw:19 android.webkit.WebView.onDraw:2959 
2026-04-28 10:20:29.687 20483-20483 View                    com.citymapper.app.release           I  setRequestedFrameRate frameRate=-4.0, this=android.webkit.WebView{43affb9 VFEDHVC.. ........ 0,0-1080,2185 #7f0b0b04 app:id/web_view}, caller=WV.zf.p:1 WV.zg.h:117 WV.zg.onDraw:7 com.android.webview.chromium.WebViewChromium.onDraw:19 android.webkit.WebView.onDraw:2959 
2026-04-28 10:20:29.691   697-20036 ExynosVideoEncoder      sam...hardware.media.c2@1.2-service  D  [Encoder_DynamicFrameRate] old ts : 342877534956, cur ts : 342877518562, old fps : 61, cur fps : 58
2026-04-28 10:20:29.703 20483-20483 View                    com.citymapper.app.release           I  setRequestedFrameRate frameRate=-4.0, this=android.webkit.WebView{43affb9 VFEDHVC.. ........ 0,0-1080,2185 #7f0b0b04 app:id/web_view}, caller=WV.zf.p:1 WV.zg.h:117 WV.zg.onDraw:7 com.android.webview.chromium.WebViewChromium.onDraw:19 android.webkit.WebView.onDraw:2959 
2026-04-28 10:20:29.708  1038-1139  InputDispatcher         system_server                        D  Inject motion (19965/2000): action=0x1, time=342877555000000, f=0x0, d=0 dsdx=1.000000 dtdx=0.000000
2026-04-28 10:20:29.709  1038-1187  InputDispatcher         system_server                        I  Delivering touch to (20483): action: 0x1, f=0x0, d=0, '1271229', t=1 
2026-04-28 10:20:29.709   697-20036 ExynosVideoEncoder      sam...hardware.media.c2@1.2-service  D  [Encoder_DynamicFrameRate] old ts : 342877550745, cur ts : 342877534956, old fps : 63, cur fps : 61
2026-04-28 10:20:29.710 20483-20483 VRI[Single...y]@3ee197f com.citymapper.app.release           I  ViewPostIme pointer 1
2026-04-28 10:20:29.712  1038-1038  SemDvfsHyPerManager     system_server                        I  acquire hyper - GESTURE_DETECTED/1038@21, type = -999
2026-04-28 10:20:29.713  1038-1038  SemDvfsHyPerManager     system_server                        I  acquire hyper - SMOOTH_SCROLL/1038@20, type = -999
2026-04-28 10:20:29.713   686-719   HYPER-HAL               ven...amsung.hardware.hyper-service  I  [RequestManager.cpp]acquire(): Acquired ID : 561291  [1038 / 21]    HINT : GESTURE_DETECTED    list : [TIMEOUT / 1754] 
2026-04-28 10:20:29.714   686-719   HYPER-HAL               ven...amsung.hardware.hyper-service  I  [RequestManager.cpp]acquire(): Acquired ID : 560231  [1038 / 20]    HINT : SMOOTH_SCROLL    list : 
2026-04-28 10:20:29.714  1038-1038  SemDvfsHyPerManager     system_server                        I  acquire hyper - GESTURE_DETECTED/1038@21, type = -999
2026-04-28 10:20:29.714   686-719   HYPER-HAL               ven...amsung.hardware.hyper-service  I  [RequestManager.cpp]releaseLocked(): Released ID : 560231
2026-04-28 10:20:29.715   686-719   HYPER-HAL               ven...amsung.hardware.hyper-service  I  [RequestManager.cpp]acquire(): Acquired ID : 561291  [1038 / 21]    HINT : GESTURE_DETECTED    list : [TIMEOUT / 1754] 
2026-04-28 10:20:29.719 20483-20483 View                    com.citymapper.app.release           I  setRequestedFrameRate frameRate=-4.0, this=android.webkit.WebView{43affb9 VFEDHVC.. ........ 0,0-1080,2185 #7f0b0b04 app:id/web_view}, caller=WV.zf.p:1 WV.zg.h:117 WV.zg.onDraw:7 com.android.webview.chromium.WebViewChromium.onDraw:19 android.webkit.WebView.onDraw:2959 
2026-04-28 10:20:29.726   697-20036 ExynosVideoEncoder      sam...hardware.media.c2@1.2-service  D  [Encoder_DynamicFrameRate] old ts : 342877567819, cur ts : 342877550745, old fps : 59, cur fps : 63
2026-04-28 10:20:29.735 20483-20483 View                    com.citymapper.app.release           I  setRequestedFrameRate frameRate=-4.0, this=android.webkit.WebView{43affb9 VFEDHVC.. ........ 0,0-1080,2185 #7f0b0b04 app:id/web_view}, caller=WV.zf.p:1 WV.zg.h:117 WV.zg.onDraw:7 com.android.webview.chromium.WebViewChromium.onDraw:19 android.webkit.WebView.onDraw:2959 
2026-04-28 10:20:29.739  1038-3309  InputDispatcher         system_server                        D  Inject motion (19965/2000): action=0x9, time=342877586000000, f=0x0, d=0 dsdx=1.000000 dtdx=0.000000
2026-04-28 10:20:29.740  1038-1187  InputDispatcher         system_server                        I  Canceling stream: last source was MOUSE and new event is MotionEvent
2026-04-28 10:20:29.741  1038-1187  InputDispatcher         system_server                        I  Canceling pointers for device -1 in 87d0c9 StatusBar (server) with event MotionEvent
2026-04-28 10:20:29.741  1038-1187  InputDispatcher         system_server                        I  Delivering touch to (1447): action: 0xa, f=0x0, d=0, '87d0c9 ', t=1 
2026-04-28 10:20:29.741  1038-1187  InputDispatcher         system_server                        I  Delivering touch to (1447): action: 0x9, f=0x0, d=0, '87d0c9 ', t=1 
2026-04-28 10:20:29.742   697-20036 ExynosVideoEncoder      sam...hardware.media.c2@1.2-service  D  [Encoder_DynamicFrameRate] old ts : 342877585054, cur ts : 342877567819, old fps : 58, cur fps : 59
2026-04-28 10:20:29.743  1038-1187  InputDispatcher         system_server                        I  Canceling stream: last source was TOUCHSCREEN | STYLUS and new event is MotionEvent
2026-04-28 10:20:29.743  1038-1187  InputDispatcher         system_server                        I  Canceling pointers for device -1 in [Gesture Monitor] secinputdev (server) with event MotionEvent
2026-04-28 10:20:29.744  1038-1187  InputDispatcher         system_server                        I  Canceling stream: last source was TOUCHSCREEN | STYLUS and new event is MotionEvent
2026-04-28 10:20:29.744  1038-1187  InputDispatcher         system_server                        I  Canceling pointers for device -1 in 87d0c9 StatusBar (server) with event MotionEvent
2026-04-28 10:20:29.744  1038-1187  InputDispatcher         system_server                        I  Delivering touch to (1447): action: 0xa, f=0x0, d=0, '87d0c9 ', t=1 
2026-04-28 10:20:29.744  1038-1187  InputDispatcher         system_server                        I  Delivering touch to (1447): action: 0x9, f=0x0, d=0, '87d0c9 ', t=1 
2026-04-28 10:20:29.744  1038-1187  InputDispatcher         system_server                        I  Canceling stream: last source was TOUCHSCREEN | STYLUS and new event is MotionEvent
2026-04-28 10:20:29.745  1038-1187  InputDispatcher         system_server                        I  Canceling pointers for device -1 in [Gesture Monitor] PalmMotion (server) with event MotionEvent
2026-04-28 10:20:29.745  1038-1187  InputDispatcher         system_server                        I  Canceling stream: last source was TOUCHSCREEN | STYLUS and new event is MotionEvent
2026-04-28 10:20:29.745  1038-1187  InputDispatcher         system_server                        I  Canceling pointers for device -1 in PointerEventDispatcher0 (server) with event MotionEvent
2026-04-28 10:20:29.747  1447-1447  VRI[StatusBar]@3f7eb71  com.android.systemui                 I  updatePointerIcon : PointerIcon{type=NOT_SPECIFIED, hotspotX=0.0, hotspotY=0.0}
2026-04-28 10:20:29.747  1038-3309  InputManager-JNI        system_server                        W  Attempted to change the pointer icon for deviceId -1 on display 0 from input token 0xb4000075b2c80ee0, but the pointer is not in the window.
2026-04-28 10:20:29.753 20483-20483 View                    com.citymapper.app.release           I  setRequestedFrameRate frameRate=-4.0, this=android.webkit.WebView{43affb9 VFEDHVC.. ........ 0,0-1080,2185 #7f0b0b04 app:id/web_view}, caller=WV.zf.p:1 WV.zg.h:117 WV.zg.onDraw:7 com.android.webview.chromium.WebViewChromium.onDraw:19 android.webkit.WebView.onDraw:2959 
2026-04-28 10:20:29.755  1447-1447  VRI[StatusBar]@3f7eb71  com.android.systemui                 I  updatePointerIcon : PointerIcon{type=NOT_SPECIFIED, hotspotX=0.0, hotspotY=0.0}
2026-04-28 10:20:29.756  1038-3309  InputManager-JNI        system_server                        W  Attempted to change the pointer icon for deviceId -1 on display 0 from input token 0xb4000075b2c80ee0, but the pointer is not in the window.
2026-04-28 10:20:29.758   697-20036 ExynosVideoEncoder      sam...hardware.media.c2@1.2-service  D  [Encoder_DynamicFrameRate] old ts : 342877601910, cur ts : 342877585054, old fps : 59, cur fps : 58
2026-04-28 10:20:29.760  1038-1187  InputDispatcher         system_server                        I  Delivering touch to (20483): action: 0x9, f=0x0, d=0, '1271229', t=1 
2026-04-28 10:20:29.762 20483-20483 VRI[Single...y]@3ee197f com.citymapper.app.release           I  updatePointerIcon : PointerIcon{type=ARROW, hotspotX=0.0, hotspotY=0.0}
2026-04-28 10:20:29.762  1038-3309  PointerChoreographer    system_server                        W  Invalid device id -1. Cannot set pointer icon.
