2026-04-28 10:20:32.287   748-748   SurfaceFlinger          surfaceflinger                       I  [LayerHierarchy{RequestedLayerState{DefaultTaskDisplayArea_d31#187238 z=1} 2 children}] reparent to OffscreenRoot
2026-04-28 10:20:32.287   748-748   SurfaceFlinger          surfaceflinger                       I  [LayerHierarchy{RequestedLayerState{DefaultTaskDisplayArea_d31#187238 z=1} 2 children}] RelativeParent to null
2026-04-28 10:20:32.287   748-748   SurfaceFlinger          surfaceflinger                       I  [LayerHierarchy{RequestedLayerState{ChangeLeashAnchor#187239} no children}] reparent to OffscreenRoot
2026-04-28 10:20:32.287   748-748   SurfaceFlinger          surfaceflinger                       I  [LayerHierarchy{RequestedLayerState{ChangeLeashAnchor#187239} no children}] RelativeParent to null
2026-04-28 10:20:32.287   748-748   SurfaceFlinger          surfaceflinger                       I  [LayerHierarchy{RequestedLayerState{FloatingLeashAnchor#187240 z=1} no children}] reparent to OffscreenRoot
2026-04-28 10:20:32.287   748-748   SurfaceFlinger          surfaceflinger                       I  [LayerHierarchy{RequestedLayerState{FloatingLeashAnchor#187240 z=1} no children}] RelativeParent to null
2026-04-28 10:20:32.287   748-748   SurfaceFlinger          surfaceflinger                       I  [LayerHierarchy{RequestedLayerState{Leaf:3:12#187241 z=2} no children}] reparent to OffscreenRoot
2026-04-28 10:20:32.287   748-748   SurfaceFlinger          surfaceflinger                       I  [LayerHierarchy{RequestedLayerState{Leaf:3:12#187241 z=2} no children}] RelativeParent to null
2026-04-28 10:20:32.287   748-748   SurfaceFlinger          surfaceflinger                       I  [LayerHierarchy{RequestedLayerState{ImeContainer#187242 z=3} no children}] reparent to OffscreenRoot
2026-04-28 10:20:32.287   748-748   SurfaceFlinger          surfaceflinger                       I  [LayerHierarchy{RequestedLayerState{ImeContainer#187242 z=3} no children}] RelativeParent to null
2026-04-28 10:20:32.287   748-748   SurfaceFlinger          surfaceflinger                       I  [LayerHierarchy{RequestedLayerState{Leaf:15:36#187243 z=4} no children}] reparent to OffscreenRoot
2026-04-28 10:20:32.287   748-748   SurfaceFlinger          surfaceflinger                       I  [LayerHierarchy{RequestedLayerState{Leaf:15:36#187243 z=4} no children}] RelativeParent to null
2026-04-28 10:20:32.287   748-748   SurfaceFlinger          surfaceflinger                       I  [LayerHierarchy{RequestedLayerState{Display 31 name="studio.screen.sharing:0"#187244 layerStack=31} 3 children}] reparent to OffscreenRoot
2026-04-28 10:20:32.287   748-748   SurfaceFlinger          surfaceflinger                       I  [LayerHierarchy{RequestedLayerState{Display 31 name="studio.screen.sharing:0"#187244 layerStack=31} 3 children}] RelativeParent to null
2026-04-28 10:20:32.287   748-748   SurfaceFlinger          surfaceflinger                       I  [LayerHierarchy{RequestedLayerState{MirrorRoot#187249} 1 children}] reparent to OffscreenRoot
2026-04-28 10:20:32.287   748-748   SurfaceFlinger          surfaceflinger                       I  [LayerHierarchy{RequestedLayerState{MirrorRoot#187249} 1 children}] RelativeParent to null
2026-04-28 10:20:32.287   748-748   SurfaceFlinger          surfaceflinger                       E  setDisplayStateLocked: token(0xb400007af6db04c0) error, layerstack(0)
2026-04-28 10:20:32.292   748-748   Layer                   surfaceflinger                       I  id=187245 Destroyed Display Overlays#187245
2026-04-28 10:20:32.293   748-748   SurfaceFlinger          surfaceflinger                       I  id=187243 Removed Leaf:15:36#187243 (169)
2026-04-28 10:20:32.293   748-748   SurfaceFlinger          surfaceflinger                       I  id=187242 Removed ImeContainer#187242 (169)
2026-04-28 10:20:32.293   748-748   SurfaceFlinger          surfaceflinger                       I  id=187241 Removed Leaf:3:12#187241 (169)
2026-04-28 10:20:32.293   748-748   SurfaceFlinger          surfaceflinger                       I  id=187236 Removed WindowingLayer:0:36#187236 (169)
2026-04-28 10:20:32.293   748-748   SurfaceFlinger          surfaceflinger                       I  id=187238 Removed DefaultTaskDisplayArea_d31#187238 (169)
2026-04-28 10:20:32.293   748-748   SurfaceFlinger          surfaceflinger                       I  id=187237 Removed Leaf:0:1#187237 (169)
2026-04-28 10:20:32.293   748-748   SurfaceFlinger          surfaceflinger                       I  id=187244 Removed Display 31 name="studio.screen.sharing:0"#187244 (169)
2026-04-28 10:20:32.293   748-748   SurfaceFlinger          surfaceflinger                       I  id=187240 Removed FloatingLeashAnchor#187240 (169)
2026-04-28 10:20:32.293   748-748   SurfaceFlinger          surfaceflinger                       I  id=187239 Removed ChangeLeashAnchor#187239 (169)
2026-04-28 10:20:32.293   748-748   SurfaceFlinger          surfaceflinger                       I  id=187249 Removed MirrorRoot#187249 (169)
2026-04-28 10:20:32.294   673-673   display                 and...graphics.composer@2.2-service  I  setColorTransform:: 0, 0
2026-04-28 10:20:32.294   805-8244  CameraService           cameraserver                         I  onUidStateChanged: uid=10268, procState is changed. (6 -> 10)
2026-04-28 10:20:32.294  1038-1062  DisplayManagerService   system_server                        D  Delivering display group event: groupId=0, event=2
2026-04-28 10:20:32.294  1038-1062  PowerManagerService     system_server                        D  onDisplayGroupChanged: groupId=0
2026-04-28 10:20:32.295   723-25272 APM_AudioPolicyManager  audioserver                          V  setAppState(portId:6547, state:2)
2026-04-28 10:20:32.299  1038-1585  InputDispatcher         system_server                        D  removing all handles on display 31
2026-04-28 10:20:32.300  1447-1447  DisplayLifecycle        com.android.systemui                 D  removeDisplay id = 31
2026-04-28 10:20:32.300   723-25272 APM_AudioPolicyManager  audioserver                          V  setAppState(portId:6547, state:2)
2026-04-28 10:20:32.303   748-748   SurfaceFlinger          surfaceflinger                       I  destroyed Leaf:0:1#187237
2026-04-28 10:20:32.303   748-748   SurfaceFlinger          surfaceflinger                       I  destroyed Accessibility Overlays#187247
2026-04-28 10:20:32.303   748-748   SurfaceFlinger          surfaceflinger                       I  destroyed Input Overlays#187246
2026-04-28 10:20:32.303   748-748   SurfaceFlinger          surfaceflinger                       I  destroyed MirrorRoot#187249
2026-04-28 10:20:32.303   748-748   SurfaceFlinger          surfaceflinger                       I  destroyed Display 31 name="studio.screen.sharing:0"#187244
2026-04-28 10:20:32.303   748-748   SurfaceFlinger          surfaceflinger                       I  destroyed Leaf:15:36#187243
2026-04-28 10:20:32.303   748-748   SurfaceFlinger          surfaceflinger                       I  destroyed ImeContainer#187242
2026-04-28 10:20:32.303   748-748   SurfaceFlinger          surfaceflinger                       I  destroyed Leaf:3:12#187241
2026-04-28 10:20:32.303   748-748   SurfaceFlinger          surfaceflinger                       I  destroyed FloatingLeashAnchor#187240
2026-04-28 10:20:32.303   748-748   SurfaceFlinger          surfaceflinger                       I  destroyed ChangeLeashAnchor#187239
2026-04-28 10:20:32.303   748-748   SurfaceFlinger          surfaceflinger                       I  destroyed DefaultTaskDisplayArea_d31#187238
2026-04-28 10:20:32.303   748-748   SurfaceFlinger          surfaceflinger                       I  destroyed WindowingLayer:0:36#187236
2026-04-28 10:20:32.303  1038-3294  InputDispatcher         system_server                        D  removing all handles on display 31
2026-04-28 10:20:32.305   748-748   Layer                   surfaceflinger                       I  id=187247 Destroyed Accessibility Overlays#187247
2026-04-28 10:20:32.305   748-748   Layer                   surfaceflinger                       I  id=187246 Destroyed Input Overlays#187246
2026-04-28 10:20:32.306   748-748   Layer                   surfaceflinger                       I  id=187237 Destroyed Leaf:0:1#187237
2026-04-28 10:20:32.306   748-748   Layer                   surfaceflinger                       I  id=187241 Destroyed Leaf:3:12#187241
2026-04-28 10:20:32.306  1038-1602  DisplayManagerService   system_server                        D  Virtual Display: creating DisplayDevice with VirtualDisplayAdapter
2026-04-28 10:20:32.306   748-748   Layer                   surfaceflinger                       I  id=187240 Destroyed FloatingLeashAnchor#187240
2026-04-28 10:20:32.306   748-748   Layer                   surfaceflinger                       I  id=187242 Destroyed ImeContainer#187242
2026-04-28 10:20:32.306   748-748   Layer                   surfaceflinger                       I  id=187249 Destroyed MirrorRoot#187249
2026-04-28 10:20:32.306   748-748   Layer                   surfaceflinger                       I  id=187236 Destroyed WindowingLayer:0:36#187236
2026-04-28 10:20:32.306   748-748   Layer                   surfaceflinger                       I  id=187238 Destroyed DefaultTaskDisplayArea_d31#187238
2026-04-28 10:20:32.306   748-748   Layer                   surfaceflinger                       I  id=187243 Destroyed Leaf:15:36#187243
2026-04-28 10:20:32.306   748-748   Layer                   surfaceflinger                       I  id=187244 Destroyed Display 31 name="studio.screen.sharing:0"#187244
2026-04-28 10:20:32.306   748-748   Layer                   surfaceflinger                       I  id=187239 Destroyed ChangeLeashAnchor#187239
2026-04-28 10:20:32.307   748-778   SurfaceFlinger          surfaceflinger                       I  createVirtualDisplay:name(studio.screen.sharing:0) token(0xb400007af6dbd3b0) 
2026-04-28 10:20:32.310   805-945   CameraService           cameraserver                         I  onUidStateChanged: uid=10268, procState is changed. (10 -> 19)
2026-04-28 10:20:32.312  1038-1602  DisplayDeviceRepository system_server                        I  Display device added: DisplayDeviceInfo{"studio.screen.sharing:0": uniqueId="virtual:com.android.shell,2000,studio.screen.sharing:0,27", 1080 x 2408, modeId 36, renderFrameRate 60.0, defaultModeId 36, userPreferredModeId -1, supportedModes [{id=36, width=1080, height=2408, fps=60.0, vsync=60.0, synthetic=false, alternativeRefreshRates=[], supportedHdrTypes=[]}], colorMode 0, supportedColorModes [0], hdrCapabilities null, allmSupported false, gameContentTypeSupported false, density 1, 1.0 x 1.0 dpi, appVsyncOff 0, presDeadline 16666666, touch NONE, rotation 0, type VIRTUAL, deviceProductInfo null, state OFF, committedState UNKNOWN, owner com.android.shell (uid 2000), frameRateOverride , brightnessMinimum 0.0, brightnessMaximum 0.0, brightnessDefault 0.0, hdrSdrRatio NaN, FLAG_PRIVATE, installOrientation 0, displayShape DisplayShape{ spec=910408817 displayWidth=1080 displayHeight=2408 physicalPixelDisplaySizeRatio=1.0 rotation=0 offsetX=0 offsetY=0 scale=1.0}}
2026-04-28 10:20:32.313   723-25272 APM_AudioPolicyManager  audioserver                          V  setAppState(portId:6547, state:2)
2026-04-28 10:20:32.313   723-25272 APM_AudioPolicyManager  audioserver                          V  setAppState(portId:6547, state:2)
2026-04-28 10:20:32.314   805-8244  CameraService           cameraserver                         I  onUidStateChanged: uid=10268, procState is changed. (19 -> 6)
2026-04-28 10:20:32.315  1038-1602  LogicalDisplayMapper    system_server                        I  Applying layout: [{dispId: 0(ON), displayGroupName: , addr: {port=0}, mThermalBrightnessThrottlingMapId: null, mRefreshRateZoneId: null, mLeadDisplayId: -1, mLeadDisplayAddress: null, mThermalRefreshRateThrottlingMapId: null, mPowerThrottlingMapId: null}], Previous layout: [{dispId: 0(ON), displayGroupName: , addr: {port=0}, mThermalBrightnessThrottlingMapId: null, mRefreshRateZoneId: null, mLeadDisplayId: -1, mLeadDisplayAddress: null, mThermalRefreshRateThrottlingMapId: null, mPowerThrottlingMapId: null}]
2026-04-28 10:20:32.315  1038-1602  LogicalDisplayMapper    system_server                        I  Setting new display group 0 for display 33, from previous group: null
2026-04-28 10:20:32.319  1038-1602  BrightnessThrottler     system_server                        W  DeviceConfig ThermalBrightnessThrottlingData is null
2026-04-28 10:20:32.318   723-22266 APM_AudioPolicyManager  audioserver                          V  setAppState(portId:6547, state:2)
2026-04-28 10:20:32.321  1038-1602  DisplayPow...oller2[33] system_server                        D  saveBrightnessInfo: brt:0.0 adjBrt:0.0 min:1.0 max:1.0 hbm:0 tp:Infinity throttler:0 isAnimating:false
2026-04-28 10:20:32.321  1038-1602  DisplayPow...oller2[33] system_server                        W  Screen brightness nits configuration is unavailable; falling back
2026-04-28 10:20:32.321  1038-1602  Brightness...ngStrategy system_server                        D  x: null y: null
2026-04-28 10:20:32.321  1038-1602  Brightness...ngStrategy system_server                        D  x: null y: null
2026-04-28 10:20:32.321  1038-1602  Brightness...ngStrategy system_server                        D  x: null y: null
2026-04-28 10:20:32.321  1038-1602  Brightness...ngStrategy system_server                        D  x: null y: null
2026-04-28 10:20:32.321  1038-1602  DisplayPow...oller2[33] system_server                        D  Create new DPC instance, mDisplayId=33 AutomaticBrightnessController=null defaultModeBrightnessMapper=null
2026-04-28 10:20:32.323  1038-1110  HighBright...Controller system_server                        I  mSupportHdrSolution: false
2026-04-28 10:20:32.325  1038-1568  VirtualDisplayAdapter   system_server                        V  Release VirtualDisplay studio.screen.sharing:0
2026-04-28 10:20:32.325  1038-1060  WindowManager           system_server                        V  Display added displayId=32
2026-04-28 10:20:32.325   748-778   SurfaceFlinger          surfaceflinger                       I  destroyVirtualDisplay:name(studio.screen.sharing:0) token(0xb400007af6dbd3b0) 
2026-04-28 10:20:32.327  1038-1568  DisplayManagerService   system_server                        D  Virtual Display: Display Device released
2026-04-28 10:20:32.327  1038-1568  DisplayDeviceRepository system_server                        I  Display device removed: DisplayDeviceInfo{"studio.screen.sharing:0": uniqueId="virtual:com.android.shell,2000,studio.screen.sharing:0,27", 1080 x 2408, modeId 36, renderFrameRate 60.0, defaultModeId 36, userPreferredModeId -1, supportedModes [{id=36, width=1080, height=2408, fps=60.0, vsync=60.0, synthetic=false, alternativeRefreshRates=[], supportedHdrTypes=[]}], colorMode 0, supportedColorModes [0], hdrCapabilities null, allmSupported false, gameContentTypeSupported false, density 1, 1.0 x 1.0 dpi, appVsyncOff 0, presDeadline 16666666, touch NONE, rotation 0, type VIRTUAL, deviceProductInfo null, state OFF, committedState UNKNOWN, owner com.android.shell (uid 2000), frameRateOverride , brightnessMinimum 0.0, brightnessMaximum 0.0, brightnessDefault 0.0, hdrSdrRatio NaN, FLAG_PRIVATE, installOrientation 0, displayShape DisplayShape{ spec=910408817 displayWidth=1080 displayHeight=2408 physicalPixelDisplaySizeRatio=1.0 rotation=0 offsetX=0 offsetY=0 scale=1.0}}
2026-04-28 10:20:32.327   723-22266 APM_AudioPolicyManager  audioserver                          V  setAppState(portId:6547, state:2)
2026-04-28 10:20:32.329  1038-1059  Brightness...malClamper system_server                        D  New thermal throttling status = 3
2026-04-28 10:20:32.329  1038-1568  LogicalDisplayMapper    system_server                        D  Removing display #33 from group #0
2026-04-28 10:20:32.331  1038-1038  WALLPAPER_...gerService system_server                        D  onDisplayAdded, 32 
2026-04-28 10:20:32.336  1447-1447  DisplayLifecycle        com.android.systemui                 D  addDisplay id = 32
2026-04-28 10:20:32.336  1038-1060  WindowManager           system_server                        V  Display removed displayId=32
2026-04-28 10:20:32.338  1447-1447  DisplayLifecycle        com.android.systemui                 E  addDisplay return - display is null or id is invalid
2026-04-28 10:20:32.339  1038-1062  DisplayManagerService   system_server                        D  Delivering display group event: groupId=0, event=2
2026-04-28 10:20:32.339  1038-1062  PowerManagerService     system_server                        D  onDisplayGroupChanged: groupId=0
2026-04-28 10:20:32.340   673-673   display                 and...graphics.composer@2.2-service  I  setColorTransform:: 0, 0
2026-04-28 10:20:32.342  1038-2070  DisplayManagerService   system_server                        D  Virtual Display: creating DisplayDevice with VirtualDisplayAdapter
2026-04-28 10:20:32.342   748-931   SurfaceFlinger          surfaceflinger                       I  createVirtualDisplay:name(studio.screen.sharing:0) token(0xb400007af6db0370) 
2026-04-28 10:20:32.343  1038-1062  DisplayManagerService   system_server                        D  Delivering display group event: groupId=0, event=2
2026-04-28 10:20:32.343  1038-1062  PowerManagerService     system_server                        D  onDisplayGroupChanged: groupId=0
2026-04-28 10:20:32.344  1038-2070  DisplayDeviceRepository system_server                        I  Display device added: DisplayDeviceInfo{"studio.screen.sharing:0": uniqueId="virtual:com.android.shell,2000,studio.screen.sharing:0,28", 1080 x 2408, modeId 37, renderFrameRate 60.0, defaultModeId 37, userPreferredModeId -1, supportedModes [{id=37, width=1080, height=2408, fps=60.0, vsync=60.0, synthetic=false, alternativeRefreshRates=[], supportedHdrTypes=[]}], colorMode 0, supportedColorModes [0], hdrCapabilities null, allmSupported false, gameContentTypeSupported false, density 1, 1.0 x 1.0 dpi, appVsyncOff 0, presDeadline 16666666, touch NONE, rotation 0, type VIRTUAL, deviceProductInfo null, state OFF, committedState UNKNOWN, owner com.android.shell (uid 2000), frameRateOverride , brightnessMinimum 0.0, brightnessMaximum 0.0, brightnessDefault 0.0, hdrSdrRatio NaN, FLAG_PRIVATE, installOrientation 0, displayShape DisplayShape{ spec=910408817 displayWidth=1080 displayHeight=2408 physicalPixelDisplaySizeRatio=1.0 rotation=0 offsetX=0 offsetY=0 scale=1.0}}
2026-04-28 10:20:32.346  1038-2070  LogicalDisplayMapper    system_server                        I  Applying layout: [{dispId: 0(ON), displayGroupName: , addr: {port=0}, mThermalBrightnessThrottlingMapId: null, mRefreshRateZoneId: null, mLeadDisplayId: -1, mLeadDisplayAddress: null, mThermalRefreshRateThrottlingMapId: null, mPowerThrottlingMapId: null}], Previous layout: [{dispId: 0(ON), displayGroupName: , addr: {port=0}, mThermalBrightnessThrottlingMapId: null, mRefreshRateZoneId: null, mLeadDisplayId: -1, mLeadDisplayAddress: null, mThermalRefreshRateThrottlingMapId: null, mPowerThrottlingMapId: null}]
2026-04-28 10:20:32.346  1038-2070  LogicalDisplayMapper    system_server                        I  Setting new display group 0 for display 34, from previous group: null
2026-04-28 10:20:32.350  1038-2070  BrightnessThrottler     system_server                        W  DeviceConfig ThermalBrightnessThrottlingData is null
2026-04-28 10:20:32.351  1038-2070  DisplayPow...oller2[34] system_server                        D  saveBrightnessInfo: brt:0.0 adjBrt:0.0 min:1.0 max:1.0 hbm:0 tp:Infinity throttler:0 isAnimating:false
2026-04-28 10:20:32.351  1038-2070  DisplayPow...oller2[34] system_server                        W  Screen brightness nits configuration is unavailable; falling back
2026-04-28 10:20:32.352  1038-2070  Brightness...ngStrategy system_server                        D  x: null y: null
2026-04-28 10:20:32.352  1038-2070  Brightness...ngStrategy system_server                        D  x: null y: null
2026-04-28 10:20:32.352  1038-2070  Brightness...ngStrategy system_server                        D  x: null y: null
2026-04-28 10:20:32.352  1038-2070  Brightness...ngStrategy system_server                        D  x: null y: null
2026-04-28 10:20:32.352  1038-2070  DisplayPow...oller2[34] system_server                        D  Create new DPC instance, mDisplayId=34 AutomaticBrightnessController=null defaultModeBrightnessMapper=null
2026-04-28 10:20:32.354  1038-3522  VirtualDisplayAdapter   system_server                        V  Release VirtualDisplay studio.screen.sharing:0
2026-04-28 10:20:32.354   748-778   SurfaceFlinger          surfaceflinger                       I  destroyVirtualDisplay:name(studio.screen.sharing:0) token(0xb400007af6db0370) 
2026-04-28 10:20:32.355  1038-3522  DisplayManagerService   system_server                        D  Virtual Display: Display Device released
2026-04-28 10:20:32.355  1038-3522  DisplayDeviceRepository system_server                        I  Display device removed: DisplayDeviceInfo{"studio.screen.sharing:0": uniqueId="virtual:com.android.shell,2000,studio.screen.sharing:0,28", 1080 x 2408, modeId 37, renderFrameRate 60.0, defaultModeId 37, userPreferredModeId -1, supportedModes [{id=37, width=1080, height=2408, fps=60.0, vsync=60.0, synthetic=false, alternativeRefreshRates=[], supportedHdrTypes=[]}], colorMode 0, supportedColorModes [0], hdrCapabilities null, allmSupported false, gameContentTypeSupported false, density 1, 1.0 x 1.0 dpi, appVsyncOff 0, presDeadline 16666666, touch NONE, rotation 0, type VIRTUAL, deviceProductInfo null, state OFF, committedState UNKNOWN, owner com.android.shell (uid 2000), frameRateOverride , brightnessMinimum 0.0, brightnessMaximum 0.0, brightnessDefault 0.0, hdrSdrRatio NaN, FLAG_PRIVATE, installOrientation 0, displayShape DisplayShape{ spec=910408817 displayWidth=1080 displayHeight=2408 physicalPixelDisplaySizeRatio=1.0 rotation=0 offsetX=0 offsetY=0 scale=1.0}}
2026-04-28 10:20:32.357  1038-3522  LogicalDisplayMapper    system_server                        D  Removing display #34 from group #0
2026-04-28 10:20:32.360  1038-1110  HighBright...Controller system_server                        I  mSupportHdrSolution: false
2026-04-28 10:20:32.360  1038-1060  WindowManager           system_server                        V  Display added displayId=33
2026-04-28 10:20:32.363  1038-1038  WALLPAPER_...gerService system_server                        D  onDisplayAdded, 33 
2026-04-28 10:20:32.363  1038-3302  DisplayManagerService   system_server                        D  Virtual Display: creating DisplayDevice with VirtualDisplayAdapter
2026-04-28 10:20:32.363   748-931   SurfaceFlinger          surfaceflinger                       I  createVirtualDisplay:name(studio.screen.sharing:0) token(0xb400007abe1d7a20) 
2026-04-28 10:20:32.364  1038-1059  Brightness...malClamper system_server                        D  New thermal throttling status = 3
2026-04-28 10:20:32.365  1038-3302  DisplayDeviceRepository system_server                        I  Display device added: DisplayDeviceInfo{"studio.screen.sharing:0": uniqueId="virtual:com.android.shell,2000,studio.screen.sharing:0,29", 1080 x 2408, modeId 38, renderFrameRate 60.0, defaultModeId 38, userPreferredModeId -1, supportedModes [{id=38, width=1080, height=2408, fps=60.0, vsync=60.0, synthetic=false, alternativeRefreshRates=[], supportedHdrTypes=[]}], colorMode 0, supportedColorModes [0], hdrCapabilities null, allmSupported false, gameContentTypeSupported false, density 1, 1.0 x 1.0 dpi, appVsyncOff 0, presDeadline 16666666, touch NONE, rotation 0, type VIRTUAL, deviceProductInfo null, state OFF, committedState UNKNOWN, owner com.android.shell (uid 2000), frameRateOverride , brightnessMinimum 0.0, brightnessMaximum 0.0, brightnessDefault 0.0, hdrSdrRatio NaN, FLAG_PRIVATE, installOrientation 0, displayShape DisplayShape{ spec=910408817 displayWidth=1080 displayHeight=2408 physicalPixelDisplaySizeRatio=1.0 rotation=0 offsetX=0 offsetY=0 scale=1.0}}
2026-04-28 10:20:32.367  1038-3302  LogicalDisplayMapper    system_server                        I  Applying layout: [{dispId: 0(ON), displayGroupName: , addr: {port=0}, mThermalBrightnessThrottlingMapId: null, mRefreshRateZoneId: null, mLeadDisplayId: -1, mLeadDisplayAddress: null, mThermalRefreshRateThrottlingMapId: null, mPowerThrottlingMapId: null}], Previous layout: [{dispId: 0(ON), displayGroupName: , addr: {port=0}, mThermalBrightnessThrottlingMapId: null, mRefreshRateZoneId: null, mLeadDisplayId: -1, mLeadDisplayAddress: null, mThermalRefreshRateThrottlingMapId: null, mPowerThrottlingMapId: null}]
2026-04-28 10:20:32.367  1038-3302  LogicalDisplayMapper    system_server                        I  Setting new display group 0 for display 35, from previous group: null
2026-04-28 10:20:32.370   673-714   virtualdisplay          and...graphics.composer@2.2-service  I  [VirtualDisplay] getWFDMode:: mode(0)
2026-04-28 10:20:32.372  1038-3302  BrightnessThrottler     system_server                        W  DeviceConfig ThermalBrightnessThrottlingData is null
2026-04-28 10:20:32.373   673-673   display                 and...graphics.composer@2.2-service  I  setColorTransform:: 0, 0
2026-04-28 10:20:32.374  1038-3302  DisplayPow...oller2[35] system_server                        D  saveBrightnessInfo: brt:0.0 adjBrt:0.0 min:1.0 max:1.0 hbm:0 tp:Infinity throttler:0 isAnimating:false
2026-04-28 10:20:32.374  1038-3302  DisplayPow...oller2[35] system_server                        W  Screen brightness nits configuration is unavailable; falling back
2026-04-28 10:20:32.374  1038-3302  Brightness...ngStrategy system_server                        D  x: null y: null
2026-04-28 10:20:32.374  1038-3302  Brightness...ngStrategy system_server                        D  x: null y: null
2026-04-28 10:20:32.374  1038-3302  Brightness...ngStrategy system_server                        D  x: null y: null
2026-04-28 10:20:32.374  1038-3302  Brightness...ngStrategy system_server                        D  x: null y: null
2026-04-28 10:20:32.375  1038-3302  DisplayPow...oller2[35] system_server                        D  Create new DPC instance, mDisplayId=35 AutomaticBrightnessController=null defaultModeBrightnessMapper=null
2026-04-28 10:20:32.379 19965-21694 CCodec                  app_process                          I  state->set(ALLOCATING)
2026-04-28 10:20:32.380  1038-1110  HighBright...Controller system_server                        I  mSupportHdrSolution: false
2026-04-28 10:20:32.380  1038-1060  WindowManager           system_server                        V  Display removed displayId=33
2026-04-28 10:20:32.381 19965-21695 CCodec                  app_process                          I  allocate(c2.exynos.vp8.encoder)
2026-04-28 10:20:32.381  1038-1059  Brightness...malClamper system_server                        D  New thermal throttling status = 3
2026-04-28 10:20:32.384  1038-1062  DisplayManagerService   system_server                        D  Delivering display group event: groupId=0, event=2
2026-04-28 10:20:32.384 19965-21695 CCodec                  app_process                          I  setting up 'default' as default (vendor) store
2026-04-28 10:20:32.384  1038-1062  PowerManagerService     system_server                        D  onDisplayGroupChanged: groupId=0
2026-04-28 10:20:32.384  1038-1062  PowerManagerService     system_server                        D  displayReady: false groupId=0
2026-04-28 10:20:32.385  1038-1062  DisplayModeDirector     system_server                        E  Asked about unknown display, returning empty display mode specs!(id=35)
2026-04-28 10:20:32.386  1038-1062  DisplayManagerService   system_server                        D  Delivering display group event: groupId=0, event=2
2026-04-28 10:20:32.386  1038-1062  PowerManagerService     system_server                        D  onDisplayGroupChanged: groupId=0
2026-04-28 10:20:32.386   697-763   ColorUtils              sam...hardware.media.c2@1.2-service  W  expected specified color aspects (0:0:0:0)
2026-04-28 10:20:32.387   697-763   samsung.ha....2-service sam...hardware.media.c2@1.2-service  I  missing struct descriptor #Param::CoreIndex(--1812) for field values of struct #Param::CoreIndex(F-11812)
2026-04-28 10:20:32.387  1038-1063  DisplayDevice           system_server                        D  setProjectionLocked, orientation=0, layerStackRect=Rect(0, 0 - 1080, 2408), displayRect=Rect(0, 0 - 1080, 2408) for virtual:com.android.shell,2000,studio.screen.sharing:0,29
2026-04-28 10:20:32.388  1038-1060  WindowManager           system_server                        V  Display added displayId=34
2026-04-28 10:20:32.389  1038-1063  SurfaceComposerClient   system_server                        I  apply DisplayState::eDisplayProjectionChanged(index:0) orientation(0) layerStackSpaceRect(1080x2408) orientedDisplaySpaceRect(1080x2408)
2026-04-28 10:20:32.389  1038-1110  DisplayPow...oller2[35] system_server                        D  [api] handleBrightnessModeChange: shouldUseAutoBrightness= false
2026-04-28 10:20:32.389  1038-1110  DisplayPow...oller2[35] system_server                        D  animateScreenStateChange: target=ON, mIsEnabled=true
2026-04-28 10:20:32.389  1038-1110  DisplayPow...oller2[35] system_server                        D  mWindowManagerPolicy.screenTurningOn() +
2026-04-28 10:20:32.389  1038-1110  WindowManager           system_server                        I  Display 35 turning on...
2026-04-28 10:20:32.389  1038-1110  WALLPAPER_...lpaperData system_server                        D  getWallpaperFile: file = /data/system/users/0/wallpaper_orig 
2026-04-28 10:20:32.390  1038-1110  WALLPAPER_...lpaperData system_server                        D  getWallpaperFile: file = /data/system/users/0/wallpaper_orig 
2026-04-28 10:20:32.390 19965-21695 CCodec                  app_process                          I  Created component [c2.exynos.vp8.encoder]
2026-04-28 10:20:32.390 19965-21695 CCodec                  app_process                          I  [c2.exynos.vp8.encoder] state->set(ALLOCATED)
2026-04-28 10:20:32.390  1038-1110  WALLPAPER_...gerService system_server                        D  notifyScreenTurningOn: displayId= 35 , target data= WallpaperData@ae22dd8, id: 43, which: 5, file mod: 1755366830201, info: null, engine(s): Proxy@5b500bd, type = 0, userId = 0, uri= null, allowBackup= true, wallpaperComponent = ComponentInfo{com.android.systemui/com.android.systemui.wallpapers.ImageWallpaper}, nextWallpaperComponent = ComponentInfo{com.android.systemui/com.android.systemui.wallpapers.ImageWallpaper} 
2026-04-28 10:20:32.390  1038-1110  WALLPAPER_...lpaperData system_server                        D  getWallpaperFile: file = /data/system/users/0/wallpaper_lock_images/wallpaper_lock_orig 
2026-04-28 10:20:32.390  1038-1110  WALLPAPER_...lpaperData system_server                        D  getWallpaperFile: file = /data/system/users/0/wallpaper_lock_images/wallpaper_lock_orig 
2026-04-28 10:20:32.390  1038-1038  WALLPAPER_...gerService system_server                        D  onDisplayAdded, 34 
2026-04-28 10:20:32.391 19965-21695 CCodecConfig            app_process                          D  read media type: video/x-vnd.on2.vp8
2026-04-28 10:20:32.391   862-947   bauth_FPBAuthService    ven...iometrics.fingerprint-service  I  pcf : 0x1012, 0 ,2 ,0 ,0 ,0 ,2, 8.0.0.3
2026-04-28 10:20:32.391  1038-1110  WALLPAPER_...gerService system_server                        D  notifyScreenTurningOn: displayId= 35 , target data= WallpaperData@9558531, id: 44, which: 6, file mod: 1756233086605, info: null, engine(s): Proxy@eff960c, type = 0, userId = 0, uri= null, allowBackup= true, wallpaperComponent = ComponentInfo{com.android.systemui/com.android.systemui.wallpapers.ImageWallpaper}, nextWallpaperComponent = ComponentInfo{com.android.systemui/com.android.systemui.wallpapers.ImageWallpaper} 
2026-04-28 10:20:32.391   862-947   bauth_FPBAuthService    ven...iometrics.fingerprint-service  I  thread id : 2, preenroll_flag : 0, nd cnt : 1, cso : 0, et : 0
2026-04-28 10:20:32.391   862-947   bauth_FPBAuthService    ven...iometrics.fingerprint-service  I  FPBAuthService::timerHandler complete
2026-04-28 10:20:32.391  1038-1110  DisplayPow...oller2[35] system_server                        D  mWindowManagerPolicy.screenTurningOn() -
2026-04-28 10:20:32.391  1038-1060  WindowManager           system_server                        W  All windows drawn on display 35
2026-04-28 10:20:32.392  1038-1110  DisplayPow...oller2[35] system_server                        W  Animating brightness: target=1(0.00), rate=0.000, rateAtHbm=0.000, reason=manual[1] -> 0x0[1]
2026-04-28 10:20:32.394  1038-1110  DisplayPow...oller2[35] system_server                        D  saveBrightnessInfo: brt:0.003921569 adjBrt:0.003921569 min:0.003921569 max:1.0 hbm:0 tp:Infinity throttler:0 isAnimating:false
2026-04-28 10:20:32.394  1038-1110  DisplayPow...oller2[35] system_server                        V  Brightness [0.003921569] reason changing to: 'manual', previous reason: '0'.
2026-04-28 10:20:32.394  1038-1110  DisplayPow...oller2[35] system_server                        I  BrightnessEvent: disp=35, physDisp=virtual:com.android.shell,2000,studio.screen.sharing:0,29, displayState=ON, displayPolicy=BRIGHT, brt=0.003921569, initBrt=NaN, rcmdBrt=NaN, preBrt=NaN, lux=0.0, preLux=0.0, hbmMax=1.0, hbmMode=off, rbcStrength=-1, thrmMax=1.0, powerFactor=1.0, wasShortTermModelActive=false, flags=, reason=manual, autoBrightness=false, strategy=InvalidBrightnessStrategy, autoBrightnessMode=default
2026-04-28 10:20:32.395 19965-21695 ReflectedParamUpdater   app_process                          D  extent() != 1 for single value type: output.subscribed-indices.values
2026-04-28 10:20:32.395 19965-21695 ReflectedParamUpdater   app_process                          D  extent() != 1 for single value type: input.buffers.allocator-ids.values
2026-04-28 10:20:32.395  1038-21696 DisplayManagerService   system_server                        D  !@display_state requestDisplayStateInternal: UNKNOWN -> ON displayId=35
2026-04-28 10:20:32.395 19965-21695 ReflectedParamUpdater   app_process                          D  extent() != 1 for single value type: output.buffers.allocator-ids.values
2026-04-28 10:20:32.396 19965-21695 ReflectedParamUpdater   app_process                          D  extent() != 1 for single value type: output.buffers.pool-ids.values
2026-04-28 10:20:32.397  1038-1060  WindowManager           system_server                        V  Display removed displayId=34
2026-04-28 10:20:32.399  1038-1062  DisplayManagerService   system_server                        D  Delivering display group event: groupId=0, event=2
2026-04-28 10:20:32.399  1038-1062  PowerManagerService     system_server                        D  onDisplayGroupChanged: groupId=0
2026-04-28 10:20:32.400  1038-1062  DisplayManagerService   system_server                        D  Delivering display group event: groupId=0, event=2
2026-04-28 10:20:32.401  1038-1062  PowerManagerService     system_server                        D  onDisplayGroupChanged: groupId=0
2026-04-28 10:20:32.401  1038-1060  WindowManager           system_server                        V  Display added displayId=35
2026-04-28 10:20:32.402 19965-21695 ReflectedParamUpdater   app_process                          D  ignored struct field coding.qp.values
2026-04-28 10:20:32.405  1038-1110  DisplayPow...oller2[35] system_server                        D  [api] handleSettingsChange: sb: 0.004 abAdj: 0.000 sbLock: false fd: false
2026-04-28 10:20:32.405  1038-1110  DisplayPow...oller2[35] system_server                        D  animateScreenStateChange: target=ON, mIsEnabled=true
2026-04-28 10:20:32.406   673-673   display                 and...graphics.composer@2.2-service  I  setColorTransform:: 0, 0
2026-04-28 10:20:32.408 19965-21695 CCodecConfig            app_process                          D  ignoring local param raw.color (0xc2001809) as it is already supported
2026-04-28 10:20:32.409  1038-1060  InputTransport          system_server                        D  Input channel constructed: 'Pointer', fd=779
2026-04-28 10:20:32.409  1038-1060  InputTransport          system_server                        D  Input channel constructed: 'Pointer', fd=1023
2026-04-28 10:20:32.410 19965-21695 CCodecConfig            app_process                          I  query failed after returning 19 values (BAD_INDEX)
2026-04-28 10:20:32.410 19965-21695 CCodecConfig            app_process                          D  c2 config diff is Dict {
                                                                                                      c2::u32 algo.bitrate-mode.value = 3
                                                                                                      c2::u32 algo.encoding-quality-level.value = 0
                                                                                                      c2::i32 algo.priority.value = 0
                                                                                                      c2::float algo.rate.value = 0
                                                                                                      c2::i32 coded.average-qp.value = 0
                                                                                                      c2::u32 coded.bitrate-mode.value = 1
                                                                                                      c2::u32 coded.bitrate.value = 64000
                                                                                                      c2::float coded.frame-rate.value = 15
                                                                                                      c2::u32 coded.hdr-format.value = 0
                                                                                                      c2::u32 coded.picture-type.value = 0
                                                                                                      c2::u32 coded.pl.level = 0
                                                                                                      c2::u32 coded.pl.profile = 0
                                                                                                      c2::u32 coding.intra-refresh.mode = 0
                                                                                                      c2::float coding.intra-refresh.period = 0
                                                                                                      c2::u32 coding.request-sync-frame.value = 0
                                                                                                      c2::i64 coding.sync-frame-interval.value = 1000000
                                                                                                      Buffer coding.temporal-layering = {
                                                                                                        00000000:  10 00 00 00 07 20 01 52  00 00 00 00 00 00 00 00  ..... .R........
                                                                                                      }
                                                                                                      string input.media-type.value = "video/raw"
                                                                                                      string output.media-type.value = "video/x-vnd.on2.vp8"
                                                                                                      c2::u32 raw.color.matrix = 0
                                                                                                      c2::u32 raw.color.primaries = 0
                                                                                                      c2::u32 raw.color.range = 0
                                                                                                      c2::u32 raw.color.transfer = 0
                                                                                                      c2::u32 raw.data
2026-04-28 10:20:32.411  1038-1038  WALLPAPER_...gerService system_server                        D  onDisplayAdded, 35 
2026-04-28 10:20:32.413 19965-20016 VQApply                 app_process                          D  minquality: codec claims to implement minquality=1
2026-04-28 10:20:32.413 19965-20016 MediaCodec              app_process                          D  shapeMediaFormat: deltas(1): AMessage(what = 0x00000000) = {
                                                                                                        int32_t android._encoding-quality-level = 1
                                                                                                      }
2026-04-28 10:20:32.413  1038-1110  WindowManager           system_server                        I  Display 35 turned on...
2026-04-28 10:20:32.413 19965-21695 CCodec                  app_process                          D  [c2.exynos.vp8.encoder] buffers are bound to CCodec for this session
2026-04-28 10:20:32.414  1038-1110  WALLPAPER_...lpaperData system_server                        D  getWallpaperFile: file = /data/system/users/0/wallpaper_orig 
2026-04-28 10:20:32.414  1038-1110  WALLPAPER_...lpaperData system_server                        D  getWallpaperFile: file = /data/system/users/0/wallpaper_orig 
2026-04-28 10:20:32.414 19965-21695 CCodec                  app_process                          I  appPid(19965) width(248) height(554)
2026-04-28 10:20:32.414  1038-1110  WALLPAPER_...gerService system_server                        D  notifyScreenTurnedOn: displayId= 35 , target data= WallpaperData@ae22dd8, id: 43, which: 5, file mod: 1755366830201, info: null, engine(s): Proxy@5b500bd, type = 0, userId = 0, uri= null, allowBackup= true, wallpaperComponent = ComponentInfo{com.android.systemui/com.android.systemui.wallpapers.ImageWallpaper}, nextWallpaperComponent = ComponentInfo{com.android.systemui/com.android.systemui.wallpapers.ImageWallpaper} 
2026-04-28 10:20:32.414  1038-1110  WALLPAPER_...lpaperData system_server                        D  getWallpaperFile: file = /data/system/users/0/wallpaper_lock_images/wallpaper_lock_orig 
2026-04-28 10:20:32.414  1038-1110  WALLPAPER_...lpaperData system_server                        D  getWallpaperFile: file = /data/system/users/0/wallpaper_lock_images/wallpaper_lock_orig 
2026-04-28 10:20:32.414  1038-1110  WALLPAPER_...gerService system_server                        D  notifyScreenTurnedOn: displayId= 35 , target data= WallpaperData@9558531, id: 44, which: 6, file mod: 1756233086605, info: null, engine(s): Proxy@eff960c, type = 0, userId = 0, uri= null, allowBackup= true, wallpaperComponent = ComponentInfo{com.android.systemui/com.android.systemui.wallpapers.ImageWallpaper}, nextWallpaperComponent = ComponentInfo{com.android.systemui/com.android.systemui.wallpapers.ImageWallpaper} 
2026-04-28 10:20:32.414 19965-21695 CCodecConfig            app_process                          D  no c2 equivalents for color-format
2026-04-28 10:20:32.414 19965-21695 CCodecConfig            app_process                          D  no c2 equivalents for repeat-previous-frame-after
2026-04-28 10:20:32.414 19965-21695 CCodecConfig            app_process                          D  no c2 equivalents for color-standard
2026-04-28 10:20:32.414 19965-21695 CCodecConfig            app_process                          D  no c2 equivalents for flags
2026-04-28 10:20:32.415 19965-21695 CCodecConfig            app_process                          D  no c2 equivalents for encoder
2026-04-28 10:20:32.415  1038-1110  PowerManagerService     system_server                        D  displayReady: true groupId=0
2026-04-28 10:20:32.417 19965-21695 CCodecConfig            app_process                          D  c2 config diff is   c2::u32 algo.encoding-quality-level.value = 1
                                                                                                      c2::u32 coded.bitrate.value = 10000000
                                                                                                      c2::float coded.frame-rate.value = 60
                                                                                                      c2::i64 coding.sync-frame-interval.value = 10000000
                                                                                                      c2::u32 raw.color.matrix = 3
                                                                                                      c2::u32 raw.color.primaries = 4
                                                                                                      c2::u32 raw.color.range = 2
                                                                                                      c2::u32 raw.color.transfer = 3
                                                                                                      c2::u32 raw.size.height = 554
                                                                                                      c2::u32 raw.size.width = 248
2026-04-28 10:20:32.418 19965-21695 CCodec                  app_process                          D  Setting encoder options for disabling wrapping
2026-04-28 10:20:32.418 19965-21695 CCodec                  app_process                          D  encoding statistics level = 0
2026-04-28 10:20:32.418 19965-21695 CCodec                  app_process                          D  setup formats input: AMessage(what = 0x00000000) = {
                                                                                                      int32_t android._color-format = 2130708361
                                                                                                      int32_t android._dataspace = 0
                                                                                                      int32_t bitrate-mode = 1
                                                                                                      int32_t frame-rate = 60
                                                                                                      int32_t height = 554
                                                                                                      int32_t intra-refresh-period = 0
                                                                                                      string mime = "video/raw"
                                                                                                      int32_t priority = 0
                                                                                                      int32_t video-qp-average = 0
                                                                                                      int32_t width = 248
                                                                                                      Rect crop(0, 0, 247, 553)
                                                                                                      int64_t android._C2MemoryUsage = 65536
                                                                                                      int32_t color-format = 2130708361
                                                                                                      int32_t bytebuffer-wrapping-disable = 1
                                                                                                    }
2026-04-28 10:20:32.418 19965-21695 CCodec                  app_process                          D  setup formats output: AMessage(what = 0x00000000) = {
                                                                                                      int32_t bitrate = 10000000
                                                                                                      int32_t bitrate-mode = 1
                                                                                                      Rect crop(0, 0, 247, 553)
                                                                                                      int32_t width = 248
                                                                                                      int32_t color-standard = 4
                                                                                                      int32_t color-range = 2
                                                                                                      int32_t color-transfer = 3
                                                                                                      int32_t frame-rate = 60
                                                                                                      int32_t height = 554
                                                                                                      int32_t intra-refresh-period = 0
                                                                                                      int32_t level = 1
                                                                                                      int32_t max-bitrate = 10000000
                                                                                                      string mime = "video/x-vnd.on2.vp8"
                                                                                                      int32_t priority = 0
                                                                                                      int32_t profile = 1
