2026-04-28 10:20:28.328   697-20036 ExynosVideoEncoder      sam...hardware.media.c2@1.2-service  D  [Encoder_DynamicFrameRate] old ts : 342876168849, cur ts : 342876149996, old fps : 53, cur fps : 63
2026-04-28 10:20:28.337 20483-20483 View                    com.citymapper.app.release           I  setRequestedFrameRate frameRate=-4.0, this=android.webkit.WebView{43affb9 VFEDHVC.. ........ 0,0-1080,2185 #7f0b0b04 app:id/web_view}, caller=WV.zf.p:1 WV.zg.h:117 WV.zg.onDraw:7 com.android.webview.chromium.WebViewChromium.onDraw:19 android.webkit.WebView.onDraw:2959 
2026-04-28 10:20:28.341  1038-1047  system_server           system_server                        I  Background young concurrent mark compact GC freed 16MB AllocSpace bytes, 8(128KB) LOS objects, 12% free, 119MB/136MB, paused 6.561ms,29.506ms total 330.944ms
2026-04-28 10:20:28.341   697-20036 ExynosVideoEncoder      sam...hardware.media.c2@1.2-service  D  [Encoder_DynamicFrameRate] old ts : 342876183512, cur ts : 342876168849, old fps : 68, cur fps : 53
2026-04-28 10:20:28.351  1038-2114  InputDispatcher         system_server                        D  Inject motion (19965/2000): action=0x1, time=342876198000000, f=0x0, d=0 dsdx=1.000000 dtdx=0.000000
2026-04-28 10:20:28.352  1038-1187  InputDispatcher         system_server                        I  Delivering touch to (20483): action: 0x1, f=0x0, d=0, '1271229', t=1 
2026-04-28 10:20:28.354 20483-20483 View                    com.citymapper.app.release           I  setRequestedFrameRate frameRate=-4.0, this=android.webkit.WebView{43affb9 VFEDHVC.. ........ 0,0-1080,2185 #7f0b0b04 app:id/web_view}, caller=WV.zf.p:1 WV.zg.h:117 WV.zg.onDraw:7 com.android.webview.chromium.WebViewChromium.onDraw:19 android.webkit.WebView.onDraw:2959 
2026-04-28 10:20:28.354  1038-1038  SemDvfsHyPerManager     system_server                        I  acquire hyper - SMOOTH_SCROLL/1038@20, type = -999
2026-04-28 10:20:28.355   686-719   HYPER-HAL               ven...amsung.hardware.hyper-service  I  [RequestManager.cpp]acquire(): Acquired ID : 560231  [1038 / 20]    HINT : SMOOTH_SCROLL    list : 
2026-04-28 10:20:28.356   686-719   HYPER-HAL               ven...amsung.hardware.hyper-service  I  [RequestManager.cpp]releaseLocked(): Released ID : 560231
2026-04-28 10:20:28.357   697-20036 ExynosVideoEncoder      sam...hardware.media.c2@1.2-service  D  [Encoder_DynamicFrameRate] old ts : 342876199949, cur ts : 342876183512, old fps : 61, cur fps : 68
2026-04-28 10:20:28.357 20483-20483 VRI[Single...y]@3ee197f com.citymapper.app.release           I  ViewPostIme pointer 1
2026-04-28 10:20:28.357  1038-1038  SemDvfsHyPerManager     system_server                        I  acquire hyper - GESTURE_DETECTED/1038@21, type = -999
2026-04-28 10:20:28.358  1038-1038  SemDvfsHyPerManager     system_server                        I  acquire hyper - GESTURE_DETECTED/1038@21, type = -999
2026-04-28 10:20:28.358   686-719   HYPER-HAL               ven...amsung.hardware.hyper-service  I  [RequestManager.cpp]acquire(): Acquired ID : 561291  [1038 / 21]    HINT : GESTURE_DETECTED    list : [TIMEOUT / 2989] 
2026-04-28 10:20:28.359   686-719   HYPER-HAL               ven...amsung.hardware.hyper-service  I  [RequestManager.cpp]acquire(): Acquired ID : 561291  [1038 / 21]    HINT : GESTURE_DETECTED    list : [TIMEOUT / 2989] 
2026-04-28 10:20:28.367 20483-20483 View                    com.citymapper.app.release           I  setRequestedFrameRate frameRate=-4.0, this=android.webkit.WebView{43affb9 VFEDHVC.. ........ 0,0-1080,2185 #7f0b0b04 app:id/web_view}, caller=WV.zf.p:1 WV.zg.h:117 WV.zg.onDraw:7 com.android.webview.chromium.WebViewChromium.onDraw:19 android.webkit.WebView.onDraw:2959 
2026-04-28 10:20:28.372  1038-3302  InputDispatcher         system_server                        D  Inject motion (19965/2000): action=0x9, time=342876218000000, f=0x0, d=0 dsdx=1.000000 dtdx=0.000000
2026-04-28 10:20:28.373  1038-1187  InputDispatcher         system_server                        I  Canceling stream: last source was MOUSE and new event is MotionEvent
2026-04-28 10:20:28.373  1038-1187  InputDispatcher         system_server                        I  Canceling pointers for device -1 in 87d0c9 StatusBar (server) with event MotionEvent
2026-04-28 10:20:28.374  1038-1187  InputDispatcher         system_server                        I  Delivering touch to (1447): action: 0xa, f=0x0, d=0, '87d0c9 ', t=1 
2026-04-28 10:20:28.374  1038-1187  InputDispatcher         system_server                        I  Delivering touch to (1447): action: 0x9, f=0x0, d=0, '87d0c9 ', t=1 
2026-04-28 10:20:28.375  1038-1187  InputDispatcher         system_server                        I  Canceling stream: last source was TOUCHSCREEN | STYLUS and new event is MotionEvent
2026-04-28 10:20:28.376  1038-1187  InputDispatcher         system_server                        I  Canceling pointers for device -1 in [Gesture Monitor] secinputdev (server) with event MotionEvent
2026-04-28 10:20:28.377  1038-1187  InputDispatcher         system_server                        I  Canceling stream: last source was TOUCHSCREEN | STYLUS and new event is MotionEvent
2026-04-28 10:20:28.377  1038-1187  InputDispatcher         system_server                        I  Canceling pointers for device -1 in 87d0c9 StatusBar (server) with event MotionEvent
2026-04-28 10:20:28.377  1038-1187  InputDispatcher         system_server                        I  Delivering touch to (1447): action: 0xa, f=0x0, d=0, '87d0c9 ', t=1 
2026-04-28 10:20:28.377  1038-1187  InputDispatcher         system_server                        I  Delivering touch to (1447): action: 0x9, f=0x0, d=0, '87d0c9 ', t=1 
2026-04-28 10:20:28.377  1038-1187  InputDispatcher         system_server                        I  Canceling stream: last source was TOUCHSCREEN | STYLUS and new event is MotionEvent
2026-04-28 10:20:28.377  1038-1187  InputDispatcher         system_server                        I  Canceling pointers for device -1 in [Gesture Monitor] PalmMotion (server) with event MotionEvent
2026-04-28 10:20:28.377  1038-1187  InputDispatcher         system_server                        I  Canceling stream: last source was TOUCHSCREEN | STYLUS and new event is MotionEvent
2026-04-28 10:20:28.377  1038-1187  InputDispatcher         system_server                        I  Canceling pointers for device -1 in PointerEventDispatcher0 (server) with event MotionEvent
2026-04-28 10:20:28.382  1447-1447  VRI[StatusBar]@3f7eb71  com.android.systemui                 I  updatePointerIcon : PointerIcon{type=NOT_SPECIFIED, hotspotX=0.0, hotspotY=0.0}
2026-04-28 10:20:28.383  1038-2114  InputManager-JNI        system_server                        W  Attempted to change the pointer icon for deviceId -1 on display 0 from input token 0xb4000075b2c80ee0, but the pointer is not in the window.
2026-04-28 10:20:28.384 20483-20483 View                    com.citymapper.app.release           I  setRequestedFrameRate frameRate=-4.0, this=android.webkit.WebView{43affb9 VFEDHVC.. ........ 0,0-1080,2185 #7f0b0b04 app:id/web_view}, caller=WV.zf.p:1 WV.zg.h:117 WV.zg.onDraw:7 com.android.webview.chromium.WebViewChromium.onDraw:19 android.webkit.WebView.onDraw:2959 
2026-04-28 10:20:28.386  1038-1187  InputDispatcher         system_server                        I  Delivering touch to (20483): action: 0x9, f=0x0, d=0, '1271229', t=1 
2026-04-28 10:20:28.389   862-947   bauth_FPBAuthService    ven...iometrics.fingerprint-service  I  pcf : 0x1012, 0 ,2 ,0 ,0 ,0 ,2, 8.0.0.3
2026-04-28 10:20:28.390   862-947   bauth_FPBAuthService    ven...iometrics.fingerprint-service  I  thread id : 2, preenroll_flag : 0, nd cnt : 1, cso : 0, et : 0
2026-04-28 10:20:28.390   862-947   bauth_FPBAuthService    ven...iometrics.fingerprint-service  I  FPBAuthService::timerHandler complete
2026-04-28 10:20:28.390 20483-20483 VRI[Single...y]@3ee197f com.citymapper.app.release           I  updatePointerIcon : PointerIcon{type=NOT_SPECIFIED, hotspotX=0.0, hotspotY=0.0}
2026-04-28 10:20:28.390  1038-2114  PointerChoreographer    system_server                        W  Invalid device id -1. Cannot set pointer icon.
2026-04-28 10:20:28.391   697-20036 ExynosVideoEncoder      sam...hardware.media.c2@1.2-service  D  [Encoder_DynamicFrameRate] old ts : 342876234216, cur ts : 342876216214, old fps : 56, cur fps : 61
2026-04-28 10:20:28.394  1447-1447  VRI[StatusBar]@3f7eb71  com.android.systemui                 I  updatePointerIcon : PointerIcon{type=NOT_SPECIFIED, hotspotX=0.0, hotspotY=0.0}
2026-04-28 10:20:28.394  1038-2114  InputManager-JNI        system_server                        W  Attempted to change the pointer icon for deviceId -1 on display 0 from input token 0xb4000075b2c80ee0, but the pointer is not in the window.
2026-04-28 10:20:28.400  3127-3264  N0                      com.sec.android.sdhms                I  limitGPUFreq:: freq = 865000
2026-04-28 10:20:28.400  3127-3264  SemDvfsHyPerManager     com.sec.android.sdhms                I  acquire hyper - SIOP_GPU_FREQ_MAX/3127@4, type = 536875010
2026-04-28 10:20:28.400  3127-3264  N0                      com.sec.android.sdhms                I  limitCPUFreq:: freq = 1846000
2026-04-28 10:20:28.401  3127-3264  SemDvfsHyPerManager     com.sec.android.sdhms                I  acquire hyper - SIOP_ARM_MAX/3127@2, type = 301993986
2026-04-28 10:20:28.401   686-719   HYPER-HAL               ven...amsung.hardware.hyper-service  I  [RequestManager.cpp]acquire(): Acquired ID : 4903150  [3127 / 4]    HINT :      list : [GPUMaxFreq / 865000] 
2026-04-28 10:20:28.401 20483-20483 View                    com.citymapper.app.release           I  setRequestedFrameRate frameRate=-4.0, this=android.webkit.WebView{43affb9 VFEDHVC.. ........ 0,0-1080,2185 #7f0b0b04 app:id/web_view}, caller=WV.zf.p:1 WV.zg.h:117 WV.zg.onDraw:7 com.android.webview.chromium.WebViewChromium.onDraw:19 android.webkit.WebView.onDraw:2959 
2026-04-28 10:20:28.401   686-719   HYPER-HAL               ven...amsung.hardware.hyper-service  I  [RequestManager.cpp]acquire(): Acquired ID : 4896887  [3127 / 2]    HINT :      list : [CPUMaxFreq / 1846000] 
2026-04-28 10:20:28.407   697-20036 ExynosVideoEncoder      sam...hardware.media.c2@1.2-service  D  [Encoder_DynamicFrameRate] old ts : 342876250582, cur ts : 342876234216, old fps : 61, cur fps : 56
2026-04-28 10:20:28.417 20483-20483 VRI[Single...y]@3ee197f com.citymapper.app.release           I  updatePointerIcon : PointerIcon{type=TEXT, hotspotX=0.0, hotspotY=0.0}
2026-04-28 10:20:28.418  1038-2070  PointerChoreographer    system_server                        W  Invalid device id -1. Cannot set pointer icon.
2026-04-28 10:20:28.422   697-20036 ExynosVideoEncoder      sam...hardware.media.c2@1.2-service  D  [Encoder_DynamicFrameRate] old ts : 342876265405, cur ts : 342876250582, old fps : 67, cur fps : 61
2026-04-28 10:20:28.422 20483-20483 View                    com.citymapper.app.release           I  setRequestedFrameRate frameRate=-4.0, this=android.webkit.WebView{43affb9 VFEDHVC.. ........ 0,0-1080,2185 #7f0b0b04 app:id/web_view}, caller=WV.zf.p:1 WV.zg.h:117 WV.zg.onDraw:7 com.android.webview.chromium.WebViewChromium.onDraw:19 android.webkit.WebView.onDraw:2959 
2026-04-28 10:20:28.424 20483-20483 VRI[Single...y]@3ee197f com.citymapper.app.release           I  updatePointerIcon : PointerIcon{type=ARROW, hotspotX=0.0, hotspotY=0.0}
2026-04-28 10:20:28.425  1038-3302  PointerChoreographer    system_server                        W  Invalid device id -1. Cannot set pointer icon.
2026-04-28 10:20:28.439   697-20036 ExynosVideoEncoder      sam...hardware.media.c2@1.2-service  D  [Encoder_DynamicFrameRate] old ts : 342876282639, cur ts : 342876265405, old fps : 58, cur fps : 67
2026-04-28 10:20:28.455   697-20036 ExynosVideoEncoder      sam...hardware.media.c2@1.2-service  D  [Encoder_DynamicFrameRate] old ts : 342876298972, cur ts : 342876282639, old fps : 61, cur fps : 58
2026-04-28 10:20:28.515 20483-20483 VRI[Single...y]@3ee197f com.citymapper.app.release           I  updatePointerIcon : PointerIcon{type=NOT_SPECIFIED, hotspotX=0.0, hotspotY=0.0}
2026-04-28 10:20:28.516  1038-2070  PointerChoreographer    system_server                        W  Invalid device id -1. Cannot set pointer icon.
2026-04-28 10:20:28.556   697-20036 ExynosVideoEncoder      sam...hardware.media.c2@1.2-service  D  [Encoder_DynamicFrameRate] old ts : 342876398972, cur ts : 342876298972, old fps : 10, cur fps : 61
2026-04-28 10:20:28.593  1038-2070  InputDispatcher         system_server                        D  Inject motion (19965/2000): action=0xa, time=342876440000000, f=0x0, d=0 dsdx=1.000000 dtdx=0.000000
2026-04-28 10:20:28.594  1038-2070  InputDispatcher         system_server                        D  Inject key (19965/2000): action=0, f=0x0, d=-1, time=342876441000000
2026-04-28 10:20:28.595  1038-1187  InputDispatcher         system_server                        I  Canceling stream: last source was MOUSE and new event is MotionEvent
2026-04-28 10:20:28.595  1038-1187  InputDispatcher         system_server                        I  Canceling pointers for device -1 in [Gesture Monitor] secinputdev (server) with event MotionEvent
2026-04-28 10:20:28.595  1038-1187  InputDispatcher         system_server                        W  channel [Gesture Monitor] secinputdev (server)~ dropping inconsistent event: DispatchEntry{resolvedFlags=0, targetFlags=0x0, transform=transform (ROT_0) (IDENTITY)
                                                                                                    } original: MotionEvent
2026-04-28 10:20:28.595  1038-1187  InputDispatcher         system_server                        I  Canceling stream: last source was MOUSE and new event is MotionEvent
2026-04-28 10:20:28.595  1038-1187  InputDispatcher         system_server                        I  Canceling pointers for device -1 in [Gesture Monitor] PalmMotion (server) with event MotionEvent
2026-04-28 10:20:28.595  1038-1187  InputDispatcher         system_server                        W  channel [Gesture Monitor] PalmMotion (server)~ dropping inconsistent event: DispatchEntry{resolvedFlags=0, targetFlags=0x0, transform=transform (ROT_0) (IDENTITY)
                                                                                                    } original: MotionEvent
2026-04-28 10:20:28.595  1038-1187  InputDispatcher         system_server                        I  Canceling stream: last source was MOUSE and new event is MotionEvent
2026-04-28 10:20:28.595  1038-1187  InputDispatcher         system_server                        I  Canceling pointers for device -1 in 1271229 com.citymapper.app.release/com.citymapper.app.SingleFragmentActivity (server) with event MotionEvent
2026-04-28 10:20:28.595  1038-1187  InputDispatcher         system_server                        W  channel 1271229 com.citymapper.app.release/com.citymapper.app.SingleFragmentActivity (server)~ dropping inconsistent event: DispatchEntry{resolvedFlags=0, targetFlags=0x0, transform=transform (ROT_0) (IDENTITY)
                                                                                                    } original: MotionEvent
2026-04-28 10:20:28.596  1038-1187  InputDispatcher         system_server                        I  Delivering touch to (20483): action: 0xa, f=0x0, d=0, '1271229', t=1 
2026-04-28 10:20:28.596  1038-1187  InputDispatcher         system_server                        I  Canceling stream: last source was MOUSE and new event is MotionEvent
2026-04-28 10:20:28.596  1038-1187  InputDispatcher         system_server                        I  Canceling pointers for device -1 in PointerEventDispatcher0 (server) with event MotionEvent
2026-04-28 10:20:28.596  1038-1187  InputDispatcher         system_server                        W  channel PointerEventDispatcher0 (server)~ dropping inconsistent event: DispatchEntry{resolvedFlags=0, targetFlags=0x0, transform=transform (ROT_0) (IDENTITY)
                                                                                                    } original: MotionEvent
2026-04-28 10:20:28.597  1038-2070  InputManager-JNI        system_server                        D  !@interceptKeyBeforeQueueing(0), action=0, interactive=true
2026-04-28 10:20:28.597  1038-2070  SingleKeyGesture        system_server                        D  interceptKeyDown, info : KeyCode=KEYCODE_UNKNOWN, size=0
2026-04-28 10:20:28.597  1038-2070  WindowManager           system_server                        D  interceptKeyTq interceptKeyResult=1
2026-04-28 10:20:28.598  1038-2070  WindowWakeUpPolicy      system_server                        D  HINT_DEVICE_WAKEUP acquire()
2026-04-28 10:20:28.598  1038-2070  SemDvfsHyPerManager     system_server                        I  acquire hyper - DEVICE_WAKEUP/1038@27, type = -999
2026-04-28 10:20:28.598  1038-2070  PowerManagerService     system_server                        D  [api] wakeUp (uid: 1000 pid: 1038) eventTime = 342876441
2026-04-28 10:20:28.598   686-719   HYPER-HAL               ven...amsung.hardware.hyper-service  I  [RequestManager.cpp]acquire(): Acquired ID : 567672  [1038 / 27]    HINT : DEVICE_WAKEUP    list : 
2026-04-28 10:20:28.599  1038-2070  InputManager-JNI        system_server                        D  !@handleInterceptActions(0), action=0, wmActions=0
2026-04-28 10:20:28.600  1038-2070  InputDispatcher         system_server                        D  Inject key (19965/2000): action=1, f=0x0, d=-1, time=342876441000000
2026-04-28 10:20:28.600  1038-2070  InputManager-JNI        system_server                        D  !@interceptKeyBeforeQueueing(0), action=1, interactive=true
2026-04-28 10:20:28.600  3127-3127  N0                      com.sec.android.sdhms                I  limitGPUFreq:: freq = -1
2026-04-28 10:20:28.600  1038-2070  WindowManager           system_server                        D  interceptKeyTq interceptKeyResult=1
2026-04-28 10:20:28.600  1038-2070  InputManager-JNI        system_server                        D  !@handleInterceptActions(0), action=1, wmActions=0
2026-04-28 10:20:28.600  3127-3127  N0                      com.sec.android.sdhms                I  limitCPUFreq:: freq = -1
2026-04-28 10:20:28.601   686-719   HYPER-HAL               ven...amsung.hardware.hyper-service  I  [RequestManager.cpp]releaseLocked(): Released ID : 4903150
2026-04-28 10:20:28.602   686-719   HYPER-HAL               ven...amsung.hardware.hyper-service  I  [RequestManager.cpp]releaseLocked(): Released ID : 4896887
2026-04-28 10:20:28.602  1038-1139  InputDispatcher         system_server                        D  Inject motion (19965/2000): action=0x0, time=342876441000000, f=0x0, d=0 dsdx=1.000000 dtdx=0.000000
2026-04-28 10:20:28.603  1038-1187  InputDispatcher         system_server                        I  Delivering touch to (1447): action: 0x4, f=0x0, d=0, '2a3306a', t=1 
2026-04-28 10:20:28.603  1038-1187  InputDispatcher         system_server                        I  Delivering touch to (20483): action: 0x0, f=0x0, d=0, '1271229', t=1 
2026-04-28 10:20:28.603 20483-20483 VRI[Single...y]@3ee197f com.citymapper.app.release           I  ViewPostIme pointer 0
2026-04-28 10:20:28.605  1038-1060  GestureDetector         system_server                        I  obtain mCurrentDownEvent. id: -44001622 caller: com.android.server.wm.SystemGesturesPointerEventListener.onPointerEvent:17 com.android.server.wm.PointerEventDispatcher.onInputEvent:51 android.view.InputEventReceiver.dispatchInputEvent:385 
2026-04-28 10:20:28.605  1038-1060  GestureDetector         system_server                        I  obtain mCurrentDownEvent. id: -44001622 caller: com.android.server.wm.SystemPerformancePointerEventListener.onPointerEvent:13 com.android.server.wm.PointerEventDispatcher.onInputEvent:51 android.view.InputEventReceiver.dispatchInputEvent:385 
2026-04-28 10:20:28.607  1038-1060  GestureDetector         system_server                        I  obtain mCurrentMotionEventRaw. action: 2 id: -454104105
2026-04-28 10:20:28.607  1038-1060  GestureDetector         system_server                        I  obtain mCurrentMotionEventRaw. action: 2 id: -454104105
2026-04-28 10:20:28.608  3127-3127  SemDvfsHyPerManager     com.sec.android.sdhms                I  acquire hyper - GovernorExynos850_CstateLevel/3127@20, type = -999
2026-04-28 10:20:28.608   686-719   HYPER-HAL               ven...amsung.hardware.hyper-service  I  [RequestManager.cpp]acquire(): Acquired ID : 4953398  [3127 / 20]    HINT :      list : [LPMDisableLevel / 1] [TIMEOUT / 700] 
2026-04-28 10:20:28.634 20483-20483 View                    com.citymapper.app.release           I  setRequestedFrameRate frameRate=-4.0, this=android.webkit.WebView{43affb9 VFEDHVC.. ........ 0,0-1080,2185 #7f0b0b04 app:id/web_view}, caller=WV.zf.p:1 WV.zg.h:117 WV.zg.onDraw:7 com.android.webview.chromium.WebViewChromium.onDraw:19 android.webkit.WebView.onDraw:2959 
2026-04-28 10:20:28.637 16675-16841 msys                    com.instagram.android                E  E[N mns:DGWClient]_OnDiskCacheGetData(1091)=>Start post callback cache refresh DNS resolution
2026-04-28 10:20:28.643  1038-1386  NetdEventL...nerService system_server                        D  DNS Requested by 524, 10288(com.instagram.android), 4(FAIL), isBlocked=true, 0ms
2026-04-28 10:20:28.644 16675-16841 msys                    com.instagram.android                E  E[N mns:DGWClient]_LogError(280)=>Failed to resolve using system DNS resolver, getaddrinfo(): No address associated with hostname
2026-04-28 10:20:28.645 16675-16841 msys                    com.instagram.android                E  E[N mns:DGWClient]_OnDiskCacheGetData(1091)=>Start post callback cache refresh DNS resolution
2026-04-28 10:20:28.648  1038-1386  NetdEventL...nerService system_server                        D  DNS Requested by 524, 10288(com.instagram.android), 4(FAIL), isBlocked=true, 0ms
2026-04-28 10:20:28.648 16675-16841 msys                    com.instagram.android                E  E[N mns:DGWClient]_LogError(280)=>Failed to resolve using system DNS resolver, getaddrinfo(): No address associated with hostname
2026-04-28 10:20:28.654 20483-20483 View                    com.citymapper.app.release           I  setRequestedFrameRate frameRate=-4.0, this=android.webkit.WebView{43affb9 VFEDHVC.. ........ 0,0-1080,2185 #7f0b0b04 app:id/web_view}, caller=WV.zf.p:1 WV.zg.h:117 WV.zg.onDraw:7 com.android.webview.chromium.WebViewChromium.onDraw:19 android.webkit.WebView.onDraw:2959 
2026-04-28 10:20:28.656   748-2295  NativeSemDvfsManager    surfaceflinger                       D  acquire:: timeout = 2000 mIsAcquired = 1  mTagName : SurfaceFlinger 
2026-04-28 10:20:28.657   748-2295  NativeCust...ncyManager surfaceflinger                       E  [NativeCFMS] BpCustomFrequencyManager::acquire()
2026-04-28 10:20:28.657   686-719   HYPER-HAL               ven...amsung.hardware.hyper-service  I  [RequestManager.cpp]acquire(): Acquired ID : 1529626  [748 / 1000]    HINT : SF_GPU_MINLOCK    list : [TIMEOUT / 2000] 
2026-04-28 10:20:28.668 20483-20483 View                    com.citymapper.app.release           I  setRequestedFrameRate frameRate=-4.0, this=android.webkit.WebView{43affb9 VFEDHVC.. ........ 0,0-1080,2185 #7f0b0b04 app:id/web_view}, caller=WV.zf.p:1 WV.zg.h:117 WV.zg.onDraw:7 com.android.webview.chromium.WebViewChromium.onDraw:19 android.webkit.WebView.onDraw:2959 
2026-04-28 10:20:28.676   697-20036 ExynosVideoEncoder      sam...hardware.media.c2@1.2-service  D  [Encoder_DynamicFrameRate] old ts : 342876516363, cur ts : 342876499963, old fps : 61, cur fps : 10
2026-04-28 10:20:28.685 20483-20483 View                    com.citymapper.app.release           I  setRequestedFrameRate frameRate=-4.0, this=android.webkit.WebView{43affb9 VFEDHVC.. ........ 0,0-1080,2185 #7f0b0b04 app:id/web_view}, caller=WV.zf.p:1 WV.zg.h:117 WV.zg.onDraw:7 com.android.webview.chromium.WebViewChromium.onDraw:19 android.webkit.WebView.onDraw:2959 
2026-04-28 10:20:28.696  1038-1139  InputDispatcher         system_server                        D  Inject motion (19965/2000): action=0x1, time=342876543000000, f=0x0, d=0 dsdx=1.000000 dtdx=0.000000
2026-04-28 10:20:28.697  1038-1187  InputDispatcher         system_server                        I  Delivering touch to (20483): action: 0x1, f=0x0, d=0, '1271229', t=1 
2026-04-28 10:20:28.699  3127-3127  SemDvfsHyPerManager     com.sec.android.sdhms                I  acquire hyper - GovernorExynos850_CstateLevel/3127@20, type = -999
2026-04-28 10:20:28.699 20483-20483 VRI[Single...y]@3ee197f com.citymapper.app.release           I  ViewPostIme pointer 1
2026-04-28 10:20:28.699   686-719   HYPER-HAL               ven...amsung.hardware.hyper-service  I  [RequestManager.cpp]acquire(): Acquired ID : 4953398  [3127 / 20]    HINT :      list : [LPMDisableLevel / 1] [TIMEOUT / 700] 
2026-04-28 10:20:28.700  1038-1060  PowerManagerService     system_server                        D  [api] setPowerBoost(L) boost:0, durationMs:2650, caller (uid: 1000 pid: 1038) <- m() in com.android.server.display.DisplayManagerService$BinderService$$ExternalSyntheticOutline0:1
2026-04-28 10:20:28.703  1038-1038  SemDvfsHyPerManager     system_server                        I  acquire hyper - GESTURE_DETECTED/1038@21, type = -999
2026-04-28 10:20:28.703  1038-1038  SemDvfsHyPerManager     system_server                        I  acquire hyper - GESTURE_DETECTED/1038@21, type = -999
2026-04-28 10:20:28.704  1038-1038  SemDvfsHyPerManager     system_server                        I  acquire hyper - SMOOTH_SCROLL/1038@20, type = -999
2026-04-28 10:20:28.704   686-719   HYPER-HAL               ven...amsung.hardware.hyper-service  I  [RequestManager.cpp]acquire(): Acquired ID : 561291  [1038 / 21]    HINT : GESTURE_DETECTED    list : [TIMEOUT / 2650] 
2026-04-28 10:20:28.704   686-719   HYPER-HAL               ven...amsung.hardware.hyper-service  I  [RequestManager.cpp]acquire(): Acquired ID : 561291  [1038 / 21]    HINT : GESTURE_DETECTED    list : [TIMEOUT / 2650] 
2026-04-28 10:20:28.704   686-719   HYPER-HAL               ven...amsung.hardware.hyper-service  I  [RequestManager.cpp]acquire(): Acquired ID : 560231  [1038 / 20]    HINT : SMOOTH_SCROLL    list : 
2026-04-28 10:20:28.705 20483-20483 View                    com.citymapper.app.release           I  setRequestedFrameRate frameRate=-4.0, this=android.webkit.WebView{43affb9 VFEDHVC.. ........ 0,0-1080,2185 #7f0b0b04 app:id/web_view}, caller=WV.zf.p:1 WV.zg.h:117 WV.zg.onDraw:7 com.android.webview.chromium.WebViewChromium.onDraw:19 android.webkit.WebView.onDraw:2959 
2026-04-28 10:20:28.705   686-719   HYPER-HAL               ven...amsung.hardware.hyper-service  I  [RequestManager.cpp]releaseLocked(): Released ID : 560231
2026-04-28 10:20:28.710   697-20036 ExynosVideoEncoder      sam...hardware.media.c2@1.2-service  D  [Encoder_DynamicFrameRate] old ts : 342876550212, cur ts : 342876532787, old fps : 57, cur fps : 61
2026-04-28 10:20:28.717 20483-20483 View                    com.citymapper.app.release           I  setRequestedFrameRate frameRate=-4.0, this=android.webkit.WebView{43affb9 VFEDHVC.. ........ 0,0-1080,2185 #7f0b0b04 app:id/web_view}, caller=WV.zf.p:1 WV.zg.h:117 WV.zg.onDraw:7 com.android.webview.chromium.WebViewChromium.onDraw:19 android.webkit.WebView.onDraw:2959 
2026-04-28 10:20:28.734 20483-20483 View                    com.citymapper.app.release           I  setRequestedFrameRate frameRate=-4.0, this=android.webkit.WebView{43affb9 VFEDHVC.. ........ 0,0-1080,2185 #7f0b0b04 app:id/web_view}, caller=WV.zf.p:1 WV.zg.h:117 WV.zg.onDraw:7 com.android.webview.chromium.WebViewChromium.onDraw:19 android.webkit.WebView.onDraw:2959 
2026-04-28 10:20:28.739   697-20036 ExynosVideoEncoder      sam...hardware.media.c2@1.2-service  D  [Encoder_DynamicFrameRate] old ts : 342876582410, cur ts : 342876550212, old fps : 31, cur fps : 57
2026-04-28 10:20:28.752 20483-20483 View                    com.citymapper.app.release           I  setRequestedFrameRate frameRate=-4.0, this=android.webkit.WebView{43affb9 VFEDHVC.. ........ 0,0-1080,2185 #7f0b0b04 app:id/web_view}, caller=WV.zf.p:1 WV.zg.h:117 WV.zg.onDraw:7 com.android.webview.chromium.WebViewChromium.onDraw:19 android.webkit.WebView.onDraw:2959 
2026-04-28 10:20:28.757   697-20036 ExynosVideoEncoder      sam...hardware.media.c2@1.2-service  D  [Encoder_DynamicFrameRate] old ts : 342876601202, cur ts : 342876582410, old fps : 53, cur fps : 31
2026-04-28 10:20:28.768 20483-20483 View                    com.citymapper.app.release           I  setRequestedFrameRate frameRate=-4.0, this=android.webkit.WebView{43affb9 VFEDHVC.. ........ 0,0-1080,2185 #7f0b0b04 app:id/web_view}, caller=WV.zf.p:1 WV.zg.h:117 WV.zg.onDraw:7 com.android.webview.chromium.WebViewChromium.onDraw:19 android.webkit.WebView.onDraw:2959 
2026-04-28 10:20:28.773   697-20036 ExynosVideoEncoder      sam...hardware.media.c2@1.2-service  D  [Encoder_DynamicFrameRate] old ts : 342876616452, cur ts : 342876601202, old fps : 66, cur fps : 53
2026-04-28 10:20:28.781  3127-3264  N0                      com.sec.android.sdhms                I  limitGPUFreq:: freq = 865000
2026-04-28 10:20:28.781  3127-3264  SemDvfsHyPerManager     com.sec.android.sdhms                I  acquire hyper - SIOP_GPU_FREQ_MAX/3127@4, type = 536875010
2026-04-28 10:20:28.781   686-719   HYPER-HAL               ven...amsung.hardware.hyper-service  I  [RequestManager.cpp]acquire(): Acquired ID : 4903150  [3127 / 4]    HINT :      list : [GPUMaxFreq / 865000] 
2026-04-28 10:20:28.782  3127-3264  N0                      com.sec.android.sdhms                I  limitCPUFreq:: freq = 1846000
2026-04-28 10:20:28.782  3127-3264  SemDvfsHyPerManager     com.sec.android.sdhms                I  acquire hyper - SIOP_ARM_MAX/3127@2, type = 301993986
2026-04-28 10:20:28.783   686-719   HYPER-HAL               ven...amsung.hardware.hyper-service  I  [RequestManager.cpp]acquire(): Acquired ID : 4896887  [3127 / 2]    HINT :      list : [CPUMaxFreq / 1846000] 
2026-04-28 10:20:28.785 20483-20483 View                    com.citymapper.app.release           I  setRequestedFrameRate frameRate=-4.0, this=android.webkit.WebView{43affb9 VFEDHVC.. ........ 0,0-1080,2185 #7f0b0b04 app:id/web_view}, caller=WV.zf.p:1 WV.zg.h:117 WV.zg.onDraw:7 com.android.webview.chromium.WebViewChromium.onDraw:19 android.webkit.WebView.onDraw:2959 
2026-04-28 10:20:28.790   697-20036 ExynosVideoEncoder      sam...hardware.media.c2@1.2-service  D  [Encoder_DynamicFrameRate] old ts : 342876633392, cur ts : 342876616452, old fps : 59, cur fps : 66
2026-04-28 10:20:28.800 20483-20483 View                    com.citymapper.app.release           I  setRequestedFrameRate frameRate=-4.0, this=android.webkit.WebView{43affb9 VFEDHVC.. ........ 0,0-1080,2185 #7f0b0b04 app:id/web_view}, caller=WV.zf.p:1 WV.zg.h:117 WV.zg.onDraw:7 com.android.webview.chromium.WebViewChromium.onDraw:19 android.webkit.WebView.onDraw:2959 
2026-04-28 10:20:28.801  1038-2114  InputDispatcher         system_server                        D  Inject motion (19965/2000): action=0x9, time=342876648000000, f=0x0, d=0 dsdx=1.000000 dtdx=0.000000
2026-04-28 10:20:28.803  1038-1187  InputDispatcher         system_server                        I  Delivering touch to (20483): action: 0x9, f=0x0, d=0, '1271229', t=1 
2026-04-28 10:20:28.805  1038-1187  InputDispatcher         system_server                        I  Canceling stream: last source was TOUCHSCREEN | STYLUS and new event is MotionEvent
2026-04-28 10:20:28.806  1038-1187  InputDispatcher         system_server                        I  Canceling pointers for device -1 in [Gesture Monitor] secinputdev (server) with event MotionEvent
2026-04-28 10:20:28.806  1038-1187  InputDispatcher         system_server                        I  Canceling stream: last source was TOUCHSCREEN | STYLUS and new event is MotionEvent
2026-04-28 10:20:28.806 20483-20483 VRI[Single...y]@3ee197f com.citymapper.app.release           I  updatePointerIcon : PointerIcon{type=NOT_SPECIFIED, hotspotX=0.0, hotspotY=0.0}
2026-04-28 10:20:28.806  1038-1187  InputDispatcher         system_server                        I  Canceling pointers for device -1 in [Gesture Monitor] PalmMotion (server) with event MotionEvent
2026-04-28 10:20:28.807  1038-1187  InputDispatcher         system_server                        I  Canceling stream: last source was TOUCHSCREEN | STYLUS and new event is MotionEvent
2026-04-28 10:20:28.807  1038-1187  InputDispatcher         system_server                        I  Canceling pointers for device -1 in 1271229 com.citymapper.app.release/com.citymapper.app.SingleFragmentActivity (server) with event MotionEvent
2026-04-28 10:20:28.807  1038-1187  InputDispatcher         system_server                        I  Delivering touch to (20483): action: 0xa, f=0x0, d=0, '1271229', t=1 
2026-04-28 10:20:28.807  1038-1187  InputDispatcher         system_server                        I  Delivering touch to (20483): action: 0x9, f=0x0, d=0, '1271229', t=1 
2026-04-28 10:20:28.807  1038-1187  InputDispatcher         system_server                        I  Canceling stream: last source was TOUCHSCREEN | STYLUS and new event is MotionEvent
2026-04-28 10:20:28.807   697-20036 ExynosVideoEncoder      sam...hardware.media.c2@1.2-service  D  [Encoder_DynamicFrameRate] old ts : 342876650886, cur ts : 342876633392, old fps : 57, cur fps : 59
2026-04-28 10:20:28.807  1038-1187  InputDispatcher         system_server                        I  Canceling pointers for device -1 in PointerEventDispatcher0 (server) with event MotionEvent
2026-04-28 10:20:28.808  1038-1139  InputManager-JNI        system_server                        W  Attempted to change the pointer icon for deviceId -1 on display 0 from input token 0xb40000758e519280, but the pointer is not in the window.
2026-04-28 10:20:28.809  1038-1187  InputDispatcher         system_server                        I  Delivering touch to (20483): action: 0x9, f=0x0, d=0, '1271229', t=1 
2026-04-28 10:20:28.810 20483-20483 VRI[Single...y]@3ee197f com.citymapper.app.release           I  updatePointerIcon : PointerIcon{type=NOT_SPECIFIED, hotspotX=0.0, hotspotY=0.0}
2026-04-28 10:20:28.811  1038-2070  PointerChoreographer    system_server                        W  Invalid device id -1. Cannot set pointer icon.
2026-04-28 10:20:28.812 20483-20483 VRI[Single...y]@3ee197f com.citymapper.app.release           I  updatePointerIcon : PointerIcon{type=ARROW, hotspotX=0.0, hotspotY=0.0}
2026-04-28 10:20:28.813  1038-2070  PointerChoreographer    system_server                        W  Invalid device id -1. Cannot set pointer icon.
2026-04-28 10:20:28.817 20483-20483 View                    com.citymapper.app.release           I  setRequestedFrameRate frameRate=-4.0, this=android.webkit.WebView{43affb9 VFEDHVC.. ........ 0,0-1080,2185 #7f0b0b04 app:id/web_view}, caller=WV.zf.p:1 WV.zg.h:117 WV.zg.onDraw:7 com.android.webview.chromium.WebViewChromium.onDraw:19 android.webkit.WebView.onDraw:2959 
2026-04-28 10:20:28.824   697-20036 ExynosVideoEncoder      sam...hardware.media.c2@1.2-service  D  [Encoder_DynamicFrameRate] old ts : 342876667259, cur ts : 342876650886, old fps : 61, cur fps : 57
2026-04-28 10:20:28.837 20483-20483 View                    com.citymapper.app.release           I  setRequestedFrameRate frameRate=-4.0, this=android.webkit.WebView{43affb9 VFEDHVC.. ........ 0,0-1080,2185 #7f0b0b04 app:id/web_view}, caller=WV.zf.p:1 WV.zg.h:117 WV.zg.onDraw:7 com.android.webview.chromium.WebViewChromium.onDraw:19 android.webkit.WebView.onDraw:2959 
2026-04-28 10:20:28.842   697-20036 ExynosVideoEncoder      sam...hardware.media.c2@1.2-service  D  [Encoder_DynamicFrameRate] old ts : 342876684211, cur ts : 342876667259, old fps : 59, cur fps : 61
2026-04-28 10:20:28.854 20483-20483 View                    com.citymapper.app.release           I  setRequestedFrameRate frameRate=-4.0, this=android.webkit.WebView{43affb9 VFEDHVC.. ........ 0,0-1080,2185 #7f0b0b04 app:id/web_view}, caller=WV.zf.p:1 WV.zg.h:117 WV.zg.onDraw:7 com.android.webview.chromium.WebViewChromium.onDraw:19 android.webkit.WebView.onDraw:2959 
2026-04-28 10:20:28.857   697-20036 ExynosVideoEncoder      sam...hardware.media.c2@1.2-service  D  [Encoder_DynamicFrameRate] old ts : 342876699881, cur ts : 342876684211, old fps : 64, cur fps : 59
2026-04-28 10:20:28.868 20483-20483 View                    com.citymapper.app.release           I  setRequestedFrameRate frameRate=-4.0, this=android.webkit.WebView{43affb9 VFEDHVC.. ........ 0,0-1080,2185 #7f0b0b04 app:id/web_view}, caller=WV.zf.p:1 WV.zg.h:117 WV.zg.onDraw:7 com.android.webview.chromium.WebViewChromium.onDraw:19 android.webkit.WebView.onDraw:2959 
2026-04-28 10:20:28.874   697-20036 ExynosVideoEncoder      sam...hardware.media.c2@1.2-service  D  [Encoder_DynamicFrameRate] old ts : 342876717455, cur ts : 342876699881, old fps : 57, cur fps : 64
2026-04-28 10:20:28.886 20483-20483 View                    com.citymapper.app.release           I  setRequestedFrameRate frameRate=-4.0, this=android.webkit.WebView{43affb9 VFEDHVC.. ........ 0,0-1080,2185 #7f0b0b04 app:id/web_view}, caller=WV.zf.p:1 WV.zg.h:117 WV.zg.onDraw:7 com.android.webview.chromium.WebViewChromium.onDraw:19 android.webkit.WebView.onDraw:2959 
2026-04-28 10:20:28.889  1038-1097  MARsListManager         system_server                        I  com.sec.android.app.shealth is exempted from MARs
2026-04-28 10:20:28.890   697-20036 ExynosVideoEncoder      sam...hardware.media.c2@1.2-service  D  [Encoder_DynamicFrameRate] old ts : 342876733184, cur ts : 342876717455, old fps : 64, cur fps : 57
2026-04-28 10:20:28.895   401-401   io_stats                iod                                  D  !@ 179,0 r 59941084 1029600150 w 19976348 231015460 d 2808054 230988684 f 3126991 1715569 iot 52508016 0 th 0 0 0 pt 0 inp 0 0 342876.742
2026-04-28 10:20:28.895   401-401   io_stats                iod                                  D  !@ Write_top(KB): per.app.release(20483) 12
2026-04-28 10:20:28.902 20483-20483 View                    com.citymapper.app.release           I  setRequestedFrameRate frameRate=-4.0, this=android.webkit.WebView{43affb9 VFEDHVC.. ........ 0,0-1080,2185 #7f0b0b04 app:id/web_view}, caller=WV.zf.p:1 WV.zg.h:117 WV.zg.onDraw:7 com.android.webview.chromium.WebViewChromium.onDraw:19 android.webkit.WebView.onDraw:2959 
2026-04-28 10:20:28.904 20483-20483 VRI[Single...y]@3ee197f com.citymapper.app.release           I  updatePointerIcon : PointerIcon{type=TEXT, hotspotX=0.0, hotspotY=0.0}
2026-04-28 10:20:28.906  1038-2114  PointerChoreographer    system_server                        W  Invalid device id -1. Cannot set pointer icon.
2026-04-28 10:20:28.907   697-20036 ExynosVideoEncoder      sam...hardware.media.c2@1.2-service  D  [Encoder_DynamicFrameRate] old ts : 342876750286, cur ts : 342876733184, old fps : 58, cur fps : 64
2026-04-28 10:20:28.918 20483-20483 View                    com.citymapper.app.release           I  setRequestedFrameRate frameRate=-4.0, this=android.webkit.WebView{43affb9 VFEDHVC.. ........ 0,0-1080,2185 #7f0b0b04 app:id/web_view}, caller=WV.zf.p:1 WV.zg.h:117 WV.zg.onDraw:7 com.android.webview.chromium.WebViewChromium.onDraw:19 android.webkit.WebView.onDraw:2959 
2026-04-28 10:20:28.921 20483-20483 VRI[Single...y]@3ee197f com.citymapper.app.release           I  updatePointerIcon : PointerIcon{type=ARROW, hotspotX=0.0, hotspotY=0.0}
2026-04-28 10:20:28.922  1038-2070  PointerChoreographer    system_server                        W  Invalid device id -1. Cannot set pointer icon.
2026-04-28 10:20:28.924   697-20036 ExynosVideoEncoder      sam...hardware.media.c2@1.2-service  D  [Encoder_DynamicFrameRate] old ts : 342876767248, cur ts : 342876750286, old fps : 59, cur fps : 58
2026-04-28 10:20:28.935 20483-20483 View                    com.citymapper.app.release           I  setRequestedFrameRate frameRate=-4.0, this=android.webkit.WebView{43affb9 VFEDHVC.. ........ 0,0-1080,2185 #7f0b0b04 app:id/web_view}, caller=WV.zf.p:1 WV.zg.h:117 WV.zg.onDraw:7 com.android.webview.chromium.WebViewChromium.onDraw:19 android.webkit.WebView.onDraw:2959 
2026-04-28 10:20:28.938 20483-20483 VRI[Single...y]@3ee197f com.citymapper.app.release           I  updatePointerIcon : PointerIcon{type=TEXT, hotspotX=0.0, hotspotY=0.0}
2026-04-28 10:20:28.939  1038-2114  PointerChoreographer    system_server                        W  Invalid device id -1. Cannot set pointer icon.
2026-04-28 10:20:28.940   697-20036 ExynosVideoEncoder      sam...hardware.media.c2@1.2-service  D  [Encoder_DynamicFrameRate] old ts : 342876783042, cur ts : 342876767248, old fps : 63, cur fps : 59
2026-04-28 10:20:28.949 20483-20483 View                    com.citymapper.app.release           I  setRequestedFrameRate frameRate=-4.0, this=android.webkit.WebView{43affb9 VFEDHVC.. ........ 0,0-1080,2185 #7f0b0b04 app:id/web_view}, caller=WV.zf.p:1 WV.zg.h:117 WV.zg.onDraw:7 com.android.webview.chromium.WebViewChromium.onDraw:19 android.webkit.WebView.onDraw:2959 
2026-04-28 10:20:28.956   697-20036 ExynosVideoEncoder      sam...hardware.media.c2@1.2-service  D  [Encoder_DynamicFrameRate] old ts : 342876800202, cur ts : 342876783042, old fps : 58, cur fps : 63
2026-04-28 10:20:28.969 20483-20483 View                    com.citymapper.app.release           I  setRequestedFrameRate frameRate=-4.0, this=android.webkit.WebView{43affb9 VFEDHVC.. ........ 0,0-1080,2185 #7f0b0b04 app:id/web_view}, caller=WV.zf.p:1 WV.zg.h:117 WV.zg.onDraw:7 com.android.webview.chromium.WebViewChromium.onDraw:19 android.webkit.WebView.onDraw:2959 
2026-04-28 10:20:28.973   697-20036 ExynosVideoEncoder      sam...hardware.media.c2@1.2-service  D  [Encoder_DynamicFrameRate] old ts : 342876816936, cur ts : 342876800202, old fps : 60, cur fps : 58
2026-04-28 10:20:28.986  1038-1325  SemWifiTrafficPoller    system_server                        D  getSoftApTotalTrafficInBytes:292664964
2026-04-28 10:20:28.986 20483-20483 View                    com.citymapper.app.release           I  setRequestedFrameRate frameRate=-4.0, this=android.webkit.WebView{43affb9 VFEDHVC.. ........ 0,0-1080,2185 #7f0b0b04 app:id/web_view}, caller=WV.zf.p:1 WV.zg.h:117 WV.zg.onDraw:7 com.android.webview.chromium.WebViewChromium.onDraw:19 android.webkit.WebView.onDraw:2959 
2026-04-28 10:20:28.990   697-20036 ExynosVideoEncoder      sam...hardware.media.c2@1.2-service  D  [Encoder_DynamicFrameRate] old ts : 342876833920, cur ts : 342876816936, old fps : 59, cur fps : 60
2026-04-28 10:20:29.003 20483-20483 View                    com.citymapper.app.release           I  setRequestedFrameRate frameRate=-4.0, this=android.webkit.WebView{43affb9 VFEDHVC.. ........ 0,0-1080,2185 #7f0b0b04 app:id/web_view}, caller=WV.zf.p:1 WV.zg.h:117 WV.zg.onDraw:7 com.android.webview.chromium.WebViewChromium.onDraw:19 android.webkit.WebView.onDraw:2959 
2026-04-28 10:20:29.006   697-20036 ExynosVideoEncoder      sam...hardware.media.c2@1.2-service  D  [Encoder_DynamicFrameRate] old ts : 342876849614, cur ts : 342876833920, old fps : 64, cur fps : 59
2026-04-28 10:20:29.016 20483-20483 View                    com.citymapper.app.release           I  setRequestedFrameRate frameRate=-4.0, this=android.webkit.WebView{43affb9 VFEDHVC.. ........ 0,0-1080,2185 #7f0b0b04 app:id/web_view}, caller=WV.zf.p:1 WV.zg.h:117 WV.zg.onDraw:7 com.android.webview.chromium.WebViewChromium.onDraw:19 android.webkit.WebView.onDraw:2959 
2026-04-28 10:20:29.023   697-20036 ExynosVideoEncoder      sam...hardware.media.c2@1.2-service  D  [Encoder_DynamicFrameRate] old ts : 342876866723, cur ts : 342876849614, old fps : 58, cur fps : 64
2026-04-28 10:20:29.036 20483-20483 View                    com.citymapper.app.release           I  setRequestedFrameRate frameRate=-4.0, this=android.webkit.WebView{43affb9 VFEDHVC.. ........ 0,0-1080,2185 #7f0b0b04 app:id/web_view}, caller=WV.zf.p:1 WV.zg.h:117 WV.zg.onDraw:7 com.android.webview.chromium.WebViewChromium.onDraw:19 android.webkit.WebView.onDraw:2959 
2026-04-28 10:20:29.040   697-20036 ExynosVideoEncoder      sam...hardware.media.c2@1.2-service  D  [Encoder_DynamicFrameRate] old ts : 342876883740, cur ts : 342876866723, old fps : 59, cur fps : 58
2026-04-28 10:20:29.054 20483-20483 View                    com.citymapper.app.release           I  setRequestedFrameRate frameRate=-4.0, this=android.webkit.WebView{43affb9 VFEDHVC.. ........ 0,0-1080,2185 #7f0b0b04 app:id/web_view}, caller=WV.zf.p:1 WV.zg.h:117 WV.zg.onDraw:7 com.android.webview.chromium.WebViewChromium.onDraw:19 android.webkit.WebView.onDraw:2959 
2026-04-28 10:20:29.057   697-20036 ExynosVideoEncoder      sam...hardware.media.c2@1.2-service  D  [Encoder_DynamicFrameRate] old ts : 342876901315, cur ts : 342876883740, old fps : 57, cur fps : 59
2026-04-28 10:20:29.058  1038-1139  InputDispatcher         system_server                        D  Inject motion (19965/2000): action=0xa, time=342876904000000, f=0x0, d=0 dsdx=1.000000 dtdx=0.000000
2026-04-28 10:20:29.058  1038-1187  InputDispatcher         system_server                        I  Canceling stream: last source was MOUSE and new event is MotionEvent
2026-04-28 10:20:29.058  1038-1187  InputDispatcher         system_server                        I  Canceling pointers for device -1 in [Gesture Monitor] secinputdev (server) with event MotionEvent
2026-04-28 10:20:29.058  1038-1187  InputDispatcher         system_server                        W  channel [Gesture Monitor] secinputdev (server)~ dropping inconsistent event: DispatchEntry{resolvedFlags=0, targetFlags=0x0, transform=transform (ROT_0) (IDENTITY)
                                                                                                    } original: MotionEvent
2026-04-28 10:20:29.058  1038-1139  InputDispatcher         system_server                        D  Inject key (19965/2000): action=0, f=0x0, d=-1, time=342876905000000
2026-04-28 10:20:29.059  1038-1187  InputDispatcher         system_server                        I  Canceling stream: last source was MOUSE and new event is MotionEvent
2026-04-28 10:20:29.059  1038-1187  InputDispatcher         system_server                        I  Canceling pointers for device -1 in [Gesture Monitor] PalmMotion (server) with event MotionEvent
2026-04-28 10:20:29.059  1038-1187  InputDispatcher         system_server                        W  channel [Gesture Monitor] PalmMotion (server)~ dropping inconsistent event: DispatchEntry{resolvedFlags=0, targetFlags=0x0, transform=transform (ROT_0) (IDENTITY)
                                                                                                    } original: MotionEvent
2026-04-28 10:20:29.059  1038-1187  InputDispatcher         system_server                        I  Canceling stream: last source was MOUSE and new event is MotionEvent
2026-04-28 10:20:29.059  1038-1187  InputDispatcher         system_server                        I  Canceling pointers for device -1 in 1271229 com.citymapper.app.release/com.citymapper.app.SingleFragmentActivity (server) with event MotionEvent
2026-04-28 10:20:29.059  1038-1187  InputDispatcher         system_server                        W  channel 1271229 com.citymapper.app.release/com.citymapper.app.SingleFragmentActivity (server)~ dropping inconsistent event: DispatchEntry{resolvedFlags=0, targetFlags=0x0, transform=transform (ROT_0) (IDENTITY)
                                                                                                    } original: MotionEvent
2026-04-28 10:20:29.059  1038-1187  InputDispatcher         system_server                        I  Delivering touch to (20483): action: 0xa, f=0x0, d=0, '1271229', t=1 
2026-04-28 10:20:29.059  1038-1187  InputDispatcher         system_server                        I  Canceling stream: last source was MOUSE and new event is MotionEvent
2026-04-28 10:20:29.059  1038-1187  InputDispatcher         system_server                        I  Canceling pointers for device -1 in PointerEventDispatcher0 (server) with event MotionEvent
2026-04-28 10:20:29.059  1038-1187  InputDispatcher         system_server                        W  channel PointerEventDispatcher0 (server)~ dropping inconsistent event: DispatchEntry{resolvedFlags=0, targetFlags=0x0, transform=transform (ROT_0) (IDENTITY)
                                                                                                    } original: MotionEvent
2026-04-28 10:20:29.061  1038-1139  InputManager-JNI        system_server                        D  !@interceptKeyBeforeQueueing(0), action=0, interactive=true
2026-04-28 10:20:29.061  1038-1139  SingleKeyGesture        system_server                        D  interceptKeyDown, info : KeyCode=KEYCODE_UNKNOWN, size=0
2026-04-28 10:20:29.062  1038-1139  WindowManager           system_server                        D  interceptKeyTq interceptKeyResult=1
2026-04-28 10:20:29.062  1038-1139  WindowWakeUpPolicy      system_server                        D  HINT_DEVICE_WAKEUP acquire()
2026-04-28 10:20:29.062  1038-1139  SemDvfsHyPerManager     system_server                        I  acquire hyper - DEVICE_WAKEUP/1038@27, type = -999
2026-04-28 10:20:29.063  1038-1139  PowerManagerService     system_server                        D  [api] wakeUp (uid: 1000 pid: 1038) eventTime = 342876905
2026-04-28 10:20:29.063   686-719   HYPER-HAL               ven...amsung.hardware.hyper-service  I  [RequestManager.cpp]acquire(): Acquired ID : 567672  [1038 / 27]    HINT : DEVICE_WAKEUP    list : 
2026-04-28 10:20:29.063  1038-1139  InputManager-JNI        system_server                        D  !@handleInterceptActions(0), action=0, wmActions=0
2026-04-28 10:20:29.064  1038-1139  InputDispatcher         system_server                        D  Inject key (19965/2000): action=1, f=0x0, d=-1, time=342876905000000
