2026-04-28 10:20:31.063  1038-1060  WindowManager           system_server                        I  [d31] Override config changes=21a05df8 {0.0 ?mcc0mnc ?localeList ?layoutDir sw172800dp w172800dp h385280dp 1dpi xlrg long port ?uimode ?night -touch -keyb/v/h -nav/h winConfig={ mBounds=Rect(0, 0 - 1080, 2408) mAppBounds=Rect(0, 0 - 1080, 2408) mMaxBounds=Rect(0, 0 - 1080, 2408) mDisplayRotation=ROTATION_0 mWindowingMode=fullscreen mActivityType=undefined mAlwaysOnTop=undefined mRotation=ROTATION_0 mStageConfig=undefined mPopOver=undefined mOverlappingWithCutout=false mCompatSandboxScale=-1.0} ?fontWeightAdjustment ff=0 bf=0 bts=0 cst=1.0 nightDim=-1 themeSeq=0}, callers=com.android.server.wm.DisplayContent.updateDisplayOverrideConfigurationLocked:25 com.android.server.wm.DisplayContent.sendNewConfiguration:130 com.android.server.wm.DisplayContent.reconfigureDisplayLocked:179 com.android.server.wm.DisplayContent.onParentChanged:31 com.android.server.wm.WindowContainer.setParent:78 
2026-04-28 10:20:31.064 19965-21679 CCodec                  app_process                          D  input format changed to AMessage(what = 0x00000000) = {
                                                                                                      int32_t android._color-format = 2130708361
                                                                                                      int32_t android._dataspace = 259
                                                                                                      int32_t bitrate-mode = 1
                                                                                                      int32_t frame-rate = 60
                                                                                                      int32_t height = 340
                                                                                                      int32_t intra-refresh-period = 0
                                                                                                      string mime = "video/raw"
                                                                                                      int32_t priority = 0
                                                                                                      int32_t video-qp-average = 0
                                                                                                      int32_t width = 152
                                                                                                      Rect crop(0, 0, 151, 339)
                                                                                                      int64_t android._C2MemoryUsage = 65536
                                                                                                      int32_t color-format = 2130708361
                                                                                                      int32_t bytebuffer-wrapping-disable = 1
                                                                                                      int32_t color-range = 2
                                                                                                      int32_t color-standard = 4
                                                                                                      int32_t color-transfer = 3
                                                                                                    }
2026-04-28 10:20:31.065  1038-1060  MultiTaskingController  system_server                        I  onConfigurationChangedLocked: display#31, configChanges=0x21a05df8, scaleW=Infinity, scaleH=Infinity, prevScreenBounds=Rect(0, 0 - 0, 0), nextScreenBounds=Rect(0, 0 - 1080, 2408)
2026-04-28 10:20:31.065 19965-21679 Codec2Client            app_process                          W  query -- param skipped: index = 1073743886.
2026-04-28 10:20:31.065 19965-21679 Codec2Client            app_process                          W  query -- param skipped: index = 1610614798.
2026-04-28 10:20:31.065 19965-21679 C2NodeImpl              app_process                          D  actual buffer count(16), input delay(0), pipeline delay(0)
2026-04-28 10:20:31.065 19965-21679 GraphicBufferSource     app_process                          D  setting dataspace: 0x103, acquired=0
2026-04-28 10:20:31.065 19965-21679 CCodec                  app_process                          D  ISConfig minFps=10 => repeatDelayUs=100000
2026-04-28 10:20:31.065  1447-1556  DisplayController       com.android.systemui                 W  Skipping Display Configuration change on non-added display.
2026-04-28 10:20:31.066  1038-1060  WindowManager           system_server                        V  Content Recording: Successfully created a ContentRecordingSession for displayId=31 to mirror content from displayId=0
2026-04-28 10:20:31.066  1038-2223  VirtualDisplayAdapter   system_server                        V  Resize VirtualDisplay studio.screen.sharing:0 to 152 340
2026-04-28 10:20:31.067  1038-1060  DisplayDevice           system_server                        D  setProjectionLocked, orientation=0, layerStackRect=Rect(0, 0 - 1080, 2408), displayRect=Rect(0, 1 - 152, 339) for virtual:com.android.shell,2000,studio.screen.sharing:0,25
2026-04-28 10:20:31.067  3118-3118  ContextImpl             com.sec.android.diagmonagent         W  Calling a method in the system process without a qualified user: android.app.ContextImpl.startService:1993 android.content.ContextWrapper.startService:844 android.content.ContextWrapper.startService:844 com.sec.android.diagmonagent.sa.receiver.CFLogReceiver.onReceive:56 android.app.ActivityThread.handleReceiver:5381 
2026-04-28 10:20:31.068   748-748   SurfaceFlinger          surfaceflinger                       I  Layer [Input Overlays#187246] hidden!! flag(0)
2026-04-28 10:20:31.068   748-748   SurfaceFlinger          surfaceflinger                       I  Layer [Accessibility Overlays#187247] hidden!! flag(0)
2026-04-28 10:20:31.068   748-748   SurfaceFlinger          surfaceflinger                       I  Layer [Display Overlays#187245] hidden!! flag(0)
2026-04-28 10:20:31.068   748-748   SurfaceFlinger          surfaceflinger                       I  Layer [Display 31 name="studio.screen.sharing:0"#187244] hidden!! flag(0)
2026-04-28 10:20:31.068   748-748   SurfaceFlinger          surfaceflinger                       I  [LayerHierarchy{RequestedLayerState{WindowingLayer:0:36#187236 parentId=187244} 1 children}] reparent to LayerHierarchy{RequestedLayerState{Display 31 name="studio.screen.sharing:0"#187244 layerStack=31} 1 children}
2026-04-28 10:20:31.068   748-748   SurfaceFlinger          surfaceflinger                       I  [DefaultTaskDisplayArea_d31#187238] attach to parent LayerHierarchy{RequestedLayerState{WindowingLayer:0:36#187236 parentId=187244} 2 children}
2026-04-28 10:20:31.068   748-748   SurfaceFlinger          surfaceflinger                       I  [ChangeLeashAnchor#187239] attach to parent LayerHierarchy{RequestedLayerState{DefaultTaskDisplayArea_d31#187238 parentId=187236} 1 children}
2026-04-28 10:20:31.068   748-748   SurfaceFlinger          surfaceflinger                       I  [FloatingLeashAnchor#187240] attach to parent LayerHierarchy{RequestedLayerState{DefaultTaskDisplayArea_d31#187238 parentId=187236} 2 children}
2026-04-28 10:20:31.068   748-748   SurfaceFlinger          surfaceflinger                       I  [Leaf:3:12#187241] attach to parent LayerHierarchy{RequestedLayerState{WindowingLayer:0:36#187236 parentId=187244} 3 children}
2026-04-28 10:20:31.068   748-748   SurfaceFlinger          surfaceflinger                       I  [ImeContainer#187242] attach to parent LayerHierarchy{RequestedLayerState{WindowingLayer:0:36#187236 parentId=187244} 4 children}
2026-04-28 10:20:31.068   748-748   SurfaceFlinger          surfaceflinger                       I  [Leaf:15:36#187243] attach to parent LayerHierarchy{RequestedLayerState{WindowingLayer:0:36#187236 parentId=187244} 5 children}
2026-04-28 10:20:31.068   748-748   SurfaceFlinger          surfaceflinger                       I  [Display 31 name="studio.screen.sharing:0"#187244] attach to parent Root
2026-04-28 10:20:31.068   748-748   SurfaceFlinger          surfaceflinger                       I  [Display Overlays#187245] attach to parent LayerHierarchy{RequestedLayerState{Display 31 name="studio.screen.sharing:0"#187244 layerStack=31} 2 children}
2026-04-28 10:20:31.068   748-748   SurfaceFlinger          surfaceflinger                       I  [Input Overlays#187246] attach to parent LayerHierarchy{RequestedLayerState{Display 31 name="studio.screen.sharing:0"#187244 layerStack=31} 3 children}
2026-04-28 10:20:31.068   748-748   SurfaceFlinger          surfaceflinger                       I  [Accessibility Overlays#187247] attach to parent LayerHierarchy{RequestedLayerState{Display 31 name="studio.screen.sharing:0"#187244 layerStack=31} 4 children}
2026-04-28 10:20:31.069  1038-3522  VirtualDisplayAdapter   system_server                        V  Update surface for VirtualDisplay studio.screen.sharing:0
2026-04-28 10:20:31.070 19965-21678 CCodec                  app_process                          I  [c2.exynos.vp8.encoder] state->set(STARTING)
2026-04-28 10:20:31.070   697-21681 ExynosC2Vp8EncComponent sam...hardware.media.c2@1.2-service  I  [tryGetResource] resource is obtained (1)
2026-04-28 10:20:31.072  1038-1060  WindowManager           system_server                        D  onDisplayAdded, displayId=31 display=Display id 31: DisplayInfo{"studio.screen.sharing:0", displayId 31, displayGroupId 0, FLAG_PRIVATE, real 1080 x 2408, largest app 2408 x 2408, smallest app 1080 x 1080, appVsyncOff 0, presDeadline 16666666, mode 33, renderFrameRate 60.0, defaultMode 33, userPreferredModeId -1, supportedModes [{id=33, width=1080, height=2408, fps=60.0, vsync=60.0, synthetic=false, alternativeRefreshRates=[], supportedHdrTypes=[]}], appsSupportedModes [{id=33, width=1080, height=2408, fps=60.0, vsync=60.0, synthetic=false, alternativeRefreshRates=[], supportedHdrTypes=[]}], hdrCapabilities null, userDisabledHdrTypes [], minimalPostProcessingSupported false, rotation 0, state OFF, committedState UNKNOWN, type VIRTUAL, uniqueId "virtual:com.android.shell,2000,studio.screen.sharing:0,25", app 1080 x 2408, density 1 (1.0 x 1.0) dpi, layerStack 31, colorMode 0, supportedColorModes [0], deviceProductInfo null, owner com.android.shell (uid 2000), removeMode 1, refreshRateOverride 60.0, brightnessMinimum 0.0, brightnessMaximum 0.0, brightnessDefault 0.0, installOrientation ROTATION_0, layoutLimitedRefreshRate null, hdrSdrRatio not_available, thermalRefreshRateThrottling {}, thermalBrightnessThrottlingDataId default}, DisplayMetrics{density=0.00625, width=1080, height=2408, scaledDensity=0.00625, xdpi=1.0, ydpi=1.0}, isValid=true
2026-04-28 10:20:31.072  1038-1060  WindowManager           system_server                        I  notifyDisplayReady() >> KnoxZT startEnableTouchEvent called for Display Id : 31
2026-04-28 10:20:31.072   697-21683 libexynosv4l2           sam...hardware.media.c2@1.2-service  D  try node: /dev/video6
2026-04-28 10:20:31.073  1038-1060  WindowManager           system_server                        W  All windows drawn on display 31
2026-04-28 10:20:31.073   697-21683 libexynosv4l2           sam...hardware.media.c2@1.2-service  D  try node: /dev/video7
2026-04-28 10:20:31.073   697-21683 libexynosv4l2           sam...hardware.media.c2@1.2-service  I  node found for device s5p-mfc-enc: /dev/video7
2026-04-28 10:20:31.073  1038-1060  WindowManager           system_server                        I  enableTouchListener debugmode:false
2026-04-28 10:20:31.074  1038-1060  WALLPAPER_...gerService system_server                        D  onDisplayReadyInternal, displayId = 31 
2026-04-28 10:20:31.074  1038-1060  WindowManager           system_server                        I  TouchEventView is already added
2026-04-28 10:20:31.079  1038-1063  SurfaceComposerClient   system_server                        I  apply DisplayState::eDisplayProjectionChanged(index:0) orientation(0) layerStackSpaceRect(1080x2408) orientedDisplaySpaceRect(1080x2408)
2026-04-28 10:20:31.079  1038-1063  SurfaceComposerClient   system_server                        I  apply DisplayState::eDisplaySizeChanged(index:0) wxh(152x340)
2026-04-28 10:20:31.079  1038-1038  BrightnessSynchronizer  system_server                        D  onDisplayChanged() : displayId=31
2026-04-28 10:20:31.082   697-21683 libexynosv4l2           sam...hardware.media.c2@1.2-service  I  open video device /dev/video7
2026-04-28 10:20:31.083  1038-1060  WindowManager           system_server                        V  Content Recording: Display 31 state was (1), is now (1), so update recording?
2026-04-28 10:20:31.083 19965-21679 Codec2Client            app_process                          W  query -- param skipped: index = 1073743886.
2026-04-28 10:20:31.083 19965-21679 Codec2Client            app_process                          W  query -- param skipped: index = 1610614798.
2026-04-28 10:20:31.083 19965-21679 C2NodeImpl              app_process                          D  actual buffer count(16), input delay(0), pipeline delay(0)
2026-04-28 10:20:31.084 19965-21679 GraphicBufferSource     app_process                          D  update max acquired buffer count to 16
2026-04-28 10:20:31.084   748-748   SurfaceFlinger          surfaceflinger                       I  Layer [Leaf:15:36#187243] hidden!! flag(0)
2026-04-28 10:20:31.085   748-748   SurfaceFlinger          surfaceflinger                       I  Layer [ImeContainer#187242] hidden!! flag(0)
2026-04-28 10:20:31.085   748-748   SurfaceFlinger          surfaceflinger                       I  Layer [WindowingLayer:0:36#187236] hidden!! flag(0)
2026-04-28 10:20:31.085   748-748   SurfaceFlinger          surfaceflinger                       I  Layer [Leaf:3:12#187241] hidden!! flag(0)
2026-04-28 10:20:31.085   748-748   SurfaceFlinger          surfaceflinger                       I  Layer [FloatingLeashAnchor#187240] hidden!! flag(0)
2026-04-28 10:20:31.085   748-748   SurfaceFlinger          surfaceflinger                       I  Layer [ChangeLeashAnchor#187239] hidden!! flag(0)
2026-04-28 10:20:31.085   748-748   SurfaceFlinger          surfaceflinger                       I  Layer [Leaf:0:1#187237] hidden!! flag(0)
2026-04-28 10:20:31.085   748-748   SurfaceFlinger          surfaceflinger                       I  Layer [DefaultTaskDisplayArea_d31#187238] hidden!! flag(0)
2026-04-28 10:20:31.085  1038-3293  SehCodecSolutionService system_server                        D  getVideoRecordingParameter id : 85749022064642
2026-04-28 10:20:31.085  1038-1038  SGM:GameManager         system_server                        D  onDisplayChanged. displyId: 31, state: 1
2026-04-28 10:20:31.086 19965-21679 Codec2Client            app_process                          W  query -- param skipped: index = 1342179345.
2026-04-28 10:20:31.086 19965-21679 Codec2Client            app_process                          W  query -- param skipped: index = 2415921170.
2026-04-28 10:20:31.086 19965-21679 Codec2Client            app_process                          W  query -- param skipped: index = 1073743886.
2026-04-28 10:20:31.086 19965-21679 Codec2Client            app_process                          W  query -- param skipped: index = 1610614798.
2026-04-28 10:20:31.086 19965-21679 Codec2Client            app_process                          W  query -- param skipped: index = 1342179342.
2026-04-28 10:20:31.086 19965-21679 Codec2Client            app_process                          W  query -- param skipped: index = 1610614821.
2026-04-28 10:20:31.087 19965-21679 Codec2Client            app_process                          W  query -- param skipped: index = 2684356609.
2026-04-28 10:20:31.088 19965-21679 CCodecBufferChannel     app_process                          D  [c2.exynos.vp8.encoder#565] Created input block pool with allocatorID 17 => poolID 20 - OK (0)
2026-04-28 10:20:31.089   673-673   display                 and...graphics.composer@2.2-service  I  setColorTransform:: 0, 0
2026-04-28 10:20:31.089  1038-1062  DisplayDeviceRepository system_server                        I  Display device changed: DisplayDeviceInfo{"studio.screen.sharing:0": uniqueId="virtual:com.android.shell,2000,studio.screen.sharing:0,25", 152 x 340, modeId 34, renderFrameRate 60.0, defaultModeId 34, userPreferredModeId -1, supportedModes [{id=34, width=152, height=340, fps=60.0, vsync=60.0, synthetic=false, alternativeRefreshRates=[], supportedHdrTypes=[]}], colorMode 0, supportedColorModes [0], hdrCapabilities null, allmSupported false, gameContentTypeSupported false, density 450, 450.0 x 450.0 dpi, appVsyncOff 0, presDeadline 16666666, touch NONE, rotation 0, type VIRTUAL, deviceProductInfo null, state ON, committedState UNKNOWN, owner com.android.shell (uid 2000), frameRateOverride , brightnessMinimum 0.0, brightnessMaximum 0.0, brightnessDefault 0.0, hdrSdrRatio NaN, FLAG_PRIVATE, installOrientation 0, displayShape DisplayShape{ spec=-1791106117 displayWidth=152 displayHeight=340 physicalPixelDisplaySizeRatio=1.0 rotation=0 offsetX=0 offsetY=0 scale=1.0}}
2026-04-28 10:20:31.090 19965-21679 CCodecBufferChannel     app_process                          I  [c2.exynos.vp8.encoder#565] Created output block pool with allocatorID 16 => poolID 3065 - OK
2026-04-28 10:20:31.090 19965-21679 CCodecBufferChannel     app_process                          D  [c2.exynos.vp8.encoder#565] Configured output block pool ids 3065 => OK
2026-04-28 10:20:31.092 19965-21679 CCodec                  app_process                          I  [c2.exynos.vp8.encoder] state->set(RUNNING)
2026-04-28 10:20:31.092   834-10534 ResourceMa...rviceUtils mediaserver                          W  Ignoring request to add new resource entry with value <= 0
2026-04-28 10:20:31.093   834-834   ResourceManagerService  mediaserver                          I  addMediaInfo pid 19965 (width 152 height 340), allocated hw codec count 1
2026-04-28 10:20:31.094   834-834   ResourceManagerService  mediaserver                          I  getMediaResourceInfo (PID : 19965, clientID : -5476376670115388768, non-secure-codec/hw-video-codec:[]:1, 152x340 (fps:60) - sw codec : no, encoder : yes componentName = c2.exynos.vp8.encoder bitrate = 10000000)
2026-04-28 10:20:31.094  3127-3127  SemMediaResourceHelper  com.sec.android.sdhms                I  onAdd
2026-04-28 10:20:31.095  1038-1240  SemMediaResourceHelper  system_server                        I  onAdd
2026-04-28 10:20:31.095  1038-1240  DrmMediaResourceHelper  system_server                        I  onAdd size = 1
2026-04-28 10:20:31.096  1038-1063  DisplayDevice           system_server                        I  [31] Layerstack set to 31 for virtual:com.android.shell,2000,studio.screen.sharing:0,25
2026-04-28 10:20:31.096 19965-21678 MediaCodec              app_process                          I  setCodecState state(0), called in 6, domain 1, 0
2026-04-28 10:20:31.098  1038-1063  SurfaceComposerClient   system_server                        I  apply DisplayState::eSurfaceChanged(index:0)
2026-04-28 10:20:31.098  1038-1063  SurfaceComposerClient   system_server                        I  apply DisplayState::eLayerStackChanged(index:0) layerStack(31)
2026-04-28 10:20:31.098  3127-3127  SemMediaResourceHelper  com.sec.android.sdhms                I  onState
2026-04-28 10:20:31.099  1038-1062  DisplayDeviceRepository system_server                        I  Display device changed: DisplayDeviceInfo{"studio.screen.sharing:0": uniqueId="virtual:com.android.shell,2000,studio.screen.sharing:0,25", 152 x 340, modeId 34, renderFrameRate 60.0, defaultModeId 34, userPreferredModeId -1, supportedModes [{id=34, width=152, height=340, fps=60.0, vsync=60.0, synthetic=false, alternativeRefreshRates=[], supportedHdrTypes=[]}], colorMode 0, supportedColorModes [0], hdrCapabilities null, allmSupported false, gameContentTypeSupported false, density 450, 450.0 x 450.0 dpi, appVsyncOff 0, presDeadline 16666666, touch NONE, rotation 0, type VIRTUAL, deviceProductInfo null, state ON, committedState UNKNOWN, owner com.android.shell (uid 2000), frameRateOverride , brightnessMinimum 0.0, brightnessMaximum 0.0, brightnessDefault 0.0, hdrSdrRatio NaN, FLAG_PRIVATE, installOrientation 0, displayShape DisplayShape{ spec=-1791106117 displayWidth=152 displayHeight=340 physicalPixelDisplaySizeRatio=1.0 rotation=0 offsetX=0 offsetY=0 scale=1.0}}
2026-04-28 10:20:31.100  1038-1062  DisplayDeviceRepository system_server                        I  Display device changed: DisplayDeviceInfo{"studio.screen.sharing:0": uniqueId="virtual:com.android.shell,2000,studio.screen.sharing:0,25", 152 x 340, modeId 34, renderFrameRate 60.0, defaultModeId 34, userPreferredModeId -1, supportedModes [{id=34, width=152, height=340, fps=60.0, vsync=60.0, synthetic=false, alternativeRefreshRates=[], supportedHdrTypes=[]}], colorMode 0, supportedColorModes [0], hdrCapabilities null, allmSupported false, gameContentTypeSupported false, density 450, 450.0 x 450.0 dpi, appVsyncOff 0, presDeadline 16666666, touch NONE, rotation 0, type VIRTUAL, deviceProductInfo null, state ON, committedState UNKNOWN, owner com.android.shell (uid 2000), frameRateOverride , brightnessMinimum 0.0, brightnessMaximum 0.0, brightnessDefault 0.0, hdrSdrRatio NaN, FLAG_PRIVATE, installOrientation 0, displayShape DisplayShape{ spec=-1791106117 displayWidth=152 displayHeight=340 physicalPixelDisplaySizeRatio=1.0 rotation=0 offsetX=0 offsetY=0 scale=1.0}}
2026-04-28 10:20:31.101  1038-1240  SemMediaResourceHelper  system_server                        I  onState
2026-04-28 10:20:31.101  1038-1240  DrmMediaResourceHelper  system_server                        I  onStateChanged size = 1
2026-04-28 10:20:31.101  1038-1240  DrmMediaResourceHelper  system_server                        I  resource type: 2,,,isSecured :  falseIsEncoder : truegetCodecState : 0getpid : 19965
2026-04-28 10:20:31.101   673-714   virtualdisplay          and...graphics.composer@2.2-service  I  [VirtualDisplay] getWFDMode:: mode(0)
2026-04-28 10:20:31.102  1447-1447  SecBrightnessController com.android.systemui                 D  updateSlider() - BrightnessDialog resetTimer()
2026-04-28 10:20:31.103  1447-1447  SecBrightnessController com.android.systemui                 D  updateSlider() - BrightnessDialog resetTimer()
2026-04-28 10:20:31.105  1038-1038  SGM:GameManager         system_server                        D  onDisplayChanged. displyId: 31, state: 2
2026-04-28 10:20:31.109   748-748   DisplayDevice           surfaceflinger                       I  setLayerFilter : layerstack=31, 
2026-04-28 10:20:31.110  1038-1060  WindowManager           system_server                        I  [d31] Override config changes=20001d00 {0.0 ?mcc0mnc ?localeList ?layoutDir sw54dp w54dp h121dp 450dpi smll port ?uimode ?night -touch -keyb/v/h -nav/h winConfig={ mBounds=Rect(0, 0 - 152, 340) mAppBounds=Rect(0, 0 - 152, 340) mMaxBounds=Rect(0, 0 - 152, 340) mDisplayRotation=ROTATION_0 mWindowingMode=fullscreen mActivityType=undefined mAlwaysOnTop=undefined mRotation=ROTATION_0 mStageConfig=undefined mPopOver=undefined mOverlappingWithCutout=false mCompatSandboxScale=-1.0} ?fontWeightAdjustment ff=0 bf=0 bts=0 cst=1.0 nightDim=-1 themeSeq=0}, callers=com.android.server.wm.DisplayContent.updateDisplayOverrideConfigurationLocked:25 com.android.server.wm.DisplayContent.sendNewConfiguration:130 com.android.server.wm.DisplayContent.reconfigureDisplayLocked:179 com.android.server.wm.DisplayContent.onDisplayInfoUpdated:357 com.android.server.wm.DeferredDisplayUpdater.applyLatestDisplayInfo:21 
2026-04-28 10:20:31.112  1038-1060  MultiTaskingController  system_server                        I  onConfigurationChangedLocked: display#31, configChanges=0x20001d00, scaleW=0.14074074, scaleH=0.14119601, prevScreenBounds=Rect(0, 0 - 1080, 2408), nextScreenBounds=Rect(0, 0 - 152, 340)
2026-04-28 10:20:31.113   673-673   display                 and...graphics.composer@2.2-service  I  setColorTransform:: 0, 0
2026-04-28 10:20:31.113  1038-1060  WindowManager           system_server                        V  Content Recording: Display 31 state was (1), is now (2), so update recording?
2026-04-28 10:20:31.113  1447-1556  DisplayController       com.android.systemui                 W  Skipping Display Configuration change on non-added display.
2026-04-28 10:20:31.114  1038-1060  WindowManager           system_server                        V  Content Recording: Display 31 has no content and is on, so start recording for state 2
2026-04-28 10:20:31.116  1038-1060  WindowManager           system_server                        V  Content Recording: Apply transformations of shift 0 x 0, scale 0.14074073731899261 x 0.14074073731899261, crop (aka recorded content size) 1080 x 2408 for display 31; display has size 54 x 121; surface has size 152 x 340
2026-04-28 10:20:31.118  1038-1060  MediaProje...gerService system_server                        I  Cannot log MediaProjectionTargetChanged atom due to null projection
2026-04-28 10:20:31.118   748-748   SurfaceFlinger          surfaceflinger                       I  [LayerHierarchy{RequestedLayerState{WindowingLayer:0:36#187236} 5 children}] reparent to OffscreenRoot
2026-04-28 10:20:31.118   748-748   SurfaceFlinger          surfaceflinger                       I  [LayerHierarchy{RequestedLayerState{WindowingLayer:0:36#187236} 5 children}] RelativeParent to null
2026-04-28 10:20:31.118   748-748   SurfaceFlinger          surfaceflinger                       I  [LayerHierarchy{RequestedLayerState{Display Overlays#187245 z=2147483647} no children}] reparent to OffscreenRoot
2026-04-28 10:20:31.118   748-748   SurfaceFlinger          surfaceflinger                       I  [LayerHierarchy{RequestedLayerState{Display Overlays#187245 z=2147483647} no children}] RelativeParent to null
2026-04-28 10:20:31.118   748-748   SurfaceFlinger          surfaceflinger                       I  [MirrorRoot#187249] attach to parent LayerHierarchy{RequestedLayerState{Display 31 name="studio.screen.sharing:0"#187244 layerStack=31} 3 children}
2026-04-28 10:20:31.119  1038-1060  DisplayDevice           system_server                        D  setProjectionLocked, orientation=0, layerStackRect=Rect(0, 0 - 152, 340), displayRect=Rect(0, 0 - 152, 340) for virtual:com.android.shell,2000,studio.screen.sharing:0,25
2026-04-28 10:20:31.120  1038-1060  PointerIconCache        system_server                        I  Reloading pointer icons due to density change on display: 31
2026-04-28 10:20:31.121  1038-1063  SurfaceComposerClient   system_server                        I  apply DisplayState::eDisplayProjectionChanged(index:0) orientation(0) layerStackSpaceRect(152x340) orientedDisplaySpaceRect(152x340)
2026-04-28 10:20:31.122  1038-1038  SGM:GameManager         system_server                        D  onDisplayChanged. displyId: 31, state: 2
2026-04-28 10:20:31.123  1038-1060  WindowManager           system_server                        V  Content Recording: Display 31 state was (2), is now (2), so update recording?
2026-04-28 10:20:31.124   748-748   Layer                   surfaceflinger                       I  id=187250 Destroyed Display 0 name="Built-in Screen"#48 (Mirror)#187250
2026-04-28 10:20:31.132 19965-21691 GraphicBufferSource     app_process                          D  got buffer with new dataSpace 0x103
2026-04-28 10:20:31.132 19965-21691 C2NodeImpl              app_process                          D  dataspace changed to 0x103 pixel format: 0x1
2026-04-28 10:20:31.138   697-21683 ExynosVideoEncCodec     sam...hardware.media.c2@1.2-service  I  [UpdateCropInfo] set crop(l:0, t:0, w:152, h:340)
2026-04-28 10:20:31.139   697-21686 ExynosVideoEncCodec     sam...hardware.media.c2@1.2-service  I  [UpdateCropInfo] set crop(l:0, t:0, w:152, h:340)
2026-04-28 10:20:31.139   697-21686 ExynosStreamPort        sam...hardware.media.c2@1.2-service  I  [startPort] input : stream on
2026-04-28 10:20:31.140   697-21686 ExynosStreamPort        sam...hardware.media.c2@1.2-service  I  [startPort] output : stream on
2026-04-28 10:20:31.143   697-21681 EncC2ConfigUpdater      sam...hardware.media.c2@1.2-service  I  [UpdatePictureTypeMaskInfo] got SYNC FRAME
2026-04-28 10:20:31.146   673-673   display                 and...graphics.composer@2.2-service  I  setColorTransform:: 0, 0
2026-04-28 10:20:31.147 19965-21679 CCodecBuffers           app_process                          D  [c2.exynos.vp8.encoder#565:Output[N]] popFromStashAndRegister: at 342878978637us, output format changed to AMessage(what = 0x00000000) = {
                                                                                                      int32_t bitrate = 10000000
                                                                                                      int32_t bitrate-mode = 1
                                                                                                      Rect crop(0, 0, 151, 339)
                                                                                                      int32_t width = 152
                                                                                                      int32_t color-standard = 4
                                                                                                      int32_t color-range = 2
                                                                                                      int32_t color-transfer = 3
                                                                                                      int32_t frame-rate = 60
                                                                                                      int32_t height = 340
                                                                                                      int32_t intra-refresh-period = 0
                                                                                                      int32_t level = 1
                                                                                                      int32_t max-bitrate = 10000000
                                                                                                      string mime = "video/x-vnd.on2.vp8"
                                                                                                      int32_t priority = 0
                                                                                                      int32_t profile = 1
                                                                                                      int32_t video-qp-average = 0
                                                                                                      int32_t android._dataspace = 281280512
                                                                                                    }
2026-04-28 10:20:31.148   697-21686 ExynosVideoEncoder      sam...hardware.media.c2@1.2-service  D  [Encoder_DynamicFrameRate] old ts : 342878992361, cur ts : 342878978637, old fps : 73, cur fps : 0
2026-04-28 10:20:31.151 19965-21678 CCodec                  app_process                          D  ISConfig not changed
2026-04-28 10:20:31.152 19965-21678 MediaCodec              app_process                          I  setCodecState state(1), called in 6, domain 1, 0
2026-04-28 10:20:31.153  1038-1240  SemMediaResourceHelper  system_server                        I  onState
2026-04-28 10:20:31.153  1038-1240  DrmMediaResourceHelper  system_server                        I  onStateChanged size = 1
2026-04-28 10:20:31.153  1038-1240  DrmMediaResourceHelper  system_server                        I  resource type: 2,,,isSecured :  falseIsEncoder : truegetCodecState : 1getpid : 19965
2026-04-28 10:20:31.153  3127-3127  SemMediaResourceHelper  com.sec.android.sdhms                I  onState
2026-04-28 10:20:31.248   697-21686 ExynosVideoEncoder      sam...hardware.media.c2@1.2-service  D  [Encoder_DynamicFrameRate] old ts : 342879092361, cur ts : 342878992361, old fps : 10, cur fps : 73
2026-04-28 10:20:31.249   697-21681 EncC2ConfigUpdater      sam...hardware.media.c2@1.2-service  I  [UpdatePictureTypeMaskInfo] got SYNC FRAME
2026-04-28 10:20:31.308   697-21686 ExynosVideoEncoder      sam...hardware.media.c2@1.2-service  D  [Encoder_DynamicFrameRate] old ts : 342879152991, cur ts : 342879092361, old fps : 16, cur fps : 10
2026-04-28 10:20:31.390   862-947   bauth_FPBAuthService    ven...iometrics.fingerprint-service  I  pcf : 0x1012, 0 ,2 ,0 ,0 ,0 ,2, 8.0.0.3
2026-04-28 10:20:31.390   862-947   bauth_FPBAuthService    ven...iometrics.fingerprint-service  I  thread id : 2, preenroll_flag : 0, nd cnt : 1, cso : 0, et : 0
2026-04-28 10:20:31.390   862-947   bauth_FPBAuthService    ven...iometrics.fingerprint-service  I  FPBAuthService::timerHandler complete
2026-04-28 10:20:31.408   697-21686 ExynosVideoEncoder      sam...hardware.media.c2@1.2-service  D  [Encoder_DynamicFrameRate] old ts : 342879252991, cur ts : 342879152991, old fps : 10, cur fps : 16
2026-04-28 10:20:31.624 19882-19882 BoundBrokerSvc          com.google.android.gms               D  onUnbind: Intent { act=com.google.android.gms.safebrowsing.SafeBrowsingService.START dat=chimera-action:/... cmp=com.google.android.gms/.chimera.GmsBoundBrokerService }
2026-04-28 10:20:31.826   748-2295  NativeSemDvfsManager    surfaceflinger                       D  acquire:: timeout = 2000 mIsAcquired = 1  mTagName : SurfaceFlinger 
2026-04-28 10:20:31.827   748-2295  NativeCust...ncyManager surfaceflinger                       E  [NativeCFMS] BpCustomFrequencyManager::acquire()
2026-04-28 10:20:31.827   686-719   HYPER-HAL               ven...amsung.hardware.hyper-service  I  [RequestManager.cpp]acquire(): Acquired ID : 1529626  [748 / 1000]    HINT : SF_GPU_MINLOCK    list : [TIMEOUT / 2000] 
2026-04-28 10:20:31.999  1038-1325  SemWifiTrafficPoller    system_server                        D  getSoftApTotalTrafficInBytes:292690542
2026-04-28 10:20:32.158  1038-1047  system_server           system_server                        I  Background young concurrent mark compact GC freed 16MB AllocSpace bytes, 0(0B) LOS objects, 12% free, 119MB/136MB, paused 5.877ms,22.433ms total 286.521ms
2026-04-28 10:20:32.161  1038-1049  System                  system_server                        W  A resource failed to call Surface.release. 
2026-04-28 10:20:32.224 19965-21678 MediaCodec              app_process                          E  Pending dequeue output buffer request cancelled
2026-04-28 10:20:32.224 19965-21678 CCodec                  app_process                          I  [c2.exynos.vp8.encoder] state->set(STOPPING)
2026-04-28 10:20:32.225 19965-21679 CCodec                  app_process                          I  [stop][3184] surface -> component
2026-04-28 10:20:32.226   697-21687 ExynosStreamPort        sam...hardware.media.c2@1.2-service  I  [stopPort] input : stream off
2026-04-28 10:20:32.227   697-21688 ExynosStreamPort        sam...hardware.media.c2@1.2-service  I  [stopPort] output : stream off
2026-04-28 10:20:32.228   697-21681 BufferPoolAccessor2.0   sam...hardware.media.c2@1.2-service  D  Destruction - bufferpool2 0xb400007e538f7028 cached: 0/0M, 0/0% in use; allocs: 13, 92% recycled; transfers: 0, 0% unfetched
2026-04-28 10:20:32.229 19965-21679 CCodec                  app_process                          I  [c2.exynos.vp8.encoder] state->set(ALLOCATED)
2026-04-28 10:20:32.230 19965-21678 CCodec                  app_process                          I  [c2.exynos.vp8.encoder] state->set(RELEASING)
2026-04-28 10:20:32.231 19965-21693 CCodec                  app_process                          I  [release][3319] surface -> component
2026-04-28 10:20:32.238   697-763   ExynosC2Vp8EncComponent sam...hardware.media.c2@1.2-service  I  [release] component is released
2026-04-28 10:20:32.238 19965-21693 CCodec                  app_process                          I  [c2.exynos.vp8.encoder] state->set(RELEASED)
2026-04-28 10:20:32.238 19965-21678 MediaCodec              app_process                          I  Codec shutdown complete
2026-04-28 10:20:32.239 19965-21679 BufferPoolAccessor2.0   app_process                          D  Destruction - bufferpool2 0xb400006f33c74a28 cached: 0/0M, 0/0% in use; allocs: 0, 0% recycled; transfers: 0, 0% unfetched
2026-04-28 10:20:32.239   834-10534 ResourceManagerService  mediaserver                          I  removeResourceInfo pid 19965, removed 51680 (width 152 height 340), remained hw codec count 0
2026-04-28 10:20:32.240  1038-1240  SemMediaResourceHelper  system_server                        I  onRemove
2026-04-28 10:20:32.240  3127-3127  SemMediaResourceHelper  com.sec.android.sdhms                I  onRemove
2026-04-28 10:20:32.242 19965-20016 CCodecBufferChannel     app_process                          I  CCodecBufferChannel destructing c2.exynos.vp8.encoder#565
2026-04-28 10:20:32.242 19965-20016 Codec2Client            app_process                          I  Component destructing
2026-04-28 10:20:32.242 19965-20016 hw-BpHwBinder           app_process                          I  onLastStrongRef automatically unlinking death recipients
2026-04-28 10:20:32.242   697-763   hw-BpHwBinder           sam...hardware.media.c2@1.2-service  I  onLastStrongRef automatically unlinking death recipients
2026-04-28 10:20:32.242   697-763   hw-BpHwBinder           sam...hardware.media.c2@1.2-service  I  onLastStrongRef automatically unlinking death recipients
2026-04-28 10:20:32.244  1038-3271  VirtualDisplayAdapter   system_server                        V  Update surface for VirtualDisplay studio.screen.sharing:0
2026-04-28 10:20:32.245  1038-1062  DisplayDeviceRepository system_server                        I  Display device changed: DisplayDeviceInfo{"studio.screen.sharing:0": uniqueId="virtual:com.android.shell,2000,studio.screen.sharing:0,25", 152 x 340, modeId 34, renderFrameRate 60.0, defaultModeId 34, userPreferredModeId -1, supportedModes [{id=34, width=152, height=340, fps=60.0, vsync=60.0, synthetic=false, alternativeRefreshRates=[], supportedHdrTypes=[]}], colorMode 0, supportedColorModes [0], hdrCapabilities null, allmSupported false, gameContentTypeSupported false, density 450, 450.0 x 450.0 dpi, appVsyncOff 0, presDeadline 16666666, touch NONE, rotation 0, type VIRTUAL, deviceProductInfo null, state ON, committedState UNKNOWN, owner com.android.shell (uid 2000), frameRateOverride , brightnessMinimum 0.0, brightnessMaximum 0.0, brightnessDefault 0.0, hdrSdrRatio NaN, FLAG_PRIVATE, installOrientation 0, displayShape DisplayShape{ spec=-1791106117 displayWidth=152 displayHeight=340 physicalPixelDisplaySizeRatio=1.0 rotation=0 offsetX=0 offsetY=0 scale=1.0}}
2026-04-28 10:20:32.245  1038-1062  WindowManager           system_server                        V  Content Recording: Provided surface for recording on display 31 is not present, so do not update the surface
2026-04-28 10:20:32.246  1038-1062  DisplayDeviceRepository system_server                        I  Display device changed state: "studio.screen.sharing:0", OFF
2026-04-28 10:20:32.248  1038-3271  VirtualDisplayAdapter   system_server                        V  Release VirtualDisplay studio.screen.sharing:0
2026-04-28 10:20:32.249   748-930   SurfaceFlinger          surfaceflinger                       I  destroyVirtualDisplay:name(studio.screen.sharing:0) token(0xb400007af6dbdc20) 
2026-04-28 10:20:32.249  1038-3271  DisplayManagerService   system_server                        D  Virtual Display: Display Device released
2026-04-28 10:20:32.250  1038-3271  DisplayDeviceRepository system_server                        I  Display device removed: DisplayDeviceInfo{"studio.screen.sharing:0": uniqueId="virtual:com.android.shell,2000,studio.screen.sharing:0,25", 152 x 340, modeId 34, renderFrameRate 60.0, defaultModeId 34, userPreferredModeId -1, supportedModes [{id=34, width=152, height=340, fps=60.0, vsync=60.0, synthetic=false, alternativeRefreshRates=[], supportedHdrTypes=[]}], colorMode 0, supportedColorModes [0], hdrCapabilities null, allmSupported false, gameContentTypeSupported false, density 450, 450.0 x 450.0 dpi, appVsyncOff 0, presDeadline 16666666, touch NONE, rotation 0, type VIRTUAL, deviceProductInfo null, state OFF, committedState UNKNOWN, owner com.android.shell (uid 2000), frameRateOverride , brightnessMinimum 0.0, brightnessMaximum 0.0, brightnessDefault 0.0, hdrSdrRatio NaN, FLAG_PRIVATE, installOrientation 0, displayShape DisplayShape{ spec=-1791106117 displayWidth=152 displayHeight=340 physicalPixelDisplaySizeRatio=1.0 rotation=0 offsetX=0 offsetY=0 scale=1.0}}
2026-04-28 10:20:32.250  1038-1038  SGM:GameManager         system_server                        D  onDisplayChanged. displyId: 31, state: 1
2026-04-28 10:20:32.252  1038-3271  LogicalDisplayMapper    system_server                        D  Removing display #31 from group #0
2026-04-28 10:20:32.258   673-673   display                 and...graphics.composer@2.2-service  I  setColorTransform:: 0, 0
2026-04-28 10:20:32.258  1038-1060  WindowManager           system_server                        V  Content Recording: Display 31 state was (2), is now (2), so update recording?
2026-04-28 10:20:32.259  1038-3294  DisplayManagerService   system_server                        D  Virtual Display: creating DisplayDevice with VirtualDisplayAdapter
2026-04-28 10:20:32.260   748-930   SurfaceFlinger          surfaceflinger                       I  createVirtualDisplay:name(studio.screen.sharing:0) token(0xb400007af6db04c0) 
2026-04-28 10:20:32.262  1038-3294  DisplayDeviceRepository system_server                        I  Display device added: DisplayDeviceInfo{"studio.screen.sharing:0": uniqueId="virtual:com.android.shell,2000,studio.screen.sharing:0,26", 1080 x 2408, modeId 35, renderFrameRate 60.0, defaultModeId 35, userPreferredModeId -1, supportedModes [{id=35, width=1080, height=2408, fps=60.0, vsync=60.0, synthetic=false, alternativeRefreshRates=[], supportedHdrTypes=[]}], colorMode 0, supportedColorModes [0], hdrCapabilities null, allmSupported false, gameContentTypeSupported false, density 1, 1.0 x 1.0 dpi, appVsyncOff 0, presDeadline 16666666, touch NONE, rotation 0, type VIRTUAL, deviceProductInfo null, state OFF, committedState UNKNOWN, owner com.android.shell (uid 2000), frameRateOverride , brightnessMinimum 0.0, brightnessMaximum 0.0, brightnessDefault 0.0, hdrSdrRatio NaN, FLAG_PRIVATE, installOrientation 0, displayShape DisplayShape{ spec=910408817 displayWidth=1080 displayHeight=2408 physicalPixelDisplaySizeRatio=1.0 rotation=0 offsetX=0 offsetY=0 scale=1.0}}
2026-04-28 10:20:32.264  1038-3294  LogicalDisplayMapper    system_server                        I  Applying layout: [{dispId: 0(ON), displayGroupName: , addr: {port=0}, mThermalBrightnessThrottlingMapId: null, mRefreshRateZoneId: null, mLeadDisplayId: -1, mLeadDisplayAddress: null, mThermalRefreshRateThrottlingMapId: null, mPowerThrottlingMapId: null}], Previous layout: [{dispId: 0(ON), displayGroupName: , addr: {port=0}, mThermalBrightnessThrottlingMapId: null, mRefreshRateZoneId: null, mLeadDisplayId: -1, mLeadDisplayAddress: null, mThermalRefreshRateThrottlingMapId: null, mPowerThrottlingMapId: null}]
2026-04-28 10:20:32.264  1038-3294  LogicalDisplayMapper    system_server                        I  Setting new display group 0 for display 32, from previous group: null
2026-04-28 10:20:32.269  1038-3294  BrightnessThrottler     system_server                        W  DeviceConfig ThermalBrightnessThrottlingData is null
2026-04-28 10:20:32.270  1038-3294  DisplayPow...oller2[32] system_server                        D  saveBrightnessInfo: brt:0.0 adjBrt:0.0 min:1.0 max:1.0 hbm:0 tp:Infinity throttler:0 isAnimating:false
2026-04-28 10:20:32.271  1038-3294  DisplayPow...oller2[32] system_server                        W  Screen brightness nits configuration is unavailable; falling back
2026-04-28 10:20:32.271  1038-3294  Brightness...ngStrategy system_server                        D  x: null y: null
2026-04-28 10:20:32.271  1038-3294  Brightness...ngStrategy system_server                        D  x: null y: null
2026-04-28 10:20:32.271  1038-3294  Brightness...ngStrategy system_server                        D  x: null y: null
2026-04-28 10:20:32.271  1038-3294  Brightness...ngStrategy system_server                        D  x: null y: null
2026-04-28 10:20:32.271  1038-3294  DisplayPow...oller2[32] system_server                        D  Create new DPC instance, mDisplayId=32 AutomaticBrightnessController=null defaultModeBrightnessMapper=null
2026-04-28 10:20:32.273  1038-1060  DisplayDevice           system_server                        D  setProjectionLocked, orientation=0, layerStackRect=Rect(0, 0 - 1080, 2408), displayRect=Rect(0, 0 - 1080, 2408) for virtual:com.android.shell,2000,studio.screen.sharing:0,26
2026-04-28 10:20:32.274  1038-1068  ColorFade               system_server                        D  ColorFade destroyEglContext destorySurface DisplayID : 31
2026-04-28 10:20:32.274  1038-1110  HighBright...Controller system_server                        I  mSupportHdrSolution: false
2026-04-28 10:20:32.275  1038-1060  WindowManager           system_server                        V  Display removed displayId=31
2026-04-28 10:20:32.275  1038-2114  VirtualDisplayAdapter   system_server                        V  Release VirtualDisplay studio.screen.sharing:0
2026-04-28 10:20:32.276   748-930   SurfaceFlinger          surfaceflinger                       I  destroyVirtualDisplay:name(studio.screen.sharing:0) token(0xb400007af6db04c0) 
2026-04-28 10:20:32.276  1038-1063  SurfaceComposerClient   system_server                        I  apply DisplayState::eDisplayProjectionChanged(index:0) orientation(0) layerStackSpaceRect(1080x2408) orientedDisplaySpaceRect(1080x2408)
2026-04-28 10:20:32.277  1038-1059  Brightness...malClamper system_server                        D  New thermal throttling status = 3
2026-04-28 10:20:32.277  1038-2114  DisplayManagerService   system_server                        D  Virtual Display: Display Device released
2026-04-28 10:20:32.278  1038-2114  DisplayDeviceRepository system_server                        I  Display device removed: DisplayDeviceInfo{"studio.screen.sharing:0": uniqueId="virtual:com.android.shell,2000,studio.screen.sharing:0,26", 1080 x 2408, modeId 35, renderFrameRate 60.0, defaultModeId 35, userPreferredModeId -1, supportedModes [{id=35, width=1080, height=2408, fps=60.0, vsync=60.0, synthetic=false, alternativeRefreshRates=[], supportedHdrTypes=[]}], colorMode 0, supportedColorModes [0], hdrCapabilities null, allmSupported false, gameContentTypeSupported false, density 1, 1.0 x 1.0 dpi, appVsyncOff 0, presDeadline 16666666, touch NONE, rotation 0, type VIRTUAL, deviceProductInfo null, state OFF, committedState UNKNOWN, owner com.android.shell (uid 2000), frameRateOverride , brightnessMinimum 0.0, brightnessMaximum 0.0, brightnessDefault 0.0, hdrSdrRatio NaN, FLAG_PRIVATE, installOrientation 0, displayShape DisplayShape{ spec=910408817 displayWidth=1080 displayHeight=2408 physicalPixelDisplaySizeRatio=1.0 rotation=0 offsetX=0 offsetY=0 scale=1.0}}
2026-04-28 10:20:32.278  1038-1062  DisplayManagerService   system_server                        D  Delivering display group event: groupId=0, event=2
2026-04-28 10:20:32.278  1038-1062  PowerManagerService     system_server                        D  onDisplayGroupChanged: groupId=0
2026-04-28 10:20:32.278  1038-1060  WindowManager           system_server                        D  onDisplayRemoved, displayId=31
2026-04-28 10:20:32.280  1038-2114  LogicalDisplayMapper    system_server                        D  Removing display #32 from group #0
2026-04-28 10:20:32.282  1038-1060  InputTransport          system_server                        D  Input channel destroyed: 'Pointer', fd=1023
2026-04-28 10:20:32.282  1038-1187  InputTransport          system_server                        D  Input channel destroyed: 'Pointer', fd=779
2026-04-28 10:20:32.283   748-779   SurfaceFlinger          surfaceflinger                       I  id=187245 Removed Display Overlays#187245 (170)
2026-04-28 10:20:32.283   748-931   SurfaceFlinger          surfaceflinger                       I  id=187246 Removed Input Overlays#187246 (170)
2026-04-28 10:20:32.284   748-931   SurfaceFlinger          surfaceflinger                       I  id=187247 Removed Accessibility Overlays#187247 (170)
2026-04-28 10:20:32.285  1038-1060  WindowManager           system_server                        I  release() >> KnoxZT mIsKnoxZtStarted is false for Display Id : 31
2026-04-28 10:20:32.286   748-748   SurfaceFlinger          surfaceflinger                       I  destroyed Display Overlays#187245
2026-04-28 10:20:32.286   748-748   SurfaceFlinger          surfaceflinger                       I  [LayerHierarchy{RequestedLayerState{Leaf:0:1#187237} no children}] reparent to OffscreenRoot
2026-04-28 10:20:32.287   748-748   SurfaceFlinger          surfaceflinger                       I  [LayerHierarchy{RequestedLayerState{Leaf:0:1#187237} no children}] RelativeParent to null
2026-04-28 10:20:32.287   748-748   SurfaceFlinger          surfaceflinger                       I  [LayerHierarchy{RequestedLayerState{WindowingLayer:0:36#187236} 4 children}] reparent to OffscreenRoot
2026-04-28 10:20:32.287   748-748   SurfaceFlinger          surfaceflinger                       I  [LayerHierarchy{RequestedLayerState{WindowingLayer:0:36#187236} 4 children}] RelativeParent to null
